Component: Arm Compiler for Embedded 6.19 Tool: armlink [5e73cb00]

==============================================================================

Section Cross References

    main.o(.text.getString) refers to usart.o(.text.UART_GetChar) for UART_GetChar
    main.o(.text.getString) refers to main.o(.bss.input_buff) for input_buff
    main.o(.ARM.exidx.text.getString) refers to main.o(.text.getString) for [Anonymous Symbol]
    main.o(.text.USART2_IRQHandler) refers to main.o(.text.getString) for getString
    main.o(.ARM.exidx.text.USART2_IRQHandler) refers to main.o(.text.USART2_IRQHandler) for [Anonymous Symbol]
    main.o(.text.I2C1_EV_IRQHandler) refers to main.o(.text.__NVIC_DisableIRQ) for __NVIC_DisableIRQ
    main.o(.text.I2C1_EV_IRQHandler) refers to main.o(.bss.rcv_ptr) for rcv_ptr
    main.o(.text.I2C1_EV_IRQHandler) refers to i2c.o(.text.I2C1_ReceiveSlave) for I2C1_ReceiveSlave
    main.o(.text.I2C1_EV_IRQHandler) refers to main.o(.bss.rcv_str) for rcv_str
    main.o(.text.I2C1_EV_IRQHandler) refers to strlen.o(.text) for strlen
    main.o(.text.I2C1_EV_IRQHandler) refers to main.o(.bss.input_buff) for input_buff
    main.o(.text.I2C1_EV_IRQHandler) refers to strcpy.o(.text) for strcpy
    main.o(.text.I2C1_EV_IRQHandler) refers to main.o(.rodata.str1.1) for .L.str
    main.o(.text.I2C1_EV_IRQHandler) refers to usart.o(.text.sendString) for sendString
    main.o(.text.I2C1_EV_IRQHandler) refers to main.o(.text.__NVIC_EnableIRQ) for __NVIC_EnableIRQ
    main.o(.ARM.exidx.text.I2C1_EV_IRQHandler) refers to main.o(.text.I2C1_EV_IRQHandler) for [Anonymous Symbol]
    main.o(.ARM.exidx.text.__NVIC_DisableIRQ) refers to main.o(.text.__NVIC_DisableIRQ) for [Anonymous Symbol]
    main.o(.ARM.exidx.text.__NVIC_EnableIRQ) refers to main.o(.text.__NVIC_EnableIRQ) for [Anonymous Symbol]
    main.o(.text.inf_read_loop) refers to main.o(.rodata.str1.1) for .L.str.3
    main.o(.text.inf_read_loop) refers to usart.o(.text.sendString) for sendString
    main.o(.text.inf_read_loop) refers to main.o(.bss.input_buff) for input_buff
    main.o(.text.inf_read_loop) refers to strcpy.o(.text) for strcpy
    main.o(.text.inf_read_loop) refers to gpio.o(.text.GPIO_WritePin) for GPIO_WritePin
    main.o(.text.inf_read_loop) refers to sys_init.o(.text.ms_delay) for ms_delay
    main.o(.ARM.exidx.text.inf_read_loop) refers to main.o(.text.inf_read_loop) for [Anonymous Symbol]
    main.o(.text.main) refers to gpio.o(.text.GPIO_Init) for GPIO_Init
    main.o(.text.main) refers to clock.o(.text.initClock) for initClock
    main.o(.text.main) refers to sys_init.o(.text.sysInit) for sysInit
    main.o(.text.main) refers to usart.o(.text.UART2_Config) for UART2_Config
    main.o(.text.main) refers to i2c.o(.text.I2C1_Config) for I2C1_Config
    main.o(.text.main) refers to main.o(.bss.input_buff) for input_buff
    main.o(.text.main) refers to main.o(.rodata.str1.1) for .L.str.2
    main.o(.text.main) refers to strcpy.o(.text) for strcpy
    main.o(.text.main) refers to usart.o(.text.sendString) for sendString
    main.o(.text.main) refers to main.o(.text.inf_read_loop) for inf_read_loop
    main.o(.text.main) refers to strlen.o(.text) for strlen
    main.o(.text.main) refers to i2c.o(.text.I2C1_TransmitMaster) for I2C1_TransmitMaster
    main.o(.ARM.exidx.text.main) refers to main.o(.text.main) for [Anonymous Symbol]
    clock.o(.ARM.exidx.text.initClock) refers to clock.o(.text.initClock) for [Anonymous Symbol]
    gpio.o(.ARM.exidx.text.GPIO_WritePin) refers to gpio.o(.text.GPIO_WritePin) for [Anonymous Symbol]
    gpio.o(.ARM.exidx.text.GPIO_Init) refers to gpio.o(.text.GPIO_Init) for [Anonymous Symbol]
    sys_init.o(.text.SysTick_Handler) refers to sys_init.o(.bss.msTicks) for msTicks
    sys_init.o(.ARM.exidx.text.SysTick_Handler) refers to sys_init.o(.text.SysTick_Handler) for [Anonymous Symbol]
    sys_init.o(.text.sysInit) refers to sys_init.o(.text.SysTick_Config) for SysTick_Config
    sys_init.o(.ARM.exidx.text.sysInit) refers to sys_init.o(.text.sysInit) for [Anonymous Symbol]
    sys_init.o(.text.SysTick_Config) refers to sys_init.o(.text.__NVIC_SetPriority) for __NVIC_SetPriority
    sys_init.o(.ARM.exidx.text.SysTick_Config) refers to sys_init.o(.text.SysTick_Config) for [Anonymous Symbol]
    sys_init.o(.text.getmsTick) refers to sys_init.o(.bss.msTicks) for msTicks
    sys_init.o(.ARM.exidx.text.getmsTick) refers to sys_init.o(.text.getmsTick) for [Anonymous Symbol]
    sys_init.o(.text.ms_delay) refers to sys_init.o(.bss.msTicks) for msTicks
    sys_init.o(.ARM.exidx.text.ms_delay) refers to sys_init.o(.text.ms_delay) for [Anonymous Symbol]
    sys_init.o(.ARM.exidx.text.__NVIC_SetPriority) refers to sys_init.o(.text.__NVIC_SetPriority) for [Anonymous Symbol]
    usart.o(.text._USART_WRITE) refers to usart.o(.text.UART_SendChar) for UART_SendChar
    usart.o(.ARM.exidx.text._USART_WRITE) refers to usart.o(.text._USART_WRITE) for [Anonymous Symbol]
[...]
    i2c.o(.text.I2C1_TransmitMaster) refers to i2c.o(.text.I2C1_Address) for I2C1_Address
    i2c.o(.text.I2C1_TransmitMaster) refers to i2c.o(.text.I2C1_Write) for I2C1_Write
    i2c.o(.text.I2C1_TransmitMaster) refers to i2c.o(.text.I2C1_Stop) for I2C1_Stop
    i2c.o(.ARM.exidx.text.I2C1_TransmitMaster) refers to i2c.o(.text.I2C1_TransmitMaster) for [Anonymous Symbol]
    i2c.o(.text.I2C1_ReceiveSlave) refers to h1_alloc.o(.text) for malloc
    i2c.o(.ARM.exidx.text.I2C1_ReceiveSlave) refers to i2c.o(.text.I2C1_ReceiveSlave) for [Anonymous Symbol]
    startup_stm32f446xx.o(STACK) refers (Special) to heapauxi.o(.text) for __use_two_region_memory
    startup_stm32f446xx.o(HEAP) refers (Special) to heapauxi.o(.text) for __use_two_region_memory
    startup_stm32f446xx.o(RESET) refers (Special) to heapauxi.o(.text) for __use_two_region_memory
    startup_stm32f446xx.o(RESET) refers to startup_stm32f446xx.o(STACK) for __initial_sp
    startup_stm32f446xx.o(RESET) refers to startup_stm32f446xx.o(.text) for Reset_Handler
    startup_stm32f446xx.o(RESET) refers to sys_init.o(.text.SysTick_Handler) for SysTick_Handler
    startup_stm32f446xx.o(RESET) refers to main.o(.text.I2C1_EV_IRQHandler) for I2C1_EV_IRQHandler
    startup_stm32f446xx.o(RESET) refers to main.o(.text.USART2_IRQHandler) for USART2_IRQHandler
    startup_stm32f446xx.o(.text) refers (Special) to heapauxi.o(.text) for __use_two_region_memory
    startup_stm32f446xx.o(.text) refers to system_stm32f4xx.o(.text.SystemInit) for SystemInit
    startup_stm32f446xx.o(.text) refers to __main.o(!!!main) for __main
    startup_stm32f446xx.o(.text) refers to startup_stm32f446xx.o(HEAP) for Heap_Mem
    startup_stm32f446xx.o(.text) refers to startup_stm32f446xx.o(STACK) for Stack_Mem
    system_stm32f4xx.o(.ARM.exidx.text.SystemInit) refers to system_stm32f4xx.o(.text.SystemInit) for [Anonymous Symbol]
    system_stm32f4xx.o(.text.SystemCoreClockUpdate) refers to system_stm32f4xx.o(.data.SystemCoreClock) for SystemCoreClock
    system_stm32f4xx.o(.text.SystemCoreClockUpdate) refers to system_stm32f4xx.o(.rodata.AHBPrescTable) for AHBPrescTable
    system_stm32f4xx.o(.ARM.exidx.text.SystemCoreClockUpdate) refers to system_stm32f4xx.o(.text.SystemCoreClockUpdate) for [Anonymous Symbol]
    malloc.o(.text) refers (Special) to hguard.o(.text) for __heap$guard
    malloc.o(.text) refers (Special) to init_alloc.o(.text) for _init_alloc
    malloc.o(.text) refers to rt_heap_descriptor_intlibspace.o(.text) for __rt_heap_descriptor
    malloc.o(.text) refers to heapstubs.o(.text) for __Heap_Alloc
    h1_alloc.o(.text) refers (Special) to h1_init.o(.text) for __Heap_Initialize
    h1_alloc.o(.text) refers to rt_heap_descriptor_intlibspace.o(.text) for __rt_heap_descriptor
    h1_alloc.o(.text) refers to init_alloc.o(.text) for __Heap_Full
    h1_alloc_threads.o(.text) refers (Special) to h1_init.o(.text) for __Heap_Initialize
    h1_alloc_threads.o(.text) refers to init_alloc.o(.text) for __Heap_Full
    h1_alloc_threads.o(.text) refers to rt_heap_descriptor_intlibspace.o(.text) for __rt_heap_descriptor
    heap2.o(i._FDIterate) refers to heap2.o(.conststring) for .conststring
    heap2.o(i.__Heap_ProvideMemory$realtime) refers to fdtree.o(i._FDTree_Delete) for _FDTree_Delete
    heap2.o(i.__Heap_ProvideMemory$realtime) refers to fdtree.o(i._FDTree_Insert) for _FDTree_Insert
    heap2.o(i.__Heap_Stats$realtime) refers to heap2.o(i._Heap2_StatsIterate) for _Heap2_StatsIterate
    heap2.o(i.__Heap_Valid$realtime) refers to heap2.o(i._FDIterate) for _FDIterate
    heap2.o(i.__Heap_Valid$realtime) refers to heap2.o(.conststring) for .conststring
    heap2.o(i.free$realtime) refers to rt_heap_descriptor_intlibspace.o(.text) for __rt_heap_descriptor
    heap2.o(i.free$realtime) refers to fdtree.o(i._FDTree_Delete) for _FDTree_Delete
    heap2.o(i.free$realtime) refers to fdtree.o(i._FDTree_Insert) for _FDTree_Insert
    heap2.o(i.malloc$realtime) refers to rt_heap_descriptor_intlibspace.o(.text) for __rt_heap_descriptor
    heap2.o(i.malloc$realtime) refers to fdtree.o(i._FDTree_FindFirst) for _FDTree_FindFirst
    heap2.o(i.malloc$realtime) refers to init_alloc.o(.text) for __Heap_Full
    heap2.o(i.malloc$realtime) refers to fdtree.o(i._FDTree_RemoveNode) for _FDTree_RemoveNode
    heap2.o(i.malloc$realtime) refers to fdtree.o(i._FDTree_Insert) for _FDTree_Insert
    heap2.o(i.posix_memalign$realtime) refers to rt_heap_descriptor_intlibspace.o(.text) for __rt_heap_descriptor
    heap2.o(i.posix_memalign$realtime) refers to fdtree.o(i._FDTree_FindFirst) for _FDTree_FindFirst
    heap2.o(i.posix_memalign$realtime) refers to init_alloc.o(.text) for __Heap_Full
    heap2.o(i.posix_memalign$realtime) refers to fdtree.o(i._FDTree_RemoveNode) for _FDTree_RemoveNode
    heap2.o(i.posix_memalign$realtime) refers to fdtree.o(i._FDTree_Insert) for _FDTree_Insert
    heap2.o(i.realloc$realtime) refers to rt_heap_descriptor_intlibspace.o(.text) for __rt_heap_descriptor
    heap2.o(i.realloc$realtime) refers to fdtree.o(i._FDTree_Insert) for _FDTree_Insert
    heap2.o(i.realloc$realtime) refers to h1_free.o(.text) for free
    heap2.o(i.realloc$realtime) refers to h1_alloc.o(.text) for malloc
    heap2.o(i.realloc$realtime) refers to fdtree.o(i._FDTree_Delete) for _FDTree_Delete
    heap2.o(i.realloc$realtime) refers to rt_memcpy_w.o(.text) for __aeabi_memcpy4
    heap2_threads.o(i._FDIterate) refers to heap2_threads.o(.conststring) for .conststring
    heap2_threads.o(i.__Heap_Initialize$realtime$concurrent) refers to mutex_dummy.o(.text) for _mutex_initialize
    heap2_threads.o(i.__Heap_ProvideMemory$realtime$concurrent) refers to fdtree.o(i._FDTree_Delete) for _FDTree_Delete
    heap2_threads.o(i.__Heap_ProvideMemory$realtime$concurrent) refers to fdtree.o(i._FDTree_Insert) for _FDTree_Insert
    heap2_threads.o(i.__Heap_Stats$realtime$concurrent) refers to heap2_threads.o(i._Heap2_StatsIterate) for _Heap2_StatsIterate
    heap2_threads.o(i.__Heap_Valid$realtime$concurrent) refers to heap2_threads.o(i._FDIterate) for _FDIterate
    heap2_threads.o(i.__Heap_Valid$realtime$concurrent) refers to heap2_threads.o(.conststring) for .conststring
    heap2_threads.o(i.free$realtime$concurrent) refers to rt_heap_descriptor_intlibspace.o(.text) for __rt_heap_descriptor
    heap2_threads.o(i.free$realtime$concurrent) refers to fdtree.o(i._FDTree_Delete) for _FDTree_Delete
    heap2_threads.o(i.free$realtime$concurrent) refers to fdtree.o(i._FDTree_Insert) for _FDTree_Insert
    heap2_threads.o(i.malloc$realtime$concurrent) refers to rt_heap_descriptor_intlibspace.o(.text) for __rt_heap_descriptor
    heap2_threads.o(i.malloc$realtime$concurrent) refers to fdtree.o(i._FDTree_FindFirst) for _FDTree_FindFirst
    heap2_threads.o(i.malloc$realtime$concurrent) refers to init_alloc.o(.text) for __Heap_Full
    heap2_threads.o(i.malloc$realtime$concurrent) refers to fdtree.o(i._FDTree_RemoveNode) for _FDTree_RemoveNode
    heap2_threads.o(i.malloc$realtime$concurrent) refers to fdtree.o(i._FDTree_Insert) for _FDTree_Insert
    heap2_threads.o(i.posix_memalign$realtime$concurrent) refers to rt_heap_descriptor_intlibspace.o(.text) for __rt_heap_descriptor
    heap2_threads.o(i.posix_memalign$realtime$concurrent) refers to fdtree.o(i._FDTree_FindFirst) for _FDTree_FindFirst
    heap2_threads.o(i.posix_memalign$realtime$concurrent) refers to init_alloc.o(.text) for __Heap_Full
    heap2_threads.o(i.posix_memalign$realtime$concurrent) refers to fdtree.o(i._FDTree_RemoveNode) for _FDTree_RemoveNode
    heap2_threads.o(i.posix_memalign$realtime$concurrent) refers to fdtree.o(i._FDTree_Insert) for _FDTree_Insert
    heap2_threads.o(i.realloc$realtime$concurrent) refers to rt_heap_descriptor_intlibspace.o(.text) for __rt_heap_descriptor
    heap2_threads.o(i.realloc$realtime$concurrent) refers to fdtree.o(i._FDTree_Insert) for _FDTree_Insert
    heap2_threads.o(i.realloc$realtime$concurrent) refers to h1_free.o(.text) for free
    heap2_threads.o(i.realloc$realtime$concurrent) refers to h1_alloc.o(.text) for malloc
    heap2_threads.o(i.realloc$realtime$concurrent) refers to fdtree.o(i._FDTree_Delete) for _FDTree_Delete
    heap2_threads.o(i.realloc$realtime$concurrent) refers to rt_memcpy_w.o(.text) for __aeabi_memcpy4
    __main.o(!!!main) refers to __rtentry.o(.ARM.Collect$$rtentry$$00000000) for __rt_entry
    __rtentry.o(.ARM.Collect$$rtentry$$00000000) refers (Special) to __rtentry2.o(.ARM.Collect$$rtentry$$0000000A) for __rt_entry_li
    __rtentry.o(.ARM.Collect$$rtentry$$00000000) refers (Special) to __rtentry2.o(.ARM.Collect$$rtentry$$0000000D) for __rt_entry_main
    __rtentry.o(.ARM.Collect$$rtentry$$00000000) refers (Special) to __rtentry2.o(.ARM.Collect$$rtentry$$0000000C) for __rt_entry_postli_1
    __rtentry.o(.ARM.Collect$$rtentry$$00000000) refers (Special) to __rtentry2.o(.ARM.Collect$$rtentry$$00000009) for __rt_entry_postsh_1
    __rtentry.o(.ARM.Collect$$rtentry$$00000000) refers (Special) to __rtentry2.o(.ARM.Collect$$rtentry$$00000002) for __rt_entry_presh_1
    __rtentry.o(.ARM.Collect$$rtentry$$00000000) refers (Special) to __rtentry4.o(.ARM.Collect$$rtentry$$00000004) for __rt_entry_sh
    rt_heap_descriptor.o(.text) refers to rt_heap_descriptor.o(.bss) for __rt_heap_descriptor_data
    rt_heap_descriptor_intlibspace.o(.text) refers to libspace.o(.bss) for __libspace_start
    init_alloc.o(.text) refers (Special) to hguard.o(.text) for __heap$guard
    init_alloc.o(.text) refers (Special) to libinit2.o(.ARM.Collect$$libinit$$00000007) for __rt_lib_init_heap_2
    init_alloc.o(.text) refers (Special) to maybetermalloc1.o(.text) for _maybe_terminate_alloc
    init_alloc.o(.text) refers to h1_extend.o(.text) for __Heap_ProvideMemory
    init_alloc.o(.text) refers to defsig_rtmem_outer.o(.text) for __rt_SIGRTMEM
    init_alloc.o(.text) refers to rt_heap_descriptor_intlibspace.o(.text) for __rt_heap_descriptor
    init_alloc.o(.text) refers to h1_init.o(.text) for __Heap_Initialize
    free.o(.text) refers (Special) to hguard.o(.text) for __heap$guard
    free.o(.text) refers to rt_heap_descriptor_intlibspace.o(.text) for __rt_heap_descriptor
    free.o(.text) refers to heapstubs.o(.text) for __Heap_Free
    h1_free.o(.text) refers to rt_heap_descriptor_intlibspace.o(.text) for __rt_heap_descriptor
    h1_init_threads.o(.text) refers to mutex_dummy.o(.text) for _mutex_initialize
    h1_free_threads.o(.text) refers to rt_heap_descriptor_intlibspace.o(.text) for __rt_heap_descriptor
    _get_argv.o(.text) refers (Special) to hrguard.o(.text) for __heap_region$guard
    _get_argv.o(.text) refers to h1_alloc.o(.text) for malloc
    _get_argv.o(.text) refers to defsig_rtmem_outer.o(.text) for __rt_SIGRTMEM
    _get_argv.o(.text) refers to sys_command.o(.text) for _sys_command_string
    libinit2.o(.ARM.Collect$$libinit$$00000001) refers to fpinit.o(x$fpl$fpinit) for _fp_init
    libinit2.o(.ARM.Collect$$libinit$$00000007) refers (Weak) to init_alloc.o(.text) for _init_alloc
    libinit2.o(.ARM.Collect$$libinit$$00000012) refers to libinit2.o(.ARM.Collect$$libinit$$00000011) for .ARM.Collect$$libinit$$00000011
    libinit2.o(.ARM.Collect$$libinit$$00000014) refers to libinit2.o(.ARM.Collect$$libinit$$00000011) for .ARM.Collect$$libinit$$00000011
    libinit2.o(.ARM.Collect$$libinit$$00000016) refers to libinit2.o(.ARM.Collect$$libinit$$00000011) for .ARM.Collect$$libinit$$00000011
    libinit2.o(.ARM.Collect$$libinit$$00000018) refers to libinit2.o(.ARM.Collect$$libinit$$00000011) for .ARM.Collect$$libinit$$00000011
    libinit2.o(.ARM.Collect$$libinit$$0000001A) refers to libinit2.o(.ARM.Collect$$libinit$$00000011) for .ARM.Collect$$libinit$$00000011
    libinit2.o(.ARM.Collect$$libinit$$00000028) refers to argv_veneer.o(.emb_text) for __ARM_argv_veneer
    libinit2.o(.ARM.Collect$$libinit$$00000029) refers to argv_veneer.o(.emb_text) for __ARM_argv_veneer
    sys_command.o(.text) refers (Special) to use_no_semi.o(.text) for __I$use$semihosting
    sys_command.o(.text) refers (Special) to indicate_semi.o(.text) for __semihosting_library_function
    sys_command_hlt.o(.text) refers (Special) to use_no_semi.o(.text) for __I$use$semihosting
    sys_command_hlt.o(.text) refers (Special) to indicate_semi.o(.text) for __semihosting_library_function
    libspace.o(.text) refers to libspace.o(.bss) for __libspace_start
    __rtentry2.o(.ARM.Collect$$rtentry$$00000008) refers to boardinit2.o(.text) for _platform_post_stackheap_init
    __rtentry2.o(.ARM.Collect$$rtentry$$0000000A) refers to libinit.o(.ARM.Collect$$libinit$$00000000) for __rt_lib_init
    __rtentry2.o(.ARM.Collect$$rtentry$$0000000B) refers to boardinit3.o(.text) for _platform_post_lib_init
    __rtentry2.o(.ARM.Collect$$rtentry$$0000000D) refers to main.o(.text.main) for main
    __rtentry2.o(.ARM.Collect$$rtentry$$0000000D) refers to exit.o(.text) for exit
    __rtentry2.o(.ARM.exidx) refers to __rtentry2.o(.ARM.Collect$$rtentry$$00000001) for .ARM.Collect$$rtentry$$00000001
    __rtentry2.o(.ARM.exidx) refers to __rtentry2.o(.ARM.Collect$$rtentry$$00000008) for .ARM.Collect$$rtentry$$00000008
    __rtentry2.o(.ARM.exidx) refers to __rtentry2.o(.ARM.Collect$$rtentry$$0000000A) for .ARM.Collect$$rtentry$$0000000A
    __rtentry2.o(.ARM.exidx) refers to __rtentry2.o(.ARM.Collect$$rtentry$$0000000B) for .ARM.Collect$$rtentry$$0000000B
    __rtentry2.o(.ARM.exidx) refers to __rtentry2.o(.ARM.Collect$$rtentry$$0000000D) for .ARM.Collect$$rtentry$$0000000D
    __rtentry4.o(.ARM.Collect$$rtentry$$00000004) refers to sys_stackheap_outer.o(.text) for __user_setup_stackheap
    __rtentry4.o(.ARM.exidx) refers to __rtentry4.o(.ARM.Collect$$rtentry$$00000004) for .ARM.Collect$$rtentry$$00000004
    maybetermalloc2.o(.text) refers (Special) to term_alloc.o(.text) for _terminate_alloc
    h1_extend.o(.text) refers to h1_free.o(.text) for free
    h1_extend_threads.o(.text) refers to h1_free_threads.o(.text) for free_internal$concurrent
    defsig_rtmem_outer.o(.text) refers to defsig_rtmem_inner.o(.text) for __rt_SIGRTMEM_inner
    defsig_rtmem_outer.o(.text) refers to defsig_exit.o(.text) for __sig_exit
    defsig_rtmem_formal.o(.text) refers to rt_raise.o(.text) for __rt_raise
    heapauxa.o(.text) refers to heapauxa.o(.data) for .data
    argv_veneer.o(.emb_text) refers to no_argv.o(.text) for __ARM_get_argv
    sys_stackheap_outer.o(.text) refers to libspace.o(.text) for __user_perproc_libspace
    sys_stackheap_outer.o(.text) refers to startup_stm32f446xx.o(.text) for __user_initial_stackheap
    rt_raise.o(.text) refers to __raise.o(.text) for __raise
    rt_raise.o(.text) refers to sys_exit.o(.text) for _sys_exit
    term_alloc.o(.text) refers (Special) to libshutdown2.o(.ARM.Collect$$libshutdown$$0000000E) for __rt_lib_shutdown_heap_2
    term_alloc.o(.text) refers to rt_heap_descriptor_intlibspace.o(.text) for __rt_heap_descriptor
    term_alloc.o(.text) refers to h1_final.o(.text) for __Heap_Finalize
    exit.o(.text) refers to rtexit.o(.ARM.Collect$$rtexit$$00000000) for __rt_exit
    defsig_exit.o(.text) refers to sys_exit.o(.text) for _sys_exit
    defsig_rtmem_inner.o(.text) refers to defsig_general.o(.text) for __default_signal_display
    _get_argv_nomalloc.o(.text) refers (Special) to hrguard.o(.text) for __heap_region$guard
    _get_argv_nomalloc.o(.text) refers to defsig_rtmem_outer.o(.text) for __rt_SIGRTMEM
    _get_argv_nomalloc.o(.text) refers to sys_command.o(.text) for _sys_command_string
    libinit.o(.ARM.Collect$$libinit$$00000000) refers (Special) to libinit2.o(.ARM.Collect$$libinit$$00000030) for __rt_lib_init_alloca_1
    libinit.o(.ARM.Collect$$libinit$$00000000) refers (Special) to libinit2.o(.ARM.Collect$$libinit$$0000002E) for __rt_lib_init_argv_1
    libinit.o(.ARM.Collect$$libinit$$00000000) refers (Special) to libinit2.o(.ARM.Collect$$libinit$$0000001D) for __rt_lib_init_atexit_1
    libinit.o(.ARM.Collect$$libinit$$00000000) refers (Special) to libinit2.o(.ARM.Collect$$libinit$$00000023) for __rt_lib_init_clock_1
    libinit.o(.ARM.Collect$$libinit$$00000000) refers (Special) to libinit2.o(.ARM.Collect$$libinit$$00000034) for __rt_lib_init_cpp_1
    libinit.o(.ARM.Collect$$libinit$$00000000) refers (Special) to libinit2.o(.ARM.Collect$$libinit$$00000032) for __rt_lib_init_exceptions_1
    libinit.o(.ARM.Collect$$libinit$$00000000) refers (Special) to libinit2.o(.ARM.Collect$$libinit$$00000001) for __rt_lib_init_fp_1
    libinit.o(.ARM.Collect$$libinit$$00000000) refers (Special) to libinit2.o(.ARM.Collect$$libinit$$00000021) for __rt_lib_init_fp_trap_1
    libinit.o(.ARM.Collect$$libinit$$00000000) refers (Special) to libinit2.o(.ARM.Collect$$libinit$$00000025) for __rt_lib_init_getenv_1
    libinit.o(.ARM.Collect$$libinit$$00000000) refers (Special) to libinit2.o(.ARM.Collect$$libinit$$0000000C) for __rt_lib_init_heap_1
    libinit.o(.ARM.Collect$$libinit$$00000000) refers (Special) to libinit2.o(.ARM.Collect$$libinit$$00000013) for __rt_lib_init_lc_collate_1
    libinit.o(.ARM.Collect$$libinit$$00000000) refers (Special) to libinit2.o(.ARM.Collect$$libinit$$00000015) for __rt_lib_init_lc_ctype_1
    libinit.o(.ARM.Collect$$libinit$$00000000) refers (Special) to libinit2.o(.ARM.Collect$$libinit$$00000017) for __rt_lib_init_lc_monetary_1
    libinit.o(.ARM.Collect$$libinit$$00000000) refers (Special) to libinit2.o(.ARM.Collect$$libinit$$00000019) for __rt_lib_init_lc_numeric_1
    libinit.o(.ARM.Collect$$libinit$$00000000) refers (Special) to libinit2.o(.ARM.Collect$$libinit$$0000001B) for __rt_lib_init_lc_time_1
    libinit.o(.ARM.Collect$$libinit$$00000000) refers (Special) to libinit2.o(.ARM.Collect$$libinit$$00000006) for __rt_lib_init_preinit_1
    libinit.o(.ARM.Collect$$libinit$$00000000) refers (Special) to libinit2.o(.ARM.Collect$$libinit$$00000010) for __rt_lib_init_rand_1
    libinit.o(.ARM.Collect$$libinit$$00000000) refers (Special) to libinit2.o(.ARM.Collect$$libinit$$00000004) for __rt_lib_init_relocate_pie_1
    libinit.o(.ARM.Collect$$libinit$$00000000) refers (Special) to libinit2.o(.ARM.Collect$$libinit$$00000035) for __rt_lib_init_return
    libinit.o(.ARM.Collect$$libinit$$00000000) refers (Special) to libinit2.o(.ARM.Collect$$libinit$$0000001F) for __rt_lib_init_signal_1
    libinit.o(.ARM.Collect$$libinit$$00000000) refers (Special) to libinit2.o(.ARM.Collect$$libinit$$00000027) for __rt_lib_init_stdio_1
    libinit.o(.ARM.Collect$$libinit$$00000000) refers (Special) to libinit2.o(.ARM.Collect$$libinit$$0000000E) for __rt_lib_init_user_alloc_1
    sys_exit.o(.text) refers (Special) to use_no_semi.o(.text) for __I$use$semihosting
    sys_exit.o(.text) refers (Special) to indicate_semi.o(.text) for __semihosting_library_function
    sys_exit_hlt.o(.text) refers (Special) to use_no_semi.o(.text) for __I$use$semihosting
    sys_exit_hlt.o(.text) refers (Special) to indicate_semi.o(.text) for __semihosting_library_function
    rtexit.o(.ARM.Collect$$rtexit$$00000000) refers (Special) to rtexit2.o(.ARM.Collect$$rtexit$$00000004) for __rt_exit_exit
    rtexit.o(.ARM.Collect$$rtexit$$00000000) refers (Special) to rtexit2.o(.ARM.Collect$$rtexit$$00000003) for __rt_exit_ls
    rtexit.o(.ARM.Collect$$rtexit$$00000000) refers (Special) to rtexit2.o(.ARM.Collect$$rtexit$$00000002) for __rt_exit_prels_1
    rtexit.o(.ARM.exidx) refers (Special) to rtexit2.o(.ARM.Collect$$rtexit$$00000004) for __rt_exit_exit
    rtexit.o(.ARM.exidx) refers (Special) to rtexit2.o(.ARM.Collect$$rtexit$$00000003) for __rt_exit_ls
    rtexit.o(.ARM.exidx) refers (Special) to rtexit2.o(.ARM.Collect$$rtexit$$00000002) for __rt_exit_prels_1
    rtexit.o(.ARM.exidx) refers to rtexit.o(.ARM.Collect$$rtexit$$00000000) for .ARM.Collect$$rtexit$$00000000
    __raise.o(.text) refers to defsig.o(CL$$defsig) for __default_signal_handler
    defsig_general.o(.text) refers to sys_wrch.o(.text) for _ttywrch
    libshutdown2.o(.ARM.Collect$$libshutdown$$0000000D) refers (Weak) to term_alloc.o(.text) for _terminate_alloc
    sys_wrch.o(.text) refers (Special) to use_no_semi.o(.text) for __I$use$semihosting
    sys_wrch.o(.text) refers (Special) to indicate_semi.o(.text) for __semihosting_library_function
    sys_wrch_hlt.o(.text) refers (Special) to use_no_semi.o(.text) for __I$use$semihosting
    sys_wrch_hlt.o(.text) refers (Special) to indicate_semi.o(.text) for __semihosting_library_function
    rtexit2.o(.ARM.Collect$$rtexit$$00000003) refers to libshutdown.o(.ARM.Collect$$libshutdown$$00000000) for __rt_lib_shutdown
    rtexit2.o(.ARM.Collect$$rtexit$$00000004) refers to sys_exit.o(.text) for _sys_exit
    rtexit2.o(.ARM.exidx) refers to rtexit2.o(.ARM.Collect$$rtexit$$00000001) for .ARM.Collect$$rtexit$$00000001
    rtexit2.o(.ARM.exidx) refers to rtexit2.o(.ARM.Collect$$rtexit$$00000003) for .ARM.Collect$$rtexit$$00000003
    rtexit2.o(.ARM.exidx) refers to rtexit2.o(.ARM.Collect$$rtexit$$00000004) for .ARM.Collect$$rtexit$$00000004
    defsig.o(CL$$defsig) refers to defsig_rtmem_inner.o(.text) for __rt_SIGRTMEM_inner
    defsig_abrt_inner.o(.text) refers to defsig_general.o(.text) for __default_signal_display
    defsig_fpe_inner.o(.text) refers to defsig_general.o(.text) for __default_signal_display
    defsig_rtred_inner.o(.text) refers to defsig_general.o(.text) for __default_signal_display
    defsig_stak_inner.o(.text) refers to defsig_general.o(.text) for __default_signal_display
    defsig_pvfn_inner.o(.text) refers to defsig_general.o(.text) for __default_signal_display
    defsig_cppl_inner.o(.text) refers to defsig_general.o(.text) for __default_signal_display
    defsig_segv_inner.o(.text) refers to defsig_general.o(.text) for __default_signal_display
    defsig_other.o(.text) refers to defsig_general.o(.text) for __default_signal_display
    libshutdown.o(.ARM.Collect$$libshutdown$$00000000) refers (Special) to libshutdown2.o(.ARM.Collect$$libshutdown$$00000002) for __rt_lib_shutdown_cpp_1
    libshutdown.o(.ARM.Collect$$libshutdown$$00000000) refers (Special) to libshutdown2.o(.ARM.Collect$$libshutdown$$00000007) for __rt_lib_shutdown_fp_trap_1
    libshutdown.o(.ARM.Collect$$libshutdown$$00000000) refers (Special) to libshutdown2.o(.ARM.Collect$$libshutdown$$0000000F) for __rt_lib_shutdown_heap_1
    libshutdown.o(.ARM.Collect$$libshutdown$$00000000) refers (Special) to libshutdown2.o(.ARM.Collect$$libshutdown$$00000010) for __rt_lib_shutdown_return
    libshutdown.o(.ARM.Collect$$libshutdown$$00000000) refers (Special) to libshutdown2.o(.ARM.Collect$$libshutdown$$0000000A) for __rt_lib_shutdown_signal_1
    libshutdown.o(.ARM.Collect$$libshutdown$$00000000) refers (Special) to libshutdown2.o(.ARM.Collect$$libshutdown$$00000004) for __rt_lib_shutdown_stdio_1
    libshutdown.o(.ARM.Collect$$libshutdown$$00000000) refers (Special) to libshutdown2.o(.ARM.Collect$$libshutdown$$0000000C) for __rt_lib_shutdown_user_alloc_1


==============================================================================

Removing Unused input sections from the image.

    Removing main.o(.text), (0 bytes).
    Removing main.o(.ARM.exidx.text.getString), (8 bytes).
    Removing main.o(.ARM.exidx.text.USART2_IRQHandler), (8 bytes).
    Removing main.o(.ARM.exidx.text.I2C1_EV_IRQHandler), (8 bytes).
    Removing main.o(.ARM.exidx.text.__NVIC_DisableIRQ), (8 bytes).
    Removing main.o(.ARM.exidx.text.__NVIC_EnableIRQ), (8 bytes).
    Removing main.o(.ARM.exidx.text.inf_read_loop), (8 bytes).
    Removing main.o(.ARM.exidx.text.main), (8 bytes).
    Removing main.o(.ARM.use_no_argv), (4 bytes).
    Removing clock.o(.text), (0 bytes).
    Removing clock.o(.ARM.exidx.text.initClock), (8 bytes).
    Removing gpio.o(.text), (0 bytes).
    Removing gpio.o(.ARM.exidx.text.GPIO_WritePin), (8 bytes).
    Removing gpio.o(.ARM.exidx.text.GPIO_Init), (8 bytes).
    Removing sys_init.o(.text), (0 bytes).
    Removing sys_init.o(.ARM.exidx.text.SysTick_Handler), (8 bytes).
    Removing sys_init.o(.ARM.exidx.text.sysInit), (8 bytes).
    Removing sys_init.o(.ARM.exidx.text.SysTick_Config), (8 bytes).
    Removing sys_init.o(.text.getmsTick), (12 bytes).
    Removing sys_init.o(.ARM.exidx.text.getmsTick), (8 bytes).
    Removing sys_init.o(.ARM.exidx.text.ms_delay), (8 bytes).
    Removing sys_init.o(.ARM.exidx.text.__NVIC_SetPriority), (8 bytes).
    Removing usart.o(.text), (0 bytes).
    Removing usart.o(.text._USART_WRITE), (38 bytes).
    Removing usart.o(.ARM.exidx.text._USART_WRITE), (8 bytes).
    Removing usart.o(.ARM.exidx.text.UART_SendChar), (8 bytes).
    Removing usart.o(.text._USART_READ), (106 bytes).
    Removing usart.o(.ARM.exidx.text._USART_READ), (8 bytes).
    Removing usart.o(.ARM.exidx.text.UART_GetChar), (8 bytes).
    Removing usart.o(.text._USART_READ_STR), (134 bytes).
    Removing usart.o(.ARM.exidx.text._USART_READ_STR), (8 bytes).
    Removing usart.o(.ARM.exidx.text.UART_SendString), (8 bytes).
    Removing usart.o(.text.UART_GetString), (82 bytes).
    Removing usart.o(.ARM.exidx.text.UART_GetString), (8 bytes).
    Removing usart.o(.ARM.exidx.text.sendString), (8 bytes).
    Removing usart.o(.ARM.exidx.text.UART2_Config), (8 bytes).
    Removing usart.o(.ARM.exidx.text.__NVIC_SetPriority), (8 bytes).
    Removing usart.o(.ARM.exidx.text.__NVIC_EnableIRQ), (8 bytes).
    Removing usart.o(.text.UART4_Config), (162 bytes).
    Removing usart.o(.ARM.exidx.text.UART4_Config), (8 bytes).
    Removing usart.o(.text.UART5_Config), (208 bytes).
    Removing usart.o(.ARM.exidx.text.UART5_Config), (8 bytes).
    Removing i2c.o(.text), (0 bytes).
    Removing i2c.o(.ARM.exidx.text.I2C1_Config), (8 bytes).
    Removing i2c.o(.ARM.exidx.text.I2C1_SetAddress), (8 bytes).
    Removing i2c.o(.ARM.exidx.text.__NVIC_SetPriority), (8 bytes).
    Removing i2c.o(.ARM.exidx.text.__NVIC_EnableIRQ), (8 bytes).
    Removing i2c.o(.ARM.exidx.text.I2C1_Start), (8 bytes).
    Removing i2c.o(.ARM.exidx.text.I2C1_Stop), (8 bytes).
    Removing i2c.o(.ARM.exidx.text.I2C1_Address), (8 bytes).
    Removing i2c.o(.ARM.exidx.text.I2C1_Write), (8 bytes).
    Removing i2c.o(.ARM.exidx.text.I2C1_TransmitMaster), (8 bytes).
    Removing i2c.o(.ARM.exidx.text.I2C1_ReceiveSlave), (8 bytes).
    Removing system_stm32f4xx.o(.text), (0 bytes).
    Removing system_stm32f4xx.o(.ARM.exidx.text.SystemInit), (8 bytes).
    Removing system_stm32f4xx.o(.text.SystemCoreClockUpdate), (302 bytes).
    Removing system_stm32f4xx.o(.ARM.exidx.text.SystemCoreClockUpdate), (8 bytes).
    Removing system_stm32f4xx.o(.data.SystemCoreClock), (4 bytes).
    Removing system_stm32f4xx.o(.rodata.AHBPrescTable), (16 bytes).
    Removing system_stm32f4xx.o(.rodata.APBPrescTable), (8 bytes).

60 unused section(s) (total 1404 bytes) removed from the image.

==============================================================================

Image Symbol Table

    Local Symbols

    Symbol Name                              Value     Ov Type        Size  Object(Section)

    ../clib/angel/boardlib.s                 0x00000000   Number         0  boardinit1.o ABSOLUTE
    ../clib/angel/boardlib.s                 0x00000000   Number         0  boardinit2.o ABSOLUTE
    ../clib/angel/boardlib.s                 0x00000000   Number         0  boardinit3.o ABSOLUTE
    ../clib/angel/boardlib.s                 0x00000000   Number         0  boardshut.o ABSOLUTE
    ../clib/angel/handlers.s                 0x00000000   Number         0  __scatter_zi.o ABSOLUTE
    ../clib/angel/kernel.s                   0x00000000   Number         0  __rtentry.o ABSOLUTE
    ../clib/angel/kernel.s                   0x00000000   Number         0  __rtentry2.o ABSOLUTE
    ../clib/angel/kernel.s                   0x00000000   Number         0  __rtentry4.o ABSOLUTE
    ../clib/angel/kernel.s                   0x00000000   Number         0  rtexit.o ABSOLUTE
    ../clib/angel/kernel.s                   0x00000000   Number         0  rtexit2.o ABSOLUTE
    ../clib/angel/rt.s                       0x00000000   Number         0  rt_heap_descriptor.o ABSOLUTE
    ../clib/angel/rt.s                       0x00000000   Number         0  rt_heap_descriptor_intlibspace.o ABSOLUTE
    ../clib/angel/rt.s                       0x00000000   Number         0  rt_raise.o ABSOLUTE
    ../clib/angel/scatter.s                  0x00000000   Number         0  __scatter.o ABSOLUTE
    ../clib/angel/startup.s                  0x00000000   Number         0  __main.o ABSOLUTE
    ../clib/angel/sys.s                      0x00000000   Number         0  mutex_dummy.o ABSOLUTE
    ../clib/angel/sys.s                      0x00000000   Number         0  libspace.o ABSOLUTE
    ../clib/angel/sys.s                      0x00000000   Number         0  use_no_semi.o ABSOLUTE
    ../clib/angel/sys.s                      0x00000000   Number         0  indicate_semi.o ABSOLUTE
    ../clib/angel/sys.s                      0x00000000   Number         0  sys_stackheap_outer.o ABSOLUTE
    ../clib/angel/sysapp.c                   0x00000000   Number         0  sys_command.o ABSOLUTE
    ../clib/angel/sysapp.c                   0x00000000   Number         0  sys_command_hlt.o ABSOLUTE
    ../clib/angel/sysapp.c                   0x00000000   Number         0  sys_exit.o ABSOLUTE
    ../clib/angel/sysapp.c                   0x00000000   Number         0  sys_exit_hlt.o ABSOLUTE
    ../clib/angel/sysapp.c                   0x00000000   Number         0  sys_wrch.o ABSOLUTE
    ../clib/angel/sysapp.c                   0x00000000   Number         0  sys_wrch_hlt.o ABSOLUTE
    ../clib/armsys.c                         0x00000000   Number         0  _get_argv.o ABSOLUTE
    ../clib/armsys.c                         0x00000000   Number         0  argv_veneer.o ABSOLUTE
    ../clib/armsys.c                         0x00000000   Number         0  argv_veneer.o ABSOLUTE
    ../clib/armsys.c                         0x00000000   Number         0  _get_argv_nomalloc.o ABSOLUTE
    ../clib/armsys.c                         0x00000000   Number         0  no_argv.o ABSOLUTE
    ../clib/heap1.c                          0x00000000   Number         0  h1_alloc.o ABSOLUTE
    ../clib/heap1.c                          0x00000000   Number         0  h1_alloc_threads.o ABSOLUTE
    ../clib/heap1.c                          0x00000000   Number         0  h1_init.o ABSOLUTE
    ../clib/heap1.c                          0x00000000   Number         0  h1_free.o ABSOLUTE
    ../clib/heap1.c                          0x00000000   Number         0  h1_init_threads.o ABSOLUTE
    ../clib/heap1.c                          0x00000000   Number         0  h1_free_threads.o ABSOLUTE
    ../clib/heap1.c                          0x00000000   Number         0  h1_extend.o ABSOLUTE
    ../clib/heap1.c                          0x00000000   Number         0  h1_extend_threads.o ABSOLUTE
    ../clib/heap1.c                          0x00000000   Number         0  h1_final.o ABSOLUTE
    ../clib/heap1.c                          0x00000000   Number         0  h1_final_threads.o ABSOLUTE
    ../clib/heap2.c                          0x00000000   Number         0  heap2.o ABSOLUTE
    ../clib/heap2.c                          0x00000000   Number         0  heap2_threads.o ABSOLUTE
    ../clib/heap2.c                          0x00000000   Number         0  fdtree.o ABSOLUTE
    ../clib/heapalloc.c                      0x00000000   Number         0  malloc.o ABSOLUTE
    ../clib/heapalloc.c                      0x00000000   Number         0  hguard.o ABSOLUTE
    ../clib/heapalloc.c                      0x00000000   Number         0  init_alloc.o ABSOLUTE
    ../clib/heapalloc.c                      0x00000000   Number         0  free.o ABSOLUTE
    ../clib/heapalloc.c                      0x00000000   Number         0  heapstubs.o ABSOLUTE
    ../clib/heapalloc.c                      0x00000000   Number         0  hrguard.o ABSOLUTE
    ../clib/heapalloc.c                      0x00000000   Number         0  term_alloc.o ABSOLUTE
    ../clib/heapaux.c                        0x00000000   Number         0  heapauxi.o ABSOLUTE
    ../clib/heapaux.c                        0x00000000   Number         0  heapauxa.o ABSOLUTE
    ../clib/libinit.s                        0x00000000   Number         0  libinit2.o ABSOLUTE
    ../clib/libinit.s                        0x00000000   Number         0  libinit.o ABSOLUTE
    ../clib/libinit.s                        0x00000000   Number         0  libshutdown2.o ABSOLUTE
    ../clib/libinit.s                        0x00000000   Number         0  libshutdown.o ABSOLUTE
    ../clib/maybe.s                          0x00000000   Number         0  maybetermalloc1.o ABSOLUTE
    ../clib/maybe.s                          0x00000000   Number         0  maybetermalloc2.o ABSOLUTE
    ../clib/memcpset.s                       0x00000000   Number         0  rt_memcpy_w.o ABSOLUTE
    ../clib/signal.c                         0x00000000   Number         0  defsig_rtmem_outer.o ABSOLUTE
    ../clib/signal.c                         0x00000000   Number         0  defsig_rtmem_formal.o ABSOLUTE
    ../clib/signal.c                         0x00000000   Number         0  defsig_exit.o ABSOLUTE
    ../clib/signal.c                         0x00000000   Number         0  defsig_rtmem_inner.o ABSOLUTE
    ../clib/signal.c                         0x00000000   Number         0  __raise.o ABSOLUTE
    ../clib/signal.c                         0x00000000   Number         0  defsig_general.o ABSOLUTE
    ../clib/signal.c                         0x00000000   Number         0  defsig_abrt_inner.o ABSOLUTE
    ../clib/signal.c                         0x00000000   Number         0  defsig_fpe_inner.o ABSOLUTE
    ../clib/signal.c                         0x00000000   Number         0  defsig_rtred_inner.o ABSOLUTE
    ../clib/signal.c                         0x00000000   Number         0  defsig_stak_inner.o ABSOLUTE
    ../clib/signal.c                         0x00000000   Number         0  defsig_pvfn_inner.o ABSOLUTE
    ../clib/signal.c                         0x00000000   Number         0  defsig_cppl_inner.o ABSOLUTE
    ../clib/signal.c                         0x00000000   Number         0  defsig_segv_inner.o ABSOLUTE
    ../clib/signal.c                         0x00000000   Number         0  defsig_other.o ABSOLUTE
    ../clib/signal.s                         0x00000000   Number         0  defsig.o ABSOLUTE
    ../clib/stdlib.c                         0x00000000   Number         0  exit.o ABSOLUTE
    ../clib/string.c                         0x00000000   Number         0  strcpy.o ABSOLUTE
    ../clib/string.c                         0x00000000   Number         0  strlen.o ABSOLUTE
    ../fplib/fpinit.s                        0x00000000   Number         0  fpinit.o ABSOLUTE
    CLOCK.c                                  0x00000000   Number         0  clock.o ABSOLUTE
    GPIO.c                                   0x00000000   Number         0  gpio.o ABSOLUTE
    I2C.c                                    0x00000000   Number         0  i2c.o ABSOLUTE
    RTE/Device/STM32F446RETx/startup_stm32f446xx.s 0x00000000   Number         0  startup_stm32f446xx.o ABSOLUTE
    SYS_INIT.c                               0x00000000   Number         0  sys_init.o ABSOLUTE
    USART.c                                  0x00000000   Number         0  usart.o ABSOLUTE
    dc.s                                     0x00000000   Number         0  dc.o ABSOLUTE
    main.c                                   0x00000000   Number         0  main.o ABSOLUTE
    system_stm32f4xx.c                       0x00000000   Number         0  system_stm32f4xx.o ABSOLUTE
    RESET                                    0x08000000   Section      452  startup_stm32f446xx.o(RESET)
    !!!main                                  0x080001c4   Section        8  __main.o(!!!main)
    !!!scatter                               0x080001cc   Section       52  __scatter.o(!!!scatter)
    !!handler_zi                             0x08000200   Section       28  __scatter_zi.o(!!handler_zi)
    .ARM.Collect$$libinit$$00000000          0x0800021c   Section        2  libinit.o(.ARM.Collect$$libinit$$00000000)
    .ARM.Collect$$libinit$$00000001          0x0800021e   Section        4  libinit2.o(.ARM.Collect$$libinit$$00000001)
    .ARM.Collect$$libinit$$00000004          0x08000222   Section        0  libinit2.o(.ARM.Collect$$libinit$$00000004)
    .ARM.Collect$$libinit$$00000006          0x08000222   Section        0  libinit2.o(.ARM.Collect$$libinit$$00000006)
    .ARM.Collect$$libinit$$00000007          0x08000222   Section        8  libinit2.o(.ARM.Collect$$libinit$$00000007)
    .ARM.Collect$$libinit$$0000000C          0x0800022a   Section        0  libinit2.o(.ARM.Collect$$libinit$$0000000C)
    .ARM.Collect$$libinit$$0000000E          0x0800022a   Section        0  libinit2.o(.ARM.Collect$$libinit$$0000000E)
    .ARM.Collect$$libinit$$00000010          0x0800022a   Section        0  libinit2.o(.ARM.Collect$$libinit$$00000010)
    .ARM.Collect$$libinit$$00000013          0x0800022a   Section        0  libinit2.o(.ARM.Collect$$libinit$$00000013)
    .ARM.Collect$$libinit$$00000015          0x0800022a   Section        0  libinit2.o(.ARM.Collect$$libinit$$00000015)
    .ARM.Collect$$libinit$$00000017          0x0800022a   Section        0  libinit2.o(.ARM.Collect$$libinit$$00000017)
    .ARM.Collect$$libinit$$00000019          0x0800022a   Section        0  libinit2.o(.ARM.Collect$$libinit$$00000019)
    .ARM.Collect$$libinit$$0000001B          0x0800022a   Section        0  libinit2.o(.ARM.Collect$$libinit$$0000001B)
    .ARM.Collect$$libinit$$0000001D          0x0800022a   Section        0  libinit2.o(.ARM.Collect$$libinit$$0000001D)
    .ARM.Collect$$libinit$$0000001F          0x0800022a   Section        0  libinit2.o(.ARM.Collect$$libinit$$0000001F)
    .ARM.Collect$$libinit$$00000021          0x0800022a   Section        0  libinit2.o(.ARM.Collect$$libinit$$00000021)
    .ARM.Collect$$libinit$$00000023          0x0800022a   Section        0  libinit2.o(.ARM.Collect$$libinit$$00000023)
    .ARM.Collect$$libinit$$00000025          0x0800022a   Section        0  libinit2.o(.ARM.Collect$$libinit$$00000025)
    .ARM.Collect$$libinit$$00000027          0x0800022a   Section        0  libinit2.o(.ARM.Collect$$libinit$$00000027)
    .ARM.Collect$$libinit$$0000002E          0x0800022a   Section        0  libinit2.o(.ARM.Collect$$libinit$$0000002E)
    .ARM.Collect$$libinit$$00000030          0x0800022a   Section        0  libinit2.o(.ARM.Collect$$libinit$$00000030)
    .ARM.Collect$$libinit$$00000032          0x0800022a   Section        0  libinit2.o(.ARM.Collect$$libinit$$00000032)
    .ARM.Collect$$libinit$$00000034          0x0800022a   Section        0  libinit2.o(.ARM.Collect$$libinit$$00000034)
    .ARM.Collect$$libinit$$00000035          0x0800022a   Section        2  libinit2.o(.ARM.Collect$$libinit$$00000035)
    .ARM.Collect$$libshutdown$$00000000      0x0800022c   Section        2  libshutdown.o(.ARM.Collect$$libshutdown$$00000000)
    .ARM.Collect$$libshutdown$$00000002      0x0800022e   Section        0  libshutdown2.o(.ARM.Collect$$libshutdown$$00000002)
    .ARM.Collect$$libshutdown$$00000004      0x0800022e   Section        0  libshutdown2.o(.ARM.Collect$$libshutdown$$00000004)
    .ARM.Collect$$libshutdown$$00000007      0x0800022e   Section        0  libshutdown2.o(.ARM.Collect$$libshutdown$$00000007)
    .ARM.Collect$$libshutdown$$0000000A      0x0800022e   Section        0  libshutdown2.o(.ARM.Collect$$libshutdown$$0000000A)
    .ARM.Collect$$libshutdown$$0000000C      0x0800022e   Section        0  libshutdown2.o(.ARM.Collect$$libshutdown$$0000000C)
    .ARM.Collect$$libshutdown$$0000000F      0x0800022e   Section        0  libshutdown2.o(.ARM.Collect$$libshutdown$$0000000F)
    .ARM.Collect$$libshutdown$$00000010      0x0800022e   Section        2  libshutdown2.o(.ARM.Collect$$libshutdown$$00000010)
    .ARM.Collect$$rtentry$$00000000          0x08000230   Section        0  __rtentry.o(.ARM.Collect$$rtentry$$00000000)
    .ARM.Collect$$rtentry$$00000002          0x08000230   Section        0  __rtentry2.o(.ARM.Collect$$rtentry$$00000002)
    .ARM.Collect$$rtentry$$00000004          0x08000230   Section        6  __rtentry4.o(.ARM.Collect$$rtentry$$00000004)
    .ARM.Collect$$rtentry$$00000009          0x08000236   Section        0  __rtentry2.o(.ARM.Collect$$rtentry$$00000009)
    .ARM.Collect$$rtentry$$0000000A          0x08000236   Section        4  __rtentry2.o(.ARM.Collect$$rtentry$$0000000A)
    .ARM.Collect$$rtentry$$0000000C          0x0800023a   Section        0  __rtentry2.o(.ARM.Collect$$rtentry$$0000000C)
    .ARM.Collect$$rtentry$$0000000D          0x0800023a   Section        8  __rtentry2.o(.ARM.Collect$$rtentry$$0000000D)
    .ARM.Collect$$rtexit$$00000000           0x08000242   Section        2  rtexit.o(.ARM.Collect$$rtexit$$00000000)
    .ARM.Collect$$rtexit$$00000002           0x08000244   Section        0  rtexit2.o(.ARM.Collect$$rtexit$$00000002)
    .ARM.Collect$$rtexit$$00000003           0x08000244   Section        4  rtexit2.o(.ARM.Collect$$rtexit$$00000003)
    .ARM.Collect$$rtexit$$00000004           0x08000248   Section        6  rtexit2.o(.ARM.Collect$$rtexit$$00000004)
    $v0                                      0x08000250   Number         0  startup_stm32f446xx.o(.text)
    .text                                    0x08000250   Section       64  startup_stm32f446xx.o(.text)
    .text                                    0x08000290   Section        0  h1_alloc.o(.text)
    .text                                    0x080002ee   Section        0  strcpy.o(.text)
    .text                                    0x08000336   Section        0  strlen.o(.text)
    .text                                    0x08000374   Section        0  heapauxi.o(.text)
    .text                                    0x0800037c   Section        8  rt_heap_descriptor_intlibspace.o(.text)
    .text                                    0x08000384   Section        0  hguard.o(.text)
    .text                                    0x08000388   Section        0  init_alloc.o(.text)
    .text                                    0x08000412   Section        0  h1_init.o(.text)
    .text                                    0x08000420   Section        0  h1_free.o(.text)
    .text                                    0x08000470   Section        8  libspace.o(.text)
    .text                                    0x08000478   Section        0  maybetermalloc1.o(.text)
    .text                                    0x08000478   Section        0  h1_extend.o(.text)
    .text                                    0x080004ac   Section        0  defsig_rtmem_outer.o(.text)
    .text                                    0x080004ba   Section        2  use_no_semi.o(.text)
    .text                                    0x080004bc   Section        0  indicate_semi.o(.text)
    .text                                    0x080004bc   Section       74  sys_stackheap_outer.o(.text)
    .text                                    0x08000506   Section        0  exit.o(.text)
    .text                                    0x08000518   Section        0  defsig_exit.o(.text)
    .text                                    0x08000524   Section        0  defsig_rtmem_inner.o(.text)
    .text                                    0x08000574   Section        0  sys_exit.o(.text)
    .text                                    0x08000580   Section        0  defsig_general.o(.text)
    .text                                    0x080005b2   Section        0  sys_wrch.o(.text)
    [Anonymous Symbol]                       0x080005c0   Section        0  gpio.o(.text.GPIO_Init)
    [Anonymous Symbol]                       0x080006d0   Section        0  gpio.o(.text.GPIO_WritePin)
    [Anonymous Symbol]                       0x08000720   Section        0  i2c.o(.text.I2C1_Address)
    [Anonymous Symbol]                       0x0800076c   Section        0  i2c.o(.text.I2C1_Config)
    [Anonymous Symbol]                       0x0800086c   Section        0  main.o(.text.I2C1_EV_IRQHandler)
    [Anonymous Symbol]                       0x0800091c   Section        0  i2c.o(.text.I2C1_ReceiveSlave)
    [Anonymous Symbol]                       0x08000a14   Section        0  i2c.o(.text.I2C1_SetAddress)
    [Anonymous Symbol]                       0x08000a3c   Section        0  i2c.o(.text.I2C1_Start)
    [Anonymous Symbol]                       0x08000a64   Section        0  i2c.o(.text.I2C1_Stop)
    [Anonymous Symbol]                       0x08000a78   Section        0  i2c.o(.text.I2C1_TransmitMaster)
    [Anonymous Symbol]                       0x08000ab8   Section        0  i2c.o(.text.I2C1_Write)
    SysTick_Config                           0x08000afd   Thumb Code    82  sys_init.o(.text.SysTick_Config)
    [Anonymous Symbol]                       0x08000afc   Section        0  sys_init.o(.text.SysTick_Config)
    [Anonymous Symbol]                       0x08000b50   Section        0  sys_init.o(.text.SysTick_Handler)
    [Anonymous Symbol]                       0x08000b60   Section        0  system_stm32f4xx.o(.text.SystemInit)
    [Anonymous Symbol]                       0x08000b74   Section        0  usart.o(.text.UART2_Config)
    [Anonymous Symbol]                       0x08000c2c   Section        0  usart.o(.text.UART_GetChar)
    [Anonymous Symbol]                       0x08000c50   Section        0  usart.o(.text.UART_SendChar)
    [Anonymous Symbol]                       0x08000c74   Section        0  usart.o(.text.UART_SendString)
    [Anonymous Symbol]                       0x08000c9c   Section        0  main.o(.text.USART2_IRQHandler)
    __NVIC_DisableIRQ                        0x08000cc5   Thumb Code    56  main.o(.text.__NVIC_DisableIRQ)
    [Anonymous Symbol]                       0x08000cc4   Section        0  main.o(.text.__NVIC_DisableIRQ)
    __NVIC_EnableIRQ                         0x08000cfd   Thumb Code    48  main.o(.text.__NVIC_EnableIRQ)
    [Anonymous Symbol]                       0x08000cfc   Section        0  main.o(.text.__NVIC_EnableIRQ)
    __NVIC_EnableIRQ                         0x08000d2d   Thumb Code    48  usart.o(.text.__NVIC_EnableIRQ)
    [Anonymous Symbol]                       0x08000d2c   Section        0  usart.o(.text.__NVIC_EnableIRQ)
    __NVIC_EnableIRQ                         0x08000d5d   Thumb Code    48  i2c.o(.text.__NVIC_EnableIRQ)
    [Anonymous Symbol]                       0x08000d5c   Section        0  i2c.o(.text.__NVIC_EnableIRQ)
    __NVIC_SetPriority                       0x08000d8d   Thumb Code    66  sys_init.o(.text.__NVIC_SetPriority)
    [Anonymous Symbol]                       0x08000d8c   Section        0  sys_init.o(.text.__NVIC_SetPriority)
    __NVIC_SetPriority                       0x08000dd1   Thumb Code    66  usart.o(.text.__NVIC_SetPriority)
    [Anonymous Symbol]                       0x08000dd0   Section        0  usart.o(.text.__NVIC_SetPriority)
    __NVIC_SetPriority                       0x08000e15   Thumb Code    66  i2c.o(.text.__NVIC_SetPriority)
    [Anonymous Symbol]                       0x08000e14   Section        0  i2c.o(.text.__NVIC_SetPriority)
    [Anonymous Symbol]                       0x08000e58   Section        0  main.o(.text.getString)
    [Anonymous Symbol]                       0x08000ec8   Section        0  main.o(.text.inf_read_loop)
    [Anonymous Symbol]                       0x08000f2c   Section        0  clock.o(.text.initClock)
    [Anonymous Symbol]                       0x08001004   Section        0  main.o(.text.main)
    [Anonymous Symbol]                       0x080010d0   Section        0  sys_init.o(.text.ms_delay)
    [Anonymous Symbol]                       0x08001100   Section        0  usart.o(.text.sendString)
    [Anonymous Symbol]                       0x08001118   Section        0  sys_init.o(.text.sysInit)
    $v0                                      0x08001128   Number         0  fpinit.o(x$fpl$fpinit)
    x$fpl$fpinit                             0x08001128   Section       26  fpinit.o(x$fpl$fpinit)
    .L.str.1                                 0x08001142   Data           5  main.o(.rodata.str1.1)
    [Anonymous Symbol]                       0x08001142   Section        0  main.o(.rodata.str1.1)
    .L.str.4                                 0x08001147   Data          14  main.o(.rodata.str1.1)
    .L.str.6                                 0x08001155   Data          18  main.o(.rodata.str1.1)
    .L.str.3                                 0x08001167   Data          18  main.o(.rodata.str1.1)
    .L.str.5                                 0x08001179   Data          19  main.o(.rodata.str1.1)
    .L.str                                   0x0800118c   Data           8  main.o(.rodata.str1.1)
    .L.str.2                                 0x08001193   Data           1  main.o(.rodata.str1.1)
    .bss                                     0x20000000   Section       96  libspace.o(.bss)
    input_buff                               0x20000060   Data          50  main.o(.bss.input_buff)
    [Anonymous Symbol]                       0x20000060   Section        0  main.o(.bss.input_buff)
    msTicks                                  0x20000094   Data           4  sys_init.o(.bss.msTicks)
    [Anonymous Symbol]                       0x20000094   Section        0  sys_init.o(.bss.msTicks)
    rcv_ptr                                  0x20000098   Data           1  main.o(.bss.rcv_ptr)
    [Anonymous Symbol]                       0x20000098   Section        0  main.o(.bss.rcv_ptr)
    rcv_str                                  0x2000009c   Data           4  main.o(.bss.rcv_str)
    [Anonymous Symbol]                       0x2000009c   Section        0  main.o(.bss.rcv_str)
    Heap_Mem                                 0x200000a0   Data         512  startup_stm32f446xx.o(HEAP)
    HEAP                                     0x200000a0   Section      512  startup_stm32f446xx.o(HEAP)
    Stack_Mem                                0x200002a0   Data        1024  startup_stm32f446xx.o(STACK)
    STACK                                    0x200002a0   Section     1024  startup_stm32f446xx.o(STACK)
    __initial_sp                             0x200006a0   Data           0  startup_stm32f446xx.o(STACK)

    Global Symbols

    Symbol Name                              Value     Ov Type        Size  Object(Section)

    BuildAttributes$$THM_ISAv4$E$P$D$K$B$S$7EM$VFPi3$EXTD16$VFPS$VFMA$PE$A:L22UL41UL21$X:L11$S22US41US21$IEEE1$IW$~IW$USESV6$~STKCKD$USESV7$~SHL$OTIME$ROPI$EBA8$UX$STANDARDLIB$REQ8$PRES8$EABIv2 0x00000000   Number         0  anon$$obj.o ABSOLUTE
    __ARM_exceptions_init                     - Undefined Weak Reference
    __alloca_initialize                       - Undefined Weak Reference
    __arm_preinit_                            - Undefined Weak Reference
    __arm_relocate_pie_                       - Undefined Weak Reference
    __cpp_initialize__aeabi_                  - Undefined Weak Reference
    __cxa_finalize                            - Undefined Weak Reference
    __rt_locale                               - Undefined Weak Reference
    __sigvec_lookup                           - Undefined Weak Reference
    __user_heap_extent                        - Undefined Weak Reference
    _atexit_init                              - Undefined Weak Reference
    _call_atexit_fns                          - Undefined Weak Reference
    _clock_init                               - Undefined Weak Reference
    _fp_trap_init                             - Undefined Weak Reference
    _fp_trap_shutdown                         - Undefined Weak Reference
    _get_lc_collate                           - Undefined Weak Reference
    _get_lc_ctype                             - Undefined Weak Reference
    _get_lc_monetary                          - Undefined Weak Reference
    _get_lc_numeric                           - Undefined Weak Reference
    _get_lc_time                              - Undefined Weak Reference
    _getenv_init                              - Undefined Weak Reference
    _handle_redirection                       - Undefined Weak Reference
    _initio                                   - Undefined Weak Reference
    _mutex_acquire                            - Undefined Weak Reference
    _mutex_free                               - Undefined Weak Reference
    _mutex_release                            - Undefined Weak Reference
    _rand_init                                - Undefined Weak Reference
    _signal_finish                            - Undefined Weak Reference
    _signal_init                              - Undefined Weak Reference
    _terminateio                              - Undefined Weak Reference
    __Vectors_Size                           0x000001c4   Number         0  startup_stm32f446xx.o ABSOLUTE
    __Vectors                                0x08000000   Data           4  startup_stm32f446xx.o(RESET)
    __Vectors_End                            0x080001c4   Data           0  startup_stm32f446xx.o(RESET)
    __main                                   0x080001c5   Thumb Code     8  __main.o(!!!main)
    __scatterload                            0x080001cd   Thumb Code     0  __scatter.o(!!!scatter)
    __scatterload_rt2                        0x080001cd   Thumb Code    44  __scatter.o(!!!scatter)
    __scatterload_rt2_thumb_only             0x080001cd   Thumb Code     0  __scatter.o(!!!scatter)
    __scatterload_null                       0x080001db   Thumb Code     0  __scatter.o(!!!scatter)
    __scatterload_zeroinit                   0x08000201   Thumb Code    28  __scatter_zi.o(!!handler_zi)
    __rt_lib_init                            0x0800021d   Thumb Code     0  libinit.o(.ARM.Collect$$libinit$$00000000)
    __rt_lib_init_fp_1                       0x0800021f   Thumb Code     0  libinit2.o(.ARM.Collect$$libinit$$00000001)
    __rt_lib_init_heap_2                     0x08000223   Thumb Code     0  libinit2.o(.ARM.Collect$$libinit$$00000007)
    __rt_lib_init_preinit_1                  0x08000223   Thumb Code     0  libinit2.o(.ARM.Collect$$libinit$$00000006)
    __rt_lib_init_relocate_pie_1             0x08000223   Thumb Code     0  libinit2.o(.ARM.Collect$$libinit$$00000004)
    __rt_lib_init_alloca_1                   0x0800022b   Thumb Code     0  libinit2.o(.ARM.Collect$$libinit$$00000030)
    __rt_lib_init_argv_1                     0x0800022b   Thumb Code     0  libinit2.o(.ARM.Collect$$libinit$$0000002E)
    __rt_lib_init_atexit_1                   0x0800022b   Thumb Code     0  libinit2.o(.ARM.Collect$$libinit$$0000001D)
    __rt_lib_init_clock_1                    0x0800022b   Thumb Code     0  libinit2.o(.ARM.Collect$$libinit$$00000023)
    __rt_lib_init_cpp_1                      0x0800022b   Thumb Code     0  libinit2.o(.ARM.Collect$$libinit$$00000034)
    __rt_lib_init_exceptions_1               0x0800022b   Thumb Code     0  libinit2.o(.ARM.Collect$$libinit$$00000032)
    __rt_lib_init_fp_trap_1                  0x0800022b   Thumb Code     0  libinit2.o(.ARM.Collect$$libinit$$00000021)
    __rt_lib_init_getenv_1                   0x0800022b   Thumb Code     0  libinit2.o(.ARM.Collect$$libinit$$00000025)
    __rt_lib_init_heap_1                     0x0800022b   Thumb Code     0  libinit2.o(.ARM.Collect$$libinit$$0000000C)
    __rt_lib_init_lc_collate_1               0x0800022b   Thumb Code     0  libinit2.o(.ARM.Collect$$libinit$$00000013)
    __rt_lib_init_lc_ctype_1                 0x0800022b   Thumb Code     0  libinit2.o(.ARM.Collect$$libinit$$00000015)
    __rt_lib_init_lc_monetary_1              0x0800022b   Thumb Code     0  libinit2.o(.ARM.Collect$$libinit$$00000017)
    __rt_lib_init_lc_numeric_1               0x0800022b   Thumb Code     0  libinit2.o(.ARM.Collect$$libinit$$00000019)
    __rt_lib_init_lc_time_1                  0x0800022b   Thumb Code     0  libinit2.o(.ARM.Collect$$libinit$$0000001B)
    __rt_lib_init_rand_1                     0x0800022b   Thumb Code     0  libinit2.o(.ARM.Collect$$libinit$$00000010)
    __rt_lib_init_return                     0x0800022b   Thumb Code     0  libinit2.o(.ARM.Collect$$libinit$$00000035)
    __rt_lib_init_signal_1                   0x0800022b   Thumb Code     0  libinit2.o(.ARM.Collect$$libinit$$0000001F)
    __rt_lib_init_stdio_1                    0x0800022b   Thumb Code     0  libinit2.o(.ARM.Collect$$libinit$$00000027)
    __rt_lib_init_user_alloc_1               0x0800022b   Thumb Code     0  libinit2.o(.ARM.Collect$$libinit$$0000000E)
    __rt_lib_shutdown                        0x0800022d   Thumb Code     0  libshutdown.o(.ARM.Collect$$libshutdown$$00000000)
    __rt_lib_shutdown_cpp_1                  0x0800022f   Thumb Code     0  libshutdown2.o(.ARM.Collect$$libshutdown$$00000002)
    __rt_lib_shutdown_fp_trap_1              0x0800022f   Thumb Code     0  libshutdown2.o(.ARM.Collect$$libshutdown$$00000007)
    __rt_lib_shutdown_heap_1                 0x0800022f   Thumb Code     0  libshutdown2.o(.ARM.Collect$$libshutdown$$0000000F)
    __rt_lib_shutdown_return                 0x0800022f   Thumb Code     0  libshutdown2.o(.ARM.Collect$$libshutdown$$00000010)
    __rt_lib_shutdown_signal_1               0x0800022f   Thumb Code     0  libshutdown2.o(.ARM.Collect$$libshutdown$$0000000A)
    __rt_lib_shutdown_stdio_1                0x0800022f   Thumb Code     0  libshutdown2.o(.ARM.Collect$$libshutdown$$00000004)
    __rt_lib_shutdown_user_alloc_1           0x0800022f   Thumb Code     0  libshutdown2.o(.ARM.Collect$$libshutdown$$0000000C)
    __rt_entry                               0x08000231   Thumb Code     0  __rtentry.o(.ARM.Collect$$rtentry$$00000000)
    __rt_entry_presh_1                       0x08000231   Thumb Code     0  __rtentry2.o(.ARM.Collect$$rtentry$$00000002)
    __rt_entry_sh                            0x08000231   Thumb Code     0  __rtentry4.o(.ARM.Collect$$rtentry$$00000004)
    __rt_entry_li                            0x08000237   Thumb Code     0  __rtentry2.o(.ARM.Collect$$rtentry$$0000000A)
    __rt_entry_postsh_1                      0x08000237   Thumb Code     0  __rtentry2.o(.ARM.Collect$$rtentry$$00000009)
    __rt_entry_main                          0x0800023b   Thumb Code     0  __rtentry2.o(.ARM.Collect$$rtentry$$0000000D)
    __rt_entry_postli_1                      0x0800023b   Thumb Code     0  __rtentry2.o(.ARM.Collect$$rtentry$$0000000C)
    __rt_exit                                0x08000243   Thumb Code     0  rtexit.o(.ARM.Collect$$rtexit$$00000000)
    __rt_exit_ls                             0x08000245   Thumb Code     0  rtexit2.o(.ARM.Collect$$rtexit$$00000003)
    __rt_exit_prels_1                        0x08000245   Thumb Code     0  rtexit2.o(.ARM.Collect$$rtexit$$00000002)
    __rt_exit_exit                           0x08000249   Thumb Code     0  rtexit2.o(.ARM.Collect$$rtexit$$00000004)
    Reset_Handler                            0x08000251   Thumb Code     8  startup_stm32f446xx.o(.text)
    NMI_Handler                              0x08000259   Thumb Code     2  startup_stm32f446xx.o(.text)
    HardFault_Handler                        0x0800025b   Thumb Code     2  startup_stm32f446xx.o(.text)
    MemManage_Handler                        0x0800025d   Thumb Code     2  startup_stm32f446xx.o(.text)
    BusFault_Handler                         0x0800025f   Thumb Code     2  startup_stm32f446xx.o(.text)
    UsageFault_Handler                       0x08000261   Thumb Code     2  startup_stm32f446xx.o(.text)
    SVC_Handler                              0x08000263   Thumb Code     2  startup_stm32f446xx.o(.text)
    DebugMon_Handler                         0x08000265   Thumb Code     2  startup_stm32f446xx.o(.text)
    PendSV_Handler                           0x08000267   Thumb Code     2  startup_stm32f446xx.o(.text)
    ADC_IRQHandler                           0x0800026b   Thumb Code     0  startup_stm32f446xx.o(.text)
    CAN1_RX0_IRQHandler                      0x0800026b   Thumb Code     0  startup_stm32f446xx.o(.text)
    CAN1_RX1_IRQHandler                      0x0800026b   Thumb Code     0  startup_stm32f446xx.o(.text)
    CAN1_SCE_IRQHandler                      0x0800026b   Thumb Code     0  startup_stm32f446xx.o(.text)
    CAN1_TX_IRQHandler                       0x0800026b   Thumb Code     0  startup_stm32f446xx.o(.text)
    CAN2_RX0_IRQHandler                      0x0800026b   Thumb Code     0  startup_stm32f446xx.o(.text)
    CAN2_RX1_IRQHandler                      0x0800026b   Thumb Code     0  startup_stm32f446xx.o(.text)
    CAN2_SCE_IRQHandler                      0x0800026b   Thumb Code     0  startup_stm32f446xx.o(.text)
    CAN2_TX_IRQHandler                       0x0800026b   Thumb Code     0  startup_stm32f446xx.o(.text)
    CEC_IRQHandler                           0x0800026b   Thumb Code     0  startup_stm32f446xx.o(.text)
    DCMI_IRQHandler                          0x0800026b   Thumb Code     0  startup_stm32f446xx.o(.text)
    DMA1_Stream0_IRQHandler                  0x0800026b   Thumb Code     0  startup_stm32f446xx.o(.text)
    DMA1_Stream1_IRQHandler                  0x0800026b   Thumb Code     0  startup_stm32f446xx.o(.text)
    DMA1_Stream2_IRQHandler                  0x0800026b   Thumb Code     0  startup_stm32f446xx.o(.text)
    DMA1_Stream3_IRQHandler                  0x0800026b   Thumb Code     0  startup_stm32f446xx.o(.text)
    DMA1_Stream4_IRQHandler                  0x0800026b   Thumb Code     0  startup_stm32f446xx.o(.text)
    DMA1_Stream5_IRQHandler                  0x0800026b   Thumb Code     0  startup_stm32f446xx.o(.text)
    DMA1_Stream6_IRQHandler                  0x0800026b   Thumb Code     0  startup_stm32f446xx.o(.text)
    DMA1_Stream7_IRQHandler                  0x0800026b   Thumb Code     0  startup_stm32f446xx.o(.text)
    DMA2_Stream0_IRQHandler                  0x0800026b   Thumb Code     0  startup_stm32f446xx.o(.text)
    DMA2_Stream1_IRQHandler                  0x0800026b   Thumb Code     0  startup_stm32f446xx.o(.text)
    DMA2_Stream2_IRQHandler                  0x0800026b   Thumb Code     0  startup_stm32f446xx.o(.text)
    DMA2_Stream3_IRQHandler                  0x0800026b   Thumb Code     0  startup_stm32f446xx.o(.text)
    DMA2_Stream4_IRQHandler                  0x0800026b   Thumb Code     0  startup_stm32f446xx.o(.text)
    DMA2_Stream5_IRQHandler                  0x0800026b   Thumb Code     0  startup_stm32f446xx.o(.text)
    DMA2_Stream6_IRQHandler                  0x0800026b   Thumb Code     0  startup_stm32f446xx.o(.text)
    DMA2_Stream7_IRQHandler                  0x0800026b   Thumb Code     0  startup_stm32f446xx.o(.text)
    EXTI0_IRQHandler                         0x0800026b   Thumb Code     0  startup_stm32f446xx.o(.text)
    EXTI15_10_IRQHandler                     0x0800026b   Thumb Code     0  startup_stm32f446xx.o(.text)
    EXTI1_IRQHandler                         0x0800026b   Thumb Code     0  startup_stm32f446xx.o(.text)
    EXTI2_IRQHandler                         0x0800026b   Thumb Code     0  startup_stm32f446xx.o(.text)
    EXTI3_IRQHandler                         0x0800026b   Thumb Code     0  startup_stm32f446xx.o(.text)
    EXTI4_IRQHandler                         0x0800026b   Thumb Code     0  startup_stm32f446xx.o(.text)
    EXTI9_5_IRQHandler                       0x0800026b   Thumb Code     0  startup_stm32f446xx.o(.text)
    FLASH_IRQHandler                         0x0800026b   Thumb Code     0  startup_stm32f446xx.o(.text)
    FMC_IRQHandler                           0x0800026b   Thumb Code     0  startup_stm32f446xx.o(.text)
    FMPI2C1_ER_IRQHandler                    0x0800026b   Thumb Code     0  startup_stm32f446xx.o(.text)
    FMPI2C1_EV_IRQHandler                    0x0800026b   Thumb Code     0  startup_stm32f446xx.o(.text)
    FPU_IRQHandler                           0x0800026b   Thumb Code     0  startup_stm32f446xx.o(.text)
    I2C1_ER_IRQHandler                       0x0800026b   Thumb Code     0  startup_stm32f446xx.o(.text)
    I2C2_ER_IRQHandler                       0x0800026b   Thumb Code     0  startup_stm32f446xx.o(.text)
    I2C2_EV_IRQHandler                       0x0800026b   Thumb Code     0  startup_stm32f446xx.o(.text)
    I2C3_ER_IRQHandler                       0x0800026b   Thumb Code     0  startup_stm32f446xx.o(.text)
    I2C3_EV_IRQHandler                       0x0800026b   Thumb Code     0  startup_stm32f446xx.o(.text)
    OTG_FS_IRQHandler                        0x0800026b   Thumb Code     0  startup_stm32f446xx.o(.text)
    OTG_FS_WKUP_IRQHandler                   0x0800026b   Thumb Code     0  startup_stm32f446xx.o(.text)
    OTG_HS_EP1_IN_IRQHandler                 0x0800026b   Thumb Code     0  startup_stm32f446xx.o(.text)
    OTG_HS_EP1_OUT_IRQHandler                0x0800026b   Thumb Code     0  startup_stm32f446xx.o(.text)
    OTG_HS_IRQHandler                        0x0800026b   Thumb Code     0  startup_stm32f446xx.o(.text)
    OTG_HS_WKUP_IRQHandler                   0x0800026b   Thumb Code     0  startup_stm32f446xx.o(.text)
    PVD_IRQHandler                           0x0800026b   Thumb Code     0  startup_stm32f446xx.o(.text)
    QUADSPI_IRQHandler                       0x0800026b   Thumb Code     0  startup_stm32f446xx.o(.text)
    RCC_IRQHandler                           0x0800026b   Thumb Code     0  startup_stm32f446xx.o(.text)
    RTC_Alarm_IRQHandler                     0x0800026b   Thumb Code     0  startup_stm32f446xx.o(.text)
    RTC_WKUP_IRQHandler                      0x0800026b   Thumb Code     0  startup_stm32f446xx.o(.text)
    SAI1_IRQHandler                          0x0800026b   Thumb Code     0  startup_stm32f446xx.o(.text)
    SAI2_IRQHandler                          0x0800026b   Thumb Code     0  startup_stm32f446xx.o(.text)
    SDIO_IRQHandler                          0x0800026b   Thumb Code     0  startup_stm32f446xx.o(.text)
    SPDIF_RX_IRQHandler                      0x0800026b   Thumb Code     0  startup_stm32f446xx.o(.text)
    SPI1_IRQHandler                          0x0800026b   Thumb Code     0  startup_stm32f446xx.o(.text)
    SPI2_IRQHandler                          0x0800026b   Thumb Code     0  startup_stm32f446xx.o(.text)
    SPI3_IRQHandler                          0x0800026b   Thumb Code     0  startup_stm32f446xx.o(.text)
    SPI4_IRQHandler                          0x0800026b   Thumb Code     0  startup_stm32f446xx.o(.text)
    TAMP_STAMP_IRQHandler                    0x0800026b   Thumb Code     0  startup_stm32f446xx.o(.text)
    TIM1_BRK_TIM9_IRQHandler                 0x0800026b   Thumb Code     0  startup_stm32f446xx.o(.text)
    TIM1_CC_IRQHandler                       0x0800026b   Thumb Code     0  startup_stm32f446xx.o(.text)
    TIM1_TRG_COM_TIM11_IRQHandler            0x0800026b   Thumb Code     0  startup_stm32f446xx.o(.text)
    TIM1_UP_TIM10_IRQHandler                 0x0800026b   Thumb Code     0  startup_stm32f446xx.o(.text)
    TIM2_IRQHandler                          0x0800026b   Thumb Code     0  startup_stm32f446xx.o(.text)
    TIM3_IRQHandler                          0x0800026b   Thumb Code     0  startup_stm32f446xx.o(.text)
    TIM4_IRQHandler                          0x0800026b   Thumb Code     0  startup_stm32f446xx.o(.text)
    TIM5_IRQHandler                          0x0800026b   Thumb Code     0  startup_stm32f446xx.o(.text)
    TIM6_DAC_IRQHandler                      0x0800026b   Thumb Code     0  startup_stm32f446xx.o(.text)
    TIM7_IRQHandler                          0x0800026b   Thumb Code     0  startup_stm32f446xx.o(.text)
    TIM8_BRK_TIM12_IRQHandler                0x0800026b   Thumb Code     0  startup_stm32f446xx.o(.text)
    TIM8_CC_IRQHandler                       0x0800026b   Thumb Code     0  startup_stm32f446xx.o(.text)
    TIM8_TRG_COM_TIM14_IRQHandler            0x0800026b   Thumb Code     0  startup_stm32f446xx.o(.text)
    TIM8_UP_TIM13_IRQHandler                 0x0800026b   Thumb Code     0  startup_stm32f446xx.o(.text)
    UART4_IRQHandler                         0x0800026b   Thumb Code     0  startup_stm32f446xx.o(.text)
    UART5_IRQHandler                         0x0800026b   Thumb Code     0  startup_stm32f446xx.o(.text)
    USART1_IRQHandler                        0x0800026b   Thumb Code     0  startup_stm32f446xx.o(.text)
    USART3_IRQHandler                        0x0800026b   Thumb Code     0  startup_stm32f446xx.o(.text)
    USART6_IRQHandler                        0x0800026b   Thumb Code     0  startup_stm32f446xx.o(.text)
    WWDG_IRQHandler                          0x0800026b   Thumb Code     0  startup_stm32f446xx.o(.text)
    __user_initial_stackheap                 0x0800026d   Thumb Code     0  startup_stm32f446xx.o(.text)
    malloc                                   0x08000291   Thumb Code    94  h1_alloc.o(.text)
    strcpy                                   0x080002ef   Thumb Code    72  strcpy.o(.text)
    strlen                                   0x08000337   Thumb Code    62  strlen.o(.text)
    __use_two_region_memory                  0x08000375   Thumb Code     2  heapauxi.o(.text)
    __rt_heap_escrow                         0x08000377   Thumb Code     2  heapauxi.o(.text)
    __rt_heap_expand                         0x08000379   Thumb Code     2  heapauxi.o(.text)
    __rt_heap_descriptor                     0x0800037d   Thumb Code     8  rt_heap_descriptor_intlibspace.o(.text)
    __use_no_heap                            0x08000385   Thumb Code     2  hguard.o(.text)
    __heap$guard                             0x08000387   Thumb Code     2  hguard.o(.text)
    _terminate_user_alloc                    0x08000389   Thumb Code     2  init_alloc.o(.text)
    _init_user_alloc                         0x0800038b   Thumb Code     2  init_alloc.o(.text)
    __Heap_Full                              0x0800038d   Thumb Code    34  init_alloc.o(.text)
    __Heap_Broken                            0x080003af   Thumb Code     6  init_alloc.o(.text)
    _init_alloc                              0x080003b5   Thumb Code    94  init_alloc.o(.text)
    __Heap_Initialize                        0x08000413   Thumb Code    10  h1_init.o(.text)
    __Heap_DescSize                          0x0800041d   Thumb Code     4  h1_init.o(.text)
    free                                     0x08000421   Thumb Code    78  h1_free.o(.text)
    __user_libspace                          0x08000471   Thumb Code     8  libspace.o(.text)
    __user_perproc_libspace                  0x08000471   Thumb Code     0  libspace.o(.text)
    __user_perthread_libspace                0x08000471   Thumb Code     0  libspace.o(.text)
    __Heap_ProvideMemory                     0x08000479   Thumb Code    52  h1_extend.o(.text)
    _maybe_terminate_alloc                   0x08000479   Thumb Code     0  maybetermalloc1.o(.text)
    __rt_SIGRTMEM                            0x080004ad   Thumb Code    14  defsig_rtmem_outer.o(.text)
    __I$use$semihosting                      0x080004bb   Thumb Code     0  use_no_semi.o(.text)
    __use_no_semihosting_swi                 0x080004bb   Thumb Code     2  use_no_semi.o(.text)
    __semihosting_library_function           0x080004bd   Thumb Code     0  indicate_semi.o(.text)
    __user_setup_stackheap                   0x080004bd   Thumb Code    74  sys_stackheap_outer.o(.text)
    exit                                     0x08000507   Thumb Code    18  exit.o(.text)
    __sig_exit                               0x08000519   Thumb Code    10  defsig_exit.o(.text)
    __rt_SIGRTMEM_inner                      0x08000525   Thumb Code    22  defsig_rtmem_inner.o(.text)
    _sys_exit                                0x08000575   Thumb Code     8  sys_exit.o(.text)
    __default_signal_display                 0x08000581   Thumb Code    50  defsig_general.o(.text)
    _ttywrch                                 0x080005b3   Thumb Code    14  sys_wrch.o(.text)
    GPIO_Init                                0x080005c1   Thumb Code   272  gpio.o(.text.GPIO_Init)
    GPIO_WritePin                            0x080006d1   Thumb Code    80  gpio.o(.text.GPIO_WritePin)
    I2C1_Address                             0x08000721   Thumb Code    76  i2c.o(.text.I2C1_Address)
    I2C1_Config                              0x0800076d   Thumb Code   256  i2c.o(.text.I2C1_Config)
    I2C1_EV_IRQHandler                       0x0800086d   Thumb Code   176  main.o(.text.I2C1_EV_IRQHandler)
    I2C1_ReceiveSlave                        0x0800091d   Thumb Code   248  i2c.o(.text.I2C1_ReceiveSlave)
    I2C1_SetAddress                          0x08000a15   Thumb Code    38  i2c.o(.text.I2C1_SetAddress)
    I2C1_Start                               0x08000a3d   Thumb Code    38  i2c.o(.text.I2C1_Start)
    I2C1_Stop                                0x08000a65   Thumb Code    18  i2c.o(.text.I2C1_Stop)
    I2C1_TransmitMaster                      0x08000a79   Thumb Code    64  i2c.o(.text.I2C1_TransmitMaster)
    I2C1_Write                               0x08000ab9   Thumb Code    68  i2c.o(.text.I2C1_Write)
    SysTick_Handler                          0x08000b51   Thumb Code    16  sys_init.o(.text.SysTick_Handler)
    SystemInit                               0x08000b61   Thumb Code    18  system_stm32f4xx.o(.text.SystemInit)
    UART2_Config                             0x08000b75   Thumb Code   184  usart.o(.text.UART2_Config)
    UART_GetChar                             0x08000c2d   Thumb Code    36  usart.o(.text.UART_GetChar)
    UART_SendChar                            0x08000c51   Thumb Code    36  usart.o(.text.UART_SendChar)
    UART_SendString                          0x08000c75   Thumb Code    40  usart.o(.text.UART_SendString)
    USART2_IRQHandler                        0x08000c9d   Thumb Code    40  main.o(.text.USART2_IRQHandler)
    getString                                0x08000e59   Thumb Code   112  main.o(.text.getString)
    inf_read_loop                            0x08000ec9   Thumb Code   100  main.o(.text.inf_read_loop)
    initClock                                0x08000f2d   Thumb Code   214  clock.o(.text.initClock)
    main                                     0x08001005   Thumb Code   204  main.o(.text.main)
    ms_delay                                 0x080010d1   Thumb Code    48  sys_init.o(.text.ms_delay)
    sendString                               0x08001101   Thumb Code    24  usart.o(.text.sendString)
    sysInit                                  0x08001119   Thumb Code    16  sys_init.o(.text.sysInit)
    _fp_init                                 0x08001129   Thumb Code    26  fpinit.o(x$fpl$fpinit)
    __fplib_config_fpu_vfp                   0x08001141   Thumb Code     0  fpinit.o(x$fpl$fpinit)
    __fplib_config_pureend_doubles           0x08001141   Thumb Code     0  fpinit.o(x$fpl$fpinit)
    Region$$Table$$Base                      0x08001194   Number         0  anon$$obj.o(Region$$Table)
    Region$$Table$$Limit                     0x080011a4   Number         0  anon$$obj.o(Region$$Table)
    __libspace_start                         0x20000000   Data          96  libspace.o(.bss)
    __temporary_stack_top$libspace           0x20000060   Data           0  libspace.o(.bss)



==============================================================================

Memory Map of the image

  Image Entry point : 0x08000251

  Load Region LR_1 (Base: 0x08000000, Size: 0x000011a4, Max: 0xffffffff, ABSOLUTE)

    Execution Region ER_RO (Exec base: 0x08000000, Load base: 0x08000000, Size: 0x000011a4, Max: 0xffffffff, ABSOLUTE)

    Exec Addr    Load Addr    Size         Type   Attr      Idx    E Section Name        Object

    0x08000000   0x08000000   0x000001c4   Data   RO          128    RESET               startup_stm32f446xx.o
    0x080001c4   0x080001c4   0x00000008   Code   RO          213  * !!!main             c_w.l(__main.o)
    0x080001cc   0x080001cc   0x00000034   Code   RO          428    !!!scatter          c_w.l(__scatter.o)
    0x08000200   0x08000200   0x0000001c   Code   RO          430    !!handler_zi        c_w.l(__scatter_zi.o)
    0x0800021c   0x0800021c   0x00000002   Code   RO          363    .ARM.Collect$$libinit$$00000000  c_w.l(libinit.o)
    0x0800021e   0x0800021e   0x00000004   Code   RO          251    .ARM.Collect$$libinit$$00000001  c_w.l(libinit2.o)
    0x08000222   0x08000222   0x00000000   Code   RO          254    .ARM.Collect$$libinit$$00000004  c_w.l(libinit2.o)
    0x08000222   0x08000222   0x00000000   Code   RO          256    .ARM.Collect$$libinit$$00000006  c_w.l(libinit2.o)
    0x08000222   0x08000222   0x00000008   Code   RO          257    .ARM.Collect$$libinit$$00000007  c_w.l(libinit2.o)
    0x0800022a   0x0800022a   0x00000000   Code   RO          259    .ARM.Collect$$libinit$$0000000C  c_w.l(libinit2.o)
    0x0800022a   0x0800022a   0x00000000   Code   RO          261    .ARM.Collect$$libinit$$0000000E  c_w.l(libinit2.o)
    0x0800022a   0x0800022a   0x00000000   Code   RO          263    .ARM.Collect$$libinit$$00000010  c_w.l(libinit2.o)
    0x0800022a   0x0800022a   0x00000000   Code   RO          266    .ARM.Collect$$libinit$$00000013  c_w.l(libinit2.o)
    0x0800022a   0x0800022a   0x00000000   Code   RO          268    .ARM.Collect$$libinit$$00000015  c_w.l(libinit2.o)
    0x0800022a   0x0800022a   0x00000000   Code   RO          270    .ARM.Collect$$libinit$$00000017  c_w.l(libinit2.o)
    0x0800022a   0x0800022a   0x00000000   Code   RO          272    .ARM.Collect$$libinit$$00000019  c_w.l(libinit2.o)
    0x0800022a   0x0800022a   0x00000000   Code   RO          274    .ARM.Collect$$libinit$$0000001B  c_w.l(libinit2.o)
    0x0800022a   0x0800022a   0x00000000   Code   RO          276    .ARM.Collect$$libinit$$0000001D  c_w.l(libinit2.o)
    0x0800022a   0x0800022a   0x00000000   Code   RO          278    .ARM.Collect$$libinit$$0000001F  c_w.l(libinit2.o)
    0x0800022a   0x0800022a   0x00000000   Code   RO          280    .ARM.Collect$$libinit$$00000021  c_w.l(libinit2.o)
    0x0800022a   0x0800022a   0x00000000   Code   RO          282    .ARM.Collect$$libinit$$00000023  c_w.l(libinit2.o)
    0x0800022a   0x0800022a   0x00000000   Code   RO          284    .ARM.Collect$$libinit$$00000025  c_w.l(libinit2.o)
    0x0800022a   0x0800022a   0x00000000   Code   RO          286    .ARM.Collect$$libinit$$00000027  c_w.l(libinit2.o)
    0x0800022a   0x0800022a   0x00000000   Code   RO          290    .ARM.Collect$$libinit$$0000002E  c_w.l(libinit2.o)
    0x0800022a   0x0800022a   0x00000000   Code   RO          292    .ARM.Collect$$libinit$$00000030  c_w.l(libinit2.o)
    0x0800022a   0x0800022a   0x00000000   Code   RO          294    .ARM.Collect$$libinit$$00000032  c_w.l(libinit2.o)
    0x0800022a   0x0800022a   0x00000000   Code   RO          296    .ARM.Collect$$libinit$$00000034  c_w.l(libinit2.o)
    0x0800022a   0x0800022a   0x00000002   Code   RO          297    .ARM.Collect$$libinit$$00000035  c_w.l(libinit2.o)
    0x0800022c   0x0800022c   0x00000002   Code   RO          425    .ARM.Collect$$libshutdown$$00000000  c_w.l(libshutdown.o)
    0x0800022e   0x0800022e   0x00000000   Code   RO          379    .ARM.Collect$$libshutdown$$00000002  c_w.l(libshutdown2.o)
    0x0800022e   0x0800022e   0x00000000   Code   RO          381    .ARM.Collect$$libshutdown$$00000004  c_w.l(libshutdown2.o)
    0x0800022e   0x0800022e   0x00000000   Code   RO          384    .ARM.Collect$$libshutdown$$00000007  c_w.l(libshutdown2.o)
    0x0800022e   0x0800022e   0x00000000   Code   RO          387    .ARM.Collect$$libshutdown$$0000000A  c_w.l(libshutdown2.o)
    0x0800022e   0x0800022e   0x00000000   Code   RO          389    .ARM.Collect$$libshutdown$$0000000C  c_w.l(libshutdown2.o)
    0x0800022e   0x0800022e   0x00000000   Code   RO          392    .ARM.Collect$$libshutdown$$0000000F  c_w.l(libshutdown2.o)
    0x0800022e   0x0800022e   0x00000002   Code   RO          393    .ARM.Collect$$libshutdown$$00000010  c_w.l(libshutdown2.o)
    0x08000230   0x08000230   0x00000000   Code   RO          217    .ARM.Collect$$rtentry$$00000000  c_w.l(__rtentry.o)
    0x08000230   0x08000230   0x00000000   Code   RO          306    .ARM.Collect$$rtentry$$00000002  c_w.l(__rtentry2.o)
    0x08000230   0x08000230   0x00000006   Code   RO          318    .ARM.Collect$$rtentry$$00000004  c_w.l(__rtentry4.o)
    0x08000236   0x08000236   0x00000000   Code   RO          308    .ARM.Collect$$rtentry$$00000009  c_w.l(__rtentry2.o)
    0x08000236   0x08000236   0x00000004   Code   RO          309    .ARM.Collect$$rtentry$$0000000A  c_w.l(__rtentry2.o)
    0x0800023a   0x0800023a   0x00000000   Code   RO          311    .ARM.Collect$$rtentry$$0000000C  c_w.l(__rtentry2.o)
    0x0800023a   0x0800023a   0x00000008   Code   RO          312    .ARM.Collect$$rtentry$$0000000D  c_w.l(__rtentry2.o)
    0x08000242   0x08000242   0x00000002   Code   RO          368    .ARM.Collect$$rtexit$$00000000  c_w.l(rtexit.o)
    0x08000244   0x08000244   0x00000000   Code   RO          399    .ARM.Collect$$rtexit$$00000002  c_w.l(rtexit2.o)
    0x08000244   0x08000244   0x00000004   Code   RO          400    .ARM.Collect$$rtexit$$00000003  c_w.l(rtexit2.o)
    0x08000248   0x08000248   0x00000006   Code   RO          401    .ARM.Collect$$rtexit$$00000004  c_w.l(rtexit2.o)
    0x0800024e   0x0800024e   0x00000002   PAD
    0x08000250   0x08000250   0x00000040   Code   RO          129  * .text               startup_stm32f446xx.o
    0x08000290   0x08000290   0x0000005e   Code   RO          153    .text               c_w.l(h1_alloc.o)
    0x080002ee   0x080002ee   0x00000048   Code   RO          207    .text               c_w.l(strcpy.o)
    0x08000336   0x08000336   0x0000003e   Code   RO          209    .text               c_w.l(strlen.o)
    0x08000374   0x08000374   0x00000006   Code   RO          211    .text               c_w.l(heapauxi.o)
    0x0800037a   0x0800037a   0x00000002   PAD
    0x0800037c   0x0800037c   0x00000008   Code   RO          221    .text               c_w.l(rt_heap_descriptor_intlibspace.o)
    0x08000384   0x08000384   0x00000004   Code   RO          223    .text               c_w.l(hguard.o)
    0x08000388   0x08000388   0x0000008a   Code   RO          225    .text               c_w.l(init_alloc.o)
    0x08000412   0x08000412   0x0000000e   Code   RO          231    .text               c_w.l(h1_init.o)
    0x08000420   0x08000420   0x0000004e   Code   RO          233    .text               c_w.l(h1_free.o)
    0x0800046e   0x0800046e   0x00000002   PAD
    0x08000470   0x08000470   0x00000008   Code   RO          302    .text               c_w.l(libspace.o)
    0x08000478   0x08000478   0x00000000   Code   RO          322    .text               c_w.l(maybetermalloc1.o)
    0x08000478   0x08000478   0x00000034   Code   RO          324    .text               c_w.l(h1_extend.o)
    0x080004ac   0x080004ac   0x0000000e   Code   RO          328    .text               c_w.l(defsig_rtmem_outer.o)
    0x080004ba   0x080004ba   0x00000002   Code   RO          339    .text               c_w.l(use_no_semi.o)
    0x080004bc   0x080004bc   0x00000000   Code   RO          341    .text               c_w.l(indicate_semi.o)
    0x080004bc   0x080004bc   0x0000004a   Code   RO          342    .text               c_w.l(sys_stackheap_outer.o)
    0x08000506   0x08000506   0x00000012   Code   RO          348    .text               c_w.l(exit.o)
    0x08000518   0x08000518   0x0000000a   Code   RO          350    .text               c_w.l(defsig_exit.o)
    0x08000522   0x08000522   0x00000002   PAD
    0x08000524   0x08000524   0x00000050   Code   RO          352    .text               c_w.l(defsig_rtmem_inner.o)
    0x08000574   0x08000574   0x0000000c   Code   RO          364    .text               c_w.l(sys_exit.o)
    0x08000580   0x08000580   0x00000032   Code   RO          376    .text               c_w.l(defsig_general.o)
    0x080005b2   0x080005b2   0x0000000e   Code   RO          394    .text               c_w.l(sys_wrch.o)
    0x080005c0   0x080005c0   0x00000110   Code   RO           38    .text.GPIO_Init     gpio.o
    0x080006d0   0x080006d0   0x00000050   Code   RO           36    .text.GPIO_WritePin  gpio.o
    0x08000720   0x08000720   0x0000004c   Code   RO          112    .text.I2C1_Address  i2c.o
    0x0800076c   0x0800076c   0x00000100   Code   RO          100    .text.I2C1_Config   i2c.o
    0x0800086c   0x0800086c   0x000000b0   Code   RO            6    .text.I2C1_EV_IRQHandler  main.o
    0x0800091c   0x0800091c   0x000000f8   Code   RO          118    .text.I2C1_ReceiveSlave  i2c.o
    0x08000a14   0x08000a14   0x00000026   Code   RO          102    .text.I2C1_SetAddress  i2c.o
    0x08000a3a   0x08000a3a   0x00000002   PAD
    0x08000a3c   0x08000a3c   0x00000026   Code   RO          108    .text.I2C1_Start    i2c.o
    0x08000a62   0x08000a62   0x00000002   PAD
    0x08000a64   0x08000a64   0x00000012   Code   RO          110    .text.I2C1_Stop     i2c.o
    0x08000a76   0x08000a76   0x00000002   PAD
    0x08000a78   0x08000a78   0x00000040   Code   RO          116    .text.I2C1_TransmitMaster  i2c.o
    0x08000ab8   0x08000ab8   0x00000044   Code   RO          114    .text.I2C1_Write    i2c.o
    0x08000afc   0x08000afc   0x00000052   Code   RO           51    .text.SysTick_Config  sys_init.o
    0x08000b4e   0x08000b4e   0x00000002   PAD
    0x08000b50   0x08000b50   0x00000010   Code   RO           47    .text.SysTick_Handler  sys_init.o
    0x08000b60   0x08000b60   0x00000012   Code   RO          136    .text.SystemInit    system_stm32f4xx.o
    0x08000b72   0x08000b72   0x00000002   PAD
    0x08000b74   0x08000b74   0x000000b8   Code   RO           83    .text.UART2_Config  usart.o
    0x08000c2c   0x08000c2c   0x00000024   Code   RO           73    .text.UART_GetChar  usart.o
    0x08000c50   0x08000c50   0x00000024   Code   RO           69    .text.UART_SendChar  usart.o
    0x08000c74   0x08000c74   0x00000028   Code   RO           77    .text.UART_SendString  usart.o
    0x08000c9c   0x08000c9c   0x00000028   Code   RO            4    .text.USART2_IRQHandler  main.o
    0x08000cc4   0x08000cc4   0x00000038   Code   RO            8    .text.__NVIC_DisableIRQ  main.o
    0x08000cfc   0x08000cfc   0x00000030   Code   RO           10    .text.__NVIC_EnableIRQ  main.o
    0x08000d2c   0x08000d2c   0x00000030   Code   RO           87    .text.__NVIC_EnableIRQ  usart.o
    0x08000d5c   0x08000d5c   0x00000030   Code   RO          106    .text.__NVIC_EnableIRQ  i2c.o
    0x08000d8c   0x08000d8c   0x00000042   Code   RO           57    .text.__NVIC_SetPriority  sys_init.o
    0x08000dce   0x08000dce   0x00000002   PAD
    0x08000dd0   0x08000dd0   0x00000042   Code   RO           85    .text.__NVIC_SetPriority  usart.o
    0x08000e12   0x08000e12   0x00000002   PAD
    0x08000e14   0x08000e14   0x00000042   Code   RO          104    .text.__NVIC_SetPriority  i2c.o
    0x08000e56   0x08000e56   0x00000002   PAD
    0x08000e58   0x08000e58   0x00000070   Code   RO            2    .text.getString     main.o
    0x08000ec8   0x08000ec8   0x00000064   Code   RO           12    .text.inf_read_loop  main.o
    0x08000f2c   0x08000f2c   0x000000d6   Code   RO           28    .text.initClock     clock.o
    0x08001002   0x08001002   0x00000002   PAD
    0x08001004   0x08001004   0x000000cc   Code   RO           14    .text.main          main.o
    0x080010d0   0x080010d0   0x00000030   Code   RO           55    .text.ms_delay      sys_init.o
    0x08001100   0x08001100   0x00000018   Code   RO           81    .text.sendString    usart.o
    0x08001118   0x08001118   0x00000010   Code   RO           49    .text.sysInit       sys_init.o
    0x08001128   0x08001128   0x0000001a   Code   RO          337    x$fpl$fpinit        fz_wm.l(fpinit.o)
    0x08001142   0x08001142   0x00000052   Data   RO           19    .rodata.str1.1      main.o
    0x08001194   0x08001194   0x00000010   Data   RO          427    Region$$Table       anon$$obj.o


    Execution Region ER_RW (Exec base: 0x20000000, Load base: 0x080011a4, Size: 0x00000000, Max: 0xffffffff, ABSOLUTE)

    **** No section assigned to this execution region ****


    Execution Region ER_ZI (Exec base: 0x20000000, Load base: 0x080011a4, Size: 0x000006a0, Max: 0xffffffff, ABSOLUTE)

    Exec Addr    Load Addr    Size         Type   Attr      Idx    E Section Name        Object

    0x20000000        -       0x00000060   Zero   RW          303    .bss                c_w.l(libspace.o)
    0x20000060        -       0x00000032   Zero   RW           16    .bss.input_buff     main.o
    0x20000092   0x080011a4   0x00000002   PAD
    0x20000094        -       0x00000004   Zero   RW           59    .bss.msTicks        sys_init.o
    0x20000098        -       0x00000001   Zero   RW           17    .bss.rcv_ptr        main.o
    0x20000099   0x080011a4   0x00000003   PAD
    0x2000009c        -       0x00000004   Zero   RW           18    .bss.rcv_str        main.o
    0x200000a0        -       0x00000200   Zero   RW          127    HEAP                startup_stm32f446xx.o
    0x200002a0        -       0x00000400   Zero   RW          126    STACK               startup_stm32f446xx.o


==============================================================================

Image component sizes


      Code (inc. data)   RO Data    RW Data    ZI Data      Debug   Object Name

       214          0          0          0          0       1797   clock.o
       352          0          0          0          0       2695   gpio.o
       920          0          0          0          0       6595   i2c.o
       736          0         82          0         55       5442   main.o
        64         26        452          0       1536        912   startup_stm32f446xx.o
       228          0          0          0          4       4679   sys_init.o
        18          0          0          0          0       2759   system_stm32f4xx.o
       434          0          0          0          0       7067   usart.o

    ----------------------------------------------------------------------
      2984         26        550          0       1600      31946   Object Totals
         0          0         16          0          0          0   (incl. Generated)
        18          0          0          0          5          0   (incl. Padding)

    ----------------------------------------------------------------------

      Code (inc. data)   RO Data    RW Data    ZI Data      Debug   Library Member Name

         8          0          0          0          0         68   __main.o
         0          0          0          0          0          0   __rtentry.o
        12          0          0          0          0          0   __rtentry2.o
         6          0          0          0          0          0   __rtentry4.o
        52          8          0          0          0          0   __scatter.o
        28          0          0          0          0          0   __scatter_zi.o
        10          0          0          0          0         68   defsig_exit.o
        50          0          0          0          0         88   defsig_general.o
        80         58          0          0          0         76   defsig_rtmem_inner.o
        14          0          0          0          0         80   defsig_rtmem_outer.o
        18          0          0          0          0         80   exit.o
        94          0          0          0          0         80   h1_alloc.o
        52          0          0          0          0         68   h1_extend.o
        78          0          0          0          0         80   h1_free.o
        14          0          0          0          0         84   h1_init.o
         6          0          0          0          0        152   heapauxi.o
         4          0          0          0          0        136   hguard.o
         0          0          0          0          0          0   indicate_semi.o
       138          0          0          0          0        168   init_alloc.o
         2          0          0          0          0          0   libinit.o
        14          0          0          0          0          0   libinit2.o
         2          0          0          0          0          0   libshutdown.o
         2          0          0          0          0          0   libshutdown2.o
         8          4          0          0         96         68   libspace.o
         0          0          0          0          0          0   maybetermalloc1.o
         8          4          0          0          0         68   rt_heap_descriptor_intlibspace.o
         2          0          0          0          0          0   rtexit.o
        10          0          0          0          0          0   rtexit2.o
        72          0          0          0          0         80   strcpy.o
        62          0          0          0          0         76   strlen.o
        12          4          0          0          0         68   sys_exit.o
        74          0          0          0          0         80   sys_stackheap_outer.o
        14          0          0          0          0         76   sys_wrch.o
         2          0          0          0          0         68   use_no_semi.o
        26          0          0          0          0        116   fpinit.o

    ----------------------------------------------------------------------
       982         78          0          0         96       1928   Library Totals
         8          0          0          0          0          0   (incl. Padding)

    ----------------------------------------------------------------------

      Code (inc. data)   RO Data    RW Data    ZI Data      Debug   Library Name

       948         78          0          0         96       1812   c_w.l
        26          0          0          0          0        116   fz_wm.l

    ----------------------------------------------------------------------
       982         78          0          0         96       1928   Library Totals

    ----------------------------------------------------------------------

==============================================================================


      Code (inc. data)   RO Data    RW Data    ZI Data      Debug   

      3966        104        550          0       1696      32750   Grand Totals
      3966        104        550          0       1696      32750   ELF Image Totals
      3966        104        550          0          0          0   ROM Totals

==============================================================================

    Total RO  Size (Code + RO Data)                 4516 (   4.41kB)
    Total RW  Size (RW Data + ZI Data)              1696 (   1.66kB)
    Total ROM Size (Code + RO Data + RW Data)       4516 (   4.41kB)

==============================================================================

