Component: Arm Compiler for Embedded 6.19 Tool: armlink [5e73cb00]

==============================================================================

Section Cross References

    main.o(.text.setDelayTraffic) refers to main.o(.data.g_delayNS) for g_delayNS
    main.o(.text.setDelayTraffic) refers to main.o(.data.y_delayNS) for y_delayNS
    main.o(.text.setDelayTraffic) refers to main.o(.data.r_delayNS) for r_delayNS
    main.o(.text.setDelayTraffic) refers to main.o(.data.g_delayEW) for g_delayEW
    main.o(.text.setDelayTraffic) refers to main.o(.data.y_delayEW) for y_delayEW
    main.o(.text.setDelayTraffic) refers to main.o(.data.r_delayEW) for r_delayEW
    main.o(.ARM.exidx.text.setDelayTraffic) refers to main.o(.text.setDelayTraffic) for [Anonymous Symbol]
    main.o(.text.showTrafficConfig) refers to main.o(.data.g_delayNS) for g_delayNS
    main.o(.text.showTrafficConfig) refers to main.o(.data.y_delayNS) for y_delayNS
    main.o(.text.showTrafficConfig) refers to main.o(.data.r_delayNS) for r_delayNS
    main.o(.text.showTrafficConfig) refers to main.o(.bss.extraTime) for extraTime
    main.o(.text.showTrafficConfig) refers to main.o(.rodata.str1.1) for .L.str
    main.o(.text.showTrafficConfig) refers to sprintf.o(.text) for sprintf
    main.o(.text.showTrafficConfig) refers to main.o(.data.g_delayEW) for g_delayEW
    main.o(.text.showTrafficConfig) refers to main.o(.data.y_delayEW) for y_delayEW
    main.o(.text.showTrafficConfig) refers to main.o(.data.r_delayEW) for r_delayEW
    main.o(.text.showTrafficConfig) refers to usart.o(.text.UART_SendString) for UART_SendString
    main.o(.ARM.exidx.text.showTrafficConfig) refers to main.o(.text.showTrafficConfig) for [Anonymous Symbol]
    main.o(.text.showReportIntervalConfig) refers to main.o(.data.report_interval) for report_interval
    main.o(.text.showReportIntervalConfig) refers to main.o(.rodata.str1.1) for .L.str.2
    main.o(.text.showReportIntervalConfig) refers to sprintf.o(.text) for sprintf
    main.o(.text.showReportIntervalConfig) refers to usart.o(.text.UART_SendString) for UART_SendString
    main.o(.ARM.exidx.text.showReportIntervalConfig) refers to main.o(.text.showReportIntervalConfig) for [Anonymous Symbol]
    main.o(.text.show_traffic_info) refers to main.o(.rodata.str1.1) for .L.str.3
    main.o(.text.show_traffic_info) refers to main.o(.data.RED_NS) for RED_NS
    main.o(.text.show_traffic_info) refers to main.o(.data.GREEN_NS) for GREEN_NS
    main.o(.text.show_traffic_info) refers to main.o(.data.RED_EW) for RED_EW
    main.o(.text.show_traffic_info) refers to main.o(.data.GREEN_EW) for GREEN_EW
    main.o(.text.show_traffic_info) refers to main.o(.bss.global_time) for global_time
    main.o(.text.show_traffic_info) refers to sprintf.o(.text) for sprintf
    main.o(.text.show_traffic_info) refers to main.o(.bss.status) for status
    main.o(.text.show_traffic_info) refers to strcpy.o(.text) for strcpy
    main.o(.text.show_traffic_info) refers to usart.o(.text.UART_SendString) for UART_SendString
    main.o(.ARM.exidx.text.show_traffic_info) refers to main.o(.text.show_traffic_info) for [Anonymous Symbol]
    main.o(.text.parseCommand) refers to main.o(.rodata.str1.1) for .L.str.14
    main.o(.text.parseCommand) refers to sscanf.o(.text) for sscanf
    main.o(.text.parseCommand) refers to main.o(.text.setDelayTraffic) for setDelayTraffic
    main.o(.text.parseCommand) refers to main.o(.bss.extraTime) for extraTime
    main.o(.text.parseCommand) refers to main.o(.data.report_interval) for report_interval
    main.o(.text.parseCommand) refers to strlen.o(.text) for strlen
    main.o(.text.parseCommand) refers to main.o(.text.showTrafficConfig) for showTrafficConfig
    main.o(.text.parseCommand) refers to main.o(.text.showReportIntervalConfig) for showReportIntervalConfig
    main.o(.ARM.exidx.text.parseCommand) refers to main.o(.text.parseCommand) for [Anonymous Symbol]
    main.o(.text.clearLEDs) refers to gpio.o(.text.GPIO_WritePin) for GPIO_WritePin
    main.o(.ARM.exidx.text.clearLEDs) refers to main.o(.text.clearLEDs) for [Anonymous Symbol]
    main.o(.ARM.exidx.text.TIM5Config) refers to main.o(.text.TIM5Config) for [Anonymous Symbol]
    main.o(.ARM.exidx.text.TIM2Config) refers to main.o(.text.TIM2Config) for [Anonymous Symbol]
    main.o(.ARM.exidx.text.TIM3Config) refers to main.o(.text.TIM3Config) for [Anonymous Symbol]
    main.o(.text.tim5_delay) refers to main.o(.data.report_interval) for report_interval
    main.o(.text.tim5_delay) refers to main.o(.bss.global_time) for global_time
    main.o(.text.tim5_delay) refers to main.o(.text.show_traffic_info) for show_traffic_info
    main.o(.ARM.exidx.text.tim5_delay) refers to main.o(.text.tim5_delay) for [Anonymous Symbol]
    main.o(.text.getString) refers to usart.o(.text.UART_GetChar) for UART_GetChar
    main.o(.text.getString) refers to main.o(.bss.input_buff) for input_buff
[...]
    x$fpl$scanf2                             0x08004e16   Section        8  scanf2.o(x$fpl$scanf2)
    $v0                                      0x08004e1e   Number         0  trapv.o(x$fpl$trapveneer)
    x$fpl$trapveneer                         0x08004e1e   Section       48  trapv.o(x$fpl$trapveneer)
    x$fpl$usenofp                            0x08004e4e   Section        0  usenofp.o(x$fpl$usenofp)
    initial_mbstate                          0x08004e50   Data           8  _printf_wctomb.o(.constdata)
    .constdata                               0x08004e50   Section        8  _printf_wctomb.o(.constdata)
    uc_hextab                                0x08004e58   Data          20  _printf_hex_int_ll_ptr.o(.constdata)
    .constdata                               0x08004e58   Section       40  _printf_hex_int_ll_ptr.o(.constdata)
    lc_hextab                                0x08004e6c   Data          20  _printf_hex_int_ll_ptr.o(.constdata)
    maptable                                 0x08004e80   Data          17  __printf_flags_ss_wp.o(.constdata)
    .constdata                               0x08004e80   Section       17  __printf_flags_ss_wp.o(.constdata)
    lc_hextab                                0x08004e91   Data          19  _printf_fp_hex.o(.constdata)
    .constdata                               0x08004e91   Section       38  _printf_fp_hex.o(.constdata)
    uc_hextab                                0x08004ea4   Data          19  _printf_fp_hex.o(.constdata)
    tenpwrs_x                                0x08004eb8   Data          60  bigflt0.o(.constdata)
    .constdata                               0x08004eb8   Section      148  bigflt0.o(.constdata)
    tenpwrs_i                                0x08004ef4   Data          64  bigflt0.o(.constdata)
    .L.str.9                                 0x08004f4c   Data          25  main.o(.rodata.str1.1)
    [Anonymous Symbol]                       0x08004f4c   Section        0  main.o(.rodata.str1.1)
    .L.str.10                                0x08004f65   Data          23  main.o(.rodata.str1.1)
    .L.str.13                                0x08004f7c   Data          33  main.o(.rodata.str1.1)
    .L.str.18                                0x08004f9d   Data           5  main.o(.rodata.str1.1)
    .L.str.20                                0x08004fa2   Data          14  main.o(.rodata.str1.1)
    .L.str                                   0x08004fb0   Data          36  main.o(.rodata.str1.1)
    .L.str.1                                 0x08004fd4   Data          36  main.o(.rodata.str1.1)
    .L.str.2                                 0x08004ff8   Data          21  main.o(.rodata.str1.1)
    .L.str.23                                0x0800500d   Data          18  main.o(.rodata.str1.1)
    .L.str.21                                0x0800501f   Data          18  main.o(.rodata.str1.1)
    .L.str.22                                0x08005031   Data          19  main.o(.rodata.str1.1)
    .L.str.7                                 0x08005044   Data          30  main.o(.rodata.str1.1)
    .L.str.8                                 0x08005062   Data          29  main.o(.rodata.str1.1)
    .L.str.12                                0x0800507f   Data          33  main.o(.rodata.str1.1)
    .L.str.17                                0x080050a0   Data           8  main.o(.rodata.str1.1)
    .L.str.4                                 0x080050a8   Data           4  main.o(.rodata.str1.1)
    .L.str.3                                 0x080050ac   Data           3  main.o(.rodata.str1.1)
    .L.str.6                                 0x080050af   Data          14  main.o(.rodata.str1.1)
    .L.str.5                                 0x080050bd   Data          14  main.o(.rodata.str1.1)
    .L.str.14                                0x080050cb   Data          45  main.o(.rodata.str1.1)
    .L.str.15                                0x080050f8   Data          26  main.o(.rodata.str1.1)
    .L.str.16                                0x08005112   Data          22  main.o(.rodata.str1.1)
    .L.str.11                                0x08005128   Data           9  main.o(.rodata.str1.1)
    .L.str.19                                0x08005130   Data           1  main.o(.rodata.str1.1)
    .L.str                                   0x08005131   Data           9  i2c.o(.rodata.str1.1)
    [Anonymous Symbol]                       0x08005131   Section        0  i2c.o(.rodata.str1.1)
    c$$dinf                                  0x0800515c   Section        8  fpconst.o(c$$dinf)
    c$$dmax                                  0x08005164   Section        8  fpconst.o(c$$dmax)
    locale$$data                             0x0800516c   Section       28  lc_numeric_c.o(locale$$data)
    __lcnum_c_name                           0x08005170   Data           2  lc_numeric_c.o(locale$$data)
    __lcnum_c_start                          0x08005178   Data           0  lc_numeric_c.o(locale$$data)
    __lcnum_c_point                          0x08005184   Data           0  lc_numeric_c.o(locale$$data)
    __lcnum_c_thousands                      0x08005186   Data           0  lc_numeric_c.o(locale$$data)
    __lcnum_c_grouping                       0x08005187   Data           0  lc_numeric_c.o(locale$$data)
    __lcnum_c_end                            0x08005188   Data           0  lc_numeric_c.o(locale$$data)
    locale$$data                             0x08005188   Section      272  lc_ctype_c.o(locale$$data)
    __lcctype_c_name                         0x0800518c   Data           2  lc_ctype_c.o(locale$$data)
    __lcctype_c_start                        0x08005194   Data           0  lc_ctype_c.o(locale$$data)
    __lcctype_c_end                          0x08005298   Data           0  lc_ctype_c.o(locale$$data)
    GREEN_EW                                 0x20000000   Data           2  main.o(.data.GREEN_EW)
    [Anonymous Symbol]                       0x20000000   Section        0  main.o(.data.GREEN_EW)
    GREEN_NS                                 0x20000002   Data           2  main.o(.data.GREEN_NS)
    [Anonymous Symbol]                       0x20000002   Section        0  main.o(.data.GREEN_NS)
    RED_EW                                   0x20000004   Data           2  main.o(.data.RED_EW)
    [Anonymous Symbol]                       0x20000004   Section        0  main.o(.data.RED_EW)
    RED_NS                                   0x20000006   Data           2  main.o(.data.RED_NS)
    [Anonymous Symbol]                       0x20000006   Section        0  main.o(.data.RED_NS)
    TRAFFIC_EW                               0x20000008   Data           2  main.o(.data.TRAFFIC_EW)
    [Anonymous Symbol]                       0x20000008   Section        0  main.o(.data.TRAFFIC_EW)
    TRAFFIC_NS                               0x2000000a   Data           2  main.o(.data.TRAFFIC_NS)
    [Anonymous Symbol]                       0x2000000a   Section        0  main.o(.data.TRAFFIC_NS)
    g_delayEW                                0x2000000c   Data           2  main.o(.data.g_delayEW)
    [Anonymous Symbol]                       0x2000000c   Section        0  main.o(.data.g_delayEW)
    g_delayNS                                0x2000000e   Data           2  main.o(.data.g_delayNS)
    [Anonymous Symbol]                       0x2000000e   Section        0  main.o(.data.g_delayNS)
    r_delayEW                                0x20000010   Data           2  main.o(.data.r_delayEW)
    [Anonymous Symbol]                       0x20000010   Section        0  main.o(.data.r_delayEW)
    r_delayNS                                0x20000012   Data           2  main.o(.data.r_delayNS)
    [Anonymous Symbol]                       0x20000012   Section        0  main.o(.data.r_delayNS)
    report_interval                          0x20000014   Data           2  main.o(.data.report_interval)
    [Anonymous Symbol]                       0x20000014   Section        0  main.o(.data.report_interval)
    runningNS                                0x20000016   Data           2  main.o(.data.runningNS)
    [Anonymous Symbol]                       0x20000016   Section        0  main.o(.data.runningNS)
    runningTime                              0x20000018   Data           2  main.o(.data.runningTime)
    [Anonymous Symbol]                       0x20000018   Section        0  main.o(.data.runningTime)
    y_delayEW                                0x2000001a   Data           2  main.o(.data.y_delayEW)
    [Anonymous Symbol]                       0x2000001a   Section        0  main.o(.data.y_delayEW)
    y_delayNS                                0x2000001c   Data           2  main.o(.data.y_delayNS)
    [Anonymous Symbol]                       0x2000001c   Section        0  main.o(.data.y_delayNS)
    .bss                                     0x20000020   Section      228  rand.o(.bss)
    .bss                                     0x20000104   Section       96  libspace.o(.bss)
    balanced                                 0x20000164   Data           2  main.o(.bss.balanced)
    [Anonymous Symbol]                       0x20000164   Section        0  main.o(.bss.balanced)
    extraTime                                0x20000166   Data           2  main.o(.bss.extraTime)
    [Anonymous Symbol]                       0x20000166   Section        0  main.o(.bss.extraTime)
    global_time                              0x20000168   Data           4  main.o(.bss.global_time)
    [Anonymous Symbol]                       0x20000168   Section        0  main.o(.bss.global_time)
    input_buff                               0x2000016c   Data         100  main.o(.bss.input_buff)
    [Anonymous Symbol]                       0x2000016c   Section        0  main.o(.bss.input_buff)
    msTicks                                  0x200001d0   Data           4  sys_init.o(.bss.msTicks)
    [Anonymous Symbol]                       0x200001d0   Section        0  sys_init.o(.bss.msTicks)
    rcv_ptr                                  0x200001d4   Data           1  main.o(.bss.rcv_ptr)
    [Anonymous Symbol]                       0x200001d4   Section        0  main.o(.bss.rcv_ptr)
    rcv_str                                  0x200001d8   Data           4  main.o(.bss.rcv_str)
    [Anonymous Symbol]                       0x200001d8   Section        0  main.o(.bss.rcv_str)
    status                                   0x200001dc   Data         600  main.o(.bss.status)
    [Anonymous Symbol]                       0x200001dc   Section        0  main.o(.bss.status)
    trafficEW                                0x20000434   Data           2  main.o(.bss.trafficEW)
    [Anonymous Symbol]                       0x20000434   Section        0  main.o(.bss.trafficEW)
    trafficNS                                0x20000436   Data           2  main.o(.bss.trafficNS)
    [Anonymous Symbol]                       0x20000436   Section        0  main.o(.bss.trafficNS)
    Heap_Mem                                 0x20000438   Data         512  startup_stm32f446xx.o(HEAP)
    HEAP                                     0x20000438   Section      512  startup_stm32f446xx.o(HEAP)
    Stack_Mem                                0x20000638   Data        1024  startup_stm32f446xx.o(STACK)
    STACK                                    0x20000638   Section     1024  startup_stm32f446xx.o(STACK)
    __initial_sp                             0x20000a38   Data           0  startup_stm32f446xx.o(STACK)

    Global Symbols

    Symbol Name                              Value     Ov Type        Size  Object(Section)

    BuildAttributes$$THM_ISAv4$E$P$D$K$B$S$7EM$VFPi3$EXTD16$VFPS$VFMA$PE$A:L22UL41UL21$X:L11$S22US41US21$IEEE1$IW$~IW$USESV6$~STKCKD$USESV7$~SHL$OTIME$ROPI$IEEEX$EBA8$UX$STANDARDLIB$REQ8$PRES8$EABIv2 0x00000000   Number         0  anon$$obj.o ABSOLUTE
    _printf_flags                            0x00000000   Number         0  printf_stubs.o ABSOLUTE
    _printf_return_value                     0x00000000   Number         0  printf_stubs.o ABSOLUTE
    _printf_sizespec                         0x00000000   Number         0  printf_stubs.o ABSOLUTE
    _printf_widthprec                        0x00000000   Number         0  printf_stubs.o ABSOLUTE
    __ARM_exceptions_init                     - Undefined Weak Reference
    __alloca_initialize                       - Undefined Weak Reference
    __arm_preinit_                            - Undefined Weak Reference
    __arm_relocate_pie_                       - Undefined Weak Reference
    __cpp_initialize__aeabi_                  - Undefined Weak Reference
    __cxa_finalize                            - Undefined Weak Reference
    __sigvec_lookup                           - Undefined Weak Reference
    _atexit_init                              - Undefined Weak Reference
    _call_atexit_fns                          - Undefined Weak Reference
    _clock_init                               - Undefined Weak Reference
    _fp_trap_init                             - Undefined Weak Reference
    _fp_trap_shutdown                         - Undefined Weak Reference
    _get_lc_collate                           - Undefined Weak Reference
    _get_lc_monetary                          - Undefined Weak Reference
    _get_lc_time                              - Undefined Weak Reference
    _getenv_init                              - Undefined Weak Reference
    _handle_redirection                       - Undefined Weak Reference
    _init_alloc                               - Undefined Weak Reference
    _init_user_alloc                          - Undefined Weak Reference
    _initio                                   - Undefined Weak Reference
    _printf_mbtowc                            - Undefined Weak Reference
    _printf_wc                                - Undefined Weak Reference
    _signal_finish                            - Undefined Weak Reference
    _signal_init                              - Undefined Weak Reference
    _terminate_alloc                          - Undefined Weak Reference
    _terminate_user_alloc                     - Undefined Weak Reference
    _terminateio                              - Undefined Weak Reference
    __Vectors_Size                           0x000001c4   Number         0  startup_stm32f446xx.o ABSOLUTE
    __Vectors                                0x08000000   Data           4  startup_stm32f446xx.o(RESET)
    __Vectors_End                            0x080001c4   Data           0  startup_stm32f446xx.o(RESET)
    __main                                   0x080001c5   Thumb Code     8  __main.o(!!!main)
    __scatterload                            0x080001cd   Thumb Code     0  __scatter.o(!!!scatter)
    __scatterload_rt2                        0x080001cd   Thumb Code    44  __scatter.o(!!!scatter)
    __scatterload_rt2_thumb_only             0x080001cd   Thumb Code     0  __scatter.o(!!!scatter)
    __scatterload_null                       0x080001db   Thumb Code     0  __scatter.o(!!!scatter)
    __scatterload_copy                       0x08000201   Thumb Code    26  __scatter_copy.o(!!handler_copy)
    __scatterload_zeroinit                   0x0800021d   Thumb Code    28  __scatter_zi.o(!!handler_zi)
    _printf_n                                0x08000239   Thumb Code     0  _printf_n.o(.ARM.Collect$$_printf_percent$$00000001)
    _printf_percent                          0x08000239   Thumb Code     0  _printf_percent.o(.ARM.Collect$$_printf_percent$$00000000)
    _printf_p                                0x0800023f   Thumb Code     0  _printf_p.o(.ARM.Collect$$_printf_percent$$00000002)
    _printf_f                                0x08000245   Thumb Code     0  _printf_f.o(.ARM.Collect$$_printf_percent$$00000003)
    _printf_e                                0x0800024b   Thumb Code     0  _printf_e.o(.ARM.Collect$$_printf_percent$$00000004)
    _printf_g                                0x08000251   Thumb Code     0  _printf_g.o(.ARM.Collect$$_printf_percent$$00000005)
    _printf_a                                0x08000257   Thumb Code     0  _printf_a.o(.ARM.Collect$$_printf_percent$$00000006)
    _printf_ll                               0x0800025d   Thumb Code     0  _printf_ll.o(.ARM.Collect$$_printf_percent$$00000007)
    _printf_i                                0x08000267   Thumb Code     0  _printf_i.o(.ARM.Collect$$_printf_percent$$00000008)
    _printf_d                                0x0800026d   Thumb Code     0  _printf_d.o(.ARM.Collect$$_printf_percent$$00000009)
    _printf_u                                0x08000273   Thumb Code     0  _printf_u.o(.ARM.Collect$$_printf_percent$$0000000A)
    _printf_o                                0x08000279   Thumb Code     0  _printf_o.o(.ARM.Collect$$_printf_percent$$0000000B)
    _printf_x                                0x0800027f   Thumb Code     0  _printf_x.o(.ARM.Collect$$_printf_percent$$0000000C)
    _printf_lli                              0x08000285   Thumb Code     0  _printf_lli.o(.ARM.Collect$$_printf_percent$$0000000D)
    _printf_lld                              0x0800028b   Thumb Code     0  _printf_lld.o(.ARM.Collect$$_printf_percent$$0000000E)
    _printf_llu                              0x08000291   Thumb Code     0  _printf_llu.o(.ARM.Collect$$_printf_percent$$0000000F)
    _printf_llo                              0x08000297   Thumb Code     0  _printf_llo.o(.ARM.Collect$$_printf_percent$$00000010)
    _printf_llx                              0x0800029d   Thumb Code     0  _printf_llx.o(.ARM.Collect$$_printf_percent$$00000011)
    _printf_l                                0x080002a3   Thumb Code     0  _printf_l.o(.ARM.Collect$$_printf_percent$$00000012)
    _printf_c                                0x080002ad   Thumb Code     0  _printf_c.o(.ARM.Collect$$_printf_percent$$00000013)
    _printf_s                                0x080002b3   Thumb Code     0  _printf_s.o(.ARM.Collect$$_printf_percent$$00000014)
    _printf_lc                               0x080002b9   Thumb Code     0  _printf_lc.o(.ARM.Collect$$_printf_percent$$00000015)
    _printf_ls                               0x080002bf   Thumb Code     0  _printf_ls.o(.ARM.Collect$$_printf_percent$$00000016)
    _printf_percent_end                      0x080002c5   Thumb Code     0  _printf_percent_end.o(.ARM.Collect$$_printf_percent$$00000017)
    __rt_lib_init                            0x080002c9   Thumb Code     0  libinit.o(.ARM.Collect$$libinit$$00000000)
    __rt_lib_init_fp_1                       0x080002cb   Thumb Code     0  libinit2.o(.ARM.Collect$$libinit$$00000001)
    __rt_lib_init_heap_1                     0x080002cf   Thumb Code     0  libinit2.o(.ARM.Collect$$libinit$$0000000C)
    __rt_lib_init_preinit_1                  0x080002cf   Thumb Code     0  libinit2.o(.ARM.Collect$$libinit$$00000006)
    __rt_lib_init_rand_2                     0x080002cf   Thumb Code     0  libinit2.o(.ARM.Collect$$libinit$$0000000F)
    __rt_lib_init_relocate_pie_1             0x080002cf   Thumb Code     0  libinit2.o(.ARM.Collect$$libinit$$00000004)
    __rt_lib_init_user_alloc_1               0x080002cf   Thumb Code     0  libinit2.o(.ARM.Collect$$libinit$$0000000E)
    __rt_lib_init_lc_common                  0x080002d3   Thumb Code     0  libinit2.o(.ARM.Collect$$libinit$$00000011)
    __rt_lib_init_rand_1                     0x080002d3   Thumb Code     0  libinit2.o(.ARM.Collect$$libinit$$00000010)
    __rt_lib_init_lc_collate_1               0x080002d9   Thumb Code     0  libinit2.o(.ARM.Collect$$libinit$$00000013)
    __rt_lib_init_lc_ctype_2                 0x080002d9   Thumb Code     0  libinit2.o(.ARM.Collect$$libinit$$00000014)
    __rt_lib_init_lc_ctype_1                 0x080002e5   Thumb Code     0  libinit2.o(.ARM.Collect$$libinit$$00000015)
    __rt_lib_init_lc_monetary_1              0x080002e5   Thumb Code     0  libinit2.o(.ARM.Collect$$libinit$$00000017)
    __rt_lib_init_lc_numeric_2               0x080002e5   Thumb Code     0  libinit2.o(.ARM.Collect$$libinit$$00000018)
    __rt_lib_init_alloca_1                   0x080002ef   Thumb Code     0  libinit2.o(.ARM.Collect$$libinit$$00000030)
    __rt_lib_init_argv_1                     0x080002ef   Thumb Code     0  libinit2.o(.ARM.Collect$$libinit$$0000002E)
    __rt_lib_init_atexit_1                   0x080002ef   Thumb Code     0  libinit2.o(.ARM.Collect$$libinit$$0000001D)
    __rt_lib_init_clock_1                    0x080002ef   Thumb Code     0  libinit2.o(.ARM.Collect$$libinit$$00000023)
    __rt_lib_init_cpp_1                      0x080002ef   Thumb Code     0  libinit2.o(.ARM.Collect$$libinit$$00000034)
    __rt_lib_init_exceptions_1               0x080002ef   Thumb Code     0  libinit2.o(.ARM.Collect$$libinit$$00000032)
    __rt_lib_init_fp_trap_1                  0x080002ef   Thumb Code     0  libinit2.o(.ARM.Collect$$libinit$$00000021)
    __rt_lib_init_getenv_1                   0x080002ef   Thumb Code     0  libinit2.o(.ARM.Collect$$libinit$$00000025)
    __rt_lib_init_lc_numeric_1               0x080002ef   Thumb Code     0  libinit2.o(.ARM.Collect$$libinit$$00000019)
    __rt_lib_init_lc_time_1                  0x080002ef   Thumb Code     0  libinit2.o(.ARM.Collect$$libinit$$0000001B)
    __rt_lib_init_return                     0x080002ef   Thumb Code     0  libinit2.o(.ARM.Collect$$libinit$$00000035)
    __rt_lib_init_signal_1                   0x080002ef   Thumb Code     0  libinit2.o(.ARM.Collect$$libinit$$0000001F)
    __rt_lib_init_stdio_1                    0x080002ef   Thumb Code     0  libinit2.o(.ARM.Collect$$libinit$$00000027)
    __rt_lib_shutdown                        0x080002f1   Thumb Code     0  libshutdown.o(.ARM.Collect$$libshutdown$$00000000)
    __rt_lib_shutdown_cpp_1                  0x080002f3   Thumb Code     0  libshutdown2.o(.ARM.Collect$$libshutdown$$00000002)
    __rt_lib_shutdown_fp_trap_1              0x080002f3   Thumb Code     0  libshutdown2.o(.ARM.Collect$$libshutdown$$00000007)
    __rt_lib_shutdown_heap_1                 0x080002f3   Thumb Code     0  libshutdown2.o(.ARM.Collect$$libshutdown$$0000000F)
    __rt_lib_shutdown_return                 0x080002f3   Thumb Code     0  libshutdown2.o(.ARM.Collect$$libshutdown$$00000010)
    __rt_lib_shutdown_signal_1               0x080002f3   Thumb Code     0  libshutdown2.o(.ARM.Collect$$libshutdown$$0000000A)
    __rt_lib_shutdown_stdio_1                0x080002f3   Thumb Code     0  libshutdown2.o(.ARM.Collect$$libshutdown$$00000004)
    __rt_lib_shutdown_user_alloc_1           0x080002f3   Thumb Code     0  libshutdown2.o(.ARM.Collect$$libshutdown$$0000000C)
    __rt_entry                               0x080002f5   Thumb Code     0  __rtentry.o(.ARM.Collect$$rtentry$$00000000)
    __rt_entry_presh_1                       0x080002f5   Thumb Code     0  __rtentry2.o(.ARM.Collect$$rtentry$$00000002)
    __rt_entry_sh                            0x080002f5   Thumb Code     0  __rtentry4.o(.ARM.Collect$$rtentry$$00000004)
    __rt_entry_li                            0x080002fb   Thumb Code     0  __rtentry2.o(.ARM.Collect$$rtentry$$0000000A)
    __rt_entry_postsh_1                      0x080002fb   Thumb Code     0  __rtentry2.o(.ARM.Collect$$rtentry$$00000009)
    __rt_entry_main                          0x080002ff   Thumb Code     0  __rtentry2.o(.ARM.Collect$$rtentry$$0000000D)
    __rt_entry_postli_1                      0x080002ff   Thumb Code     0  __rtentry2.o(.ARM.Collect$$rtentry$$0000000C)
    __rt_exit                                0x08000307   Thumb Code     0  rtexit.o(.ARM.Collect$$rtexit$$00000000)
    __rt_exit_ls                             0x08000309   Thumb Code     0  rtexit2.o(.ARM.Collect$$rtexit$$00000003)
    __rt_exit_prels_1                        0x08000309   Thumb Code     0  rtexit2.o(.ARM.Collect$$rtexit$$00000002)
    __rt_exit_exit                           0x0800030d   Thumb Code     0  rtexit2.o(.ARM.Collect$$rtexit$$00000004)
    rand                                     0x08000315   Thumb Code    48  rand.o(.emb_text)
    Reset_Handler                            0x08000349   Thumb Code     8  startup_stm32f446xx.o(.text)
    NMI_Handler                              0x08000351   Thumb Code     2  startup_stm32f446xx.o(.text)
    HardFault_Handler                        0x08000353   Thumb Code     2  startup_stm32f446xx.o(.text)
    MemManage_Handler                        0x08000355   Thumb Code     2  startup_stm32f446xx.o(.text)
    BusFault_Handler                         0x08000357   Thumb Code     2  startup_stm32f446xx.o(.text)
    UsageFault_Handler                       0x08000359   Thumb Code     2  startup_stm32f446xx.o(.text)
    SVC_Handler                              0x0800035b   Thumb Code     2  startup_stm32f446xx.o(.text)
    DebugMon_Handler                         0x0800035d   Thumb Code     2  startup_stm32f446xx.o(.text)
    PendSV_Handler                           0x0800035f   Thumb Code     2  startup_stm32f446xx.o(.text)
    ADC_IRQHandler                           0x08000363   Thumb Code     0  startup_stm32f446xx.o(.text)
    CAN1_RX0_IRQHandler                      0x08000363   Thumb Code     0  startup_stm32f446xx.o(.text)
    CAN1_RX1_IRQHandler                      0x08000363   Thumb Code     0  startup_stm32f446xx.o(.text)
    CAN1_SCE_IRQHandler                      0x08000363   Thumb Code     0  startup_stm32f446xx.o(.text)
    CAN1_TX_IRQHandler                       0x08000363   Thumb Code     0  startup_stm32f446xx.o(.text)
    CAN2_RX0_IRQHandler                      0x08000363   Thumb Code     0  startup_stm32f446xx.o(.text)
    CAN2_RX1_IRQHandler                      0x08000363   Thumb Code     0  startup_stm32f446xx.o(.text)
    CAN2_SCE_IRQHandler                      0x08000363   Thumb Code     0  startup_stm32f446xx.o(.text)
    CAN2_TX_IRQHandler                       0x08000363   Thumb Code     0  startup_stm32f446xx.o(.text)
    CEC_IRQHandler                           0x08000363   Thumb Code     0  startup_stm32f446xx.o(.text)
    DCMI_IRQHandler                          0x08000363   Thumb Code     0  startup_stm32f446xx.o(.text)
    DMA1_Stream0_IRQHandler                  0x08000363   Thumb Code     0  startup_stm32f446xx.o(.text)
    DMA1_Stream1_IRQHandler                  0x08000363   Thumb Code     0  startup_stm32f446xx.o(.text)
    DMA1_Stream2_IRQHandler                  0x08000363   Thumb Code     0  startup_stm32f446xx.o(.text)
    DMA1_Stream3_IRQHandler                  0x08000363   Thumb Code     0  startup_stm32f446xx.o(.text)
    DMA1_Stream4_IRQHandler                  0x08000363   Thumb Code     0  startup_stm32f446xx.o(.text)
    DMA1_Stream5_IRQHandler                  0x08000363   Thumb Code     0  startup_stm32f446xx.o(.text)
    DMA1_Stream6_IRQHandler                  0x08000363   Thumb Code     0  startup_stm32f446xx.o(.text)
    DMA1_Stream7_IRQHandler                  0x08000363   Thumb Code     0  startup_stm32f446xx.o(.text)
    DMA2_Stream0_IRQHandler                  0x08000363   Thumb Code     0  startup_stm32f446xx.o(.text)
    DMA2_Stream1_IRQHandler                  0x08000363   Thumb Code     0  startup_stm32f446xx.o(.text)
    DMA2_Stream2_IRQHandler                  0x08000363   Thumb Code     0  startup_stm32f446xx.o(.text)
    DMA2_Stream3_IRQHandler                  0x08000363   Thumb Code     0  startup_stm32f446xx.o(.text)
    DMA2_Stream4_IRQHandler                  0x08000363   Thumb Code     0  startup_stm32f446xx.o(.text)
    DMA2_Stream5_IRQHandler                  0x08000363   Thumb Code     0  startup_stm32f446xx.o(.text)
    DMA2_Stream6_IRQHandler                  0x08000363   Thumb Code     0  startup_stm32f446xx.o(.text)
    DMA2_Stream7_IRQHandler                  0x08000363   Thumb Code     0  startup_stm32f446xx.o(.text)
    EXTI0_IRQHandler                         0x08000363   Thumb Code     0  startup_stm32f446xx.o(.text)
    EXTI15_10_IRQHandler                     0x08000363   Thumb Code     0  startup_stm32f446xx.o(.text)
    EXTI1_IRQHandler                         0x08000363   Thumb Code     0  startup_stm32f446xx.o(.text)
    EXTI2_IRQHandler                         0x08000363   Thumb Code     0  startup_stm32f446xx.o(.text)
    EXTI3_IRQHandler                         0x08000363   Thumb Code     0  startup_stm32f446xx.o(.text)
    EXTI4_IRQHandler                         0x08000363   Thumb Code     0  startup_stm32f446xx.o(.text)
    EXTI9_5_IRQHandler                       0x08000363   Thumb Code     0  startup_stm32f446xx.o(.text)
    FLASH_IRQHandler                         0x08000363   Thumb Code     0  startup_stm32f446xx.o(.text)
    FMC_IRQHandler                           0x08000363   Thumb Code     0  startup_stm32f446xx.o(.text)
    FMPI2C1_ER_IRQHandler                    0x08000363   Thumb Code     0  startup_stm32f446xx.o(.text)
    FMPI2C1_EV_IRQHandler                    0x08000363   Thumb Code     0  startup_stm32f446xx.o(.text)
    FPU_IRQHandler                           0x08000363   Thumb Code     0  startup_stm32f446xx.o(.text)
    I2C1_ER_IRQHandler                       0x08000363   Thumb Code     0  startup_stm32f446xx.o(.text)
    I2C2_ER_IRQHandler                       0x08000363   Thumb Code     0  startup_stm32f446xx.o(.text)
    I2C2_EV_IRQHandler                       0x08000363   Thumb Code     0  startup_stm32f446xx.o(.text)
    I2C3_ER_IRQHandler                       0x08000363   Thumb Code     0  startup_stm32f446xx.o(.text)
    I2C3_EV_IRQHandler                       0x08000363   Thumb Code     0  startup_stm32f446xx.o(.text)
    OTG_FS_IRQHandler                        0x08000363   Thumb Code     0  startup_stm32f446xx.o(.text)
    OTG_FS_WKUP_IRQHandler                   0x08000363   Thumb Code     0  startup_stm32f446xx.o(.text)
    OTG_HS_EP1_IN_IRQHandler                 0x08000363   Thumb Code     0  startup_stm32f446xx.o(.text)
    OTG_HS_EP1_OUT_IRQHandler                0x08000363   Thumb Code     0  startup_stm32f446xx.o(.text)
    OTG_HS_IRQHandler                        0x08000363   Thumb Code     0  startup_stm32f446xx.o(.text)
    OTG_HS_WKUP_IRQHandler                   0x08000363   Thumb Code     0  startup_stm32f446xx.o(.text)
    PVD_IRQHandler                           0x08000363   Thumb Code     0  startup_stm32f446xx.o(.text)
    QUADSPI_IRQHandler                       0x08000363   Thumb Code     0  startup_stm32f446xx.o(.text)
    RCC_IRQHandler                           0x08000363   Thumb Code     0  startup_stm32f446xx.o(.text)
    RTC_Alarm_IRQHandler                     0x08000363   Thumb Code     0  startup_stm32f446xx.o(.text)
    RTC_WKUP_IRQHandler                      0x08000363   Thumb Code     0  startup_stm32f446xx.o(.text)
    SAI1_IRQHandler                          0x08000363   Thumb Code     0  startup_stm32f446xx.o(.text)
    SAI2_IRQHandler                          0x08000363   Thumb Code     0  startup_stm32f446xx.o(.text)
    SDIO_IRQHandler                          0x08000363   Thumb Code     0  startup_stm32f446xx.o(.text)
    SPDIF_RX_IRQHandler                      0x08000363   Thumb Code     0  startup_stm32f446xx.o(.text)
    SPI1_IRQHandler                          0x08000363   Thumb Code     0  startup_stm32f446xx.o(.text)
    SPI2_IRQHandler                          0x08000363   Thumb Code     0  startup_stm32f446xx.o(.text)
    SPI3_IRQHandler                          0x08000363   Thumb Code     0  startup_stm32f446xx.o(.text)
    SPI4_IRQHandler                          0x08000363   Thumb Code     0  startup_stm32f446xx.o(.text)
    TAMP_STAMP_IRQHandler                    0x08000363   Thumb Code     0  startup_stm32f446xx.o(.text)
    TIM1_BRK_TIM9_IRQHandler                 0x08000363   Thumb Code     0  startup_stm32f446xx.o(.text)
    TIM1_CC_IRQHandler                       0x08000363   Thumb Code     0  startup_stm32f446xx.o(.text)
    TIM1_TRG_COM_TIM11_IRQHandler            0x08000363   Thumb Code     0  startup_stm32f446xx.o(.text)
    TIM1_UP_TIM10_IRQHandler                 0x08000363   Thumb Code     0  startup_stm32f446xx.o(.text)
    TIM2_IRQHandler                          0x08000363   Thumb Code     0  startup_stm32f446xx.o(.text)
    TIM3_IRQHandler                          0x08000363   Thumb Code     0  startup_stm32f446xx.o(.text)
    TIM4_IRQHandler                          0x08000363   Thumb Code     0  startup_stm32f446xx.o(.text)
    TIM5_IRQHandler                          0x08000363   Thumb Code     0  startup_stm32f446xx.o(.text)
    TIM6_DAC_IRQHandler                      0x08000363   Thumb Code     0  startup_stm32f446xx.o(.text)
    TIM7_IRQHandler                          0x08000363   Thumb Code     0  startup_stm32f446xx.o(.text)
    TIM8_BRK_TIM12_IRQHandler                0x08000363   Thumb Code     0  startup_stm32f446xx.o(.text)
    TIM8_CC_IRQHandler                       0x08000363   Thumb Code     0  startup_stm32f446xx.o(.text)
    TIM8_TRG_COM_TIM14_IRQHandler            0x08000363   Thumb Code     0  startup_stm32f446xx.o(.text)
    TIM8_UP_TIM13_IRQHandler                 0x08000363   Thumb Code     0  startup_stm32f446xx.o(.text)
    UART4_IRQHandler                         0x08000363   Thumb Code     0  startup_stm32f446xx.o(.text)
    UART5_IRQHandler                         0x08000363   Thumb Code     0  startup_stm32f446xx.o(.text)
    USART1_IRQHandler                        0x08000363   Thumb Code     0  startup_stm32f446xx.o(.text)
    USART3_IRQHandler                        0x08000363   Thumb Code     0  startup_stm32f446xx.o(.text)
    USART6_IRQHandler                        0x08000363   Thumb Code     0  startup_stm32f446xx.o(.text)
    WWDG_IRQHandler                          0x08000363   Thumb Code     0  startup_stm32f446xx.o(.text)
    __user_initial_stackheap                 0x08000365   Thumb Code     0  startup_stm32f446xx.o(.text)
    sprintf                                  0x08000389   Thumb Code    38  sprintf.o(.text)
    sscanf                                   0x080003b5   Thumb Code    52  sscanf.o(.text)
    srand                                    0x080003f1   Thumb Code    42  rand.o(.text)
    _rand_init                               0x0800041b   Thumb Code     4  rand.o(.text)
    strcpy                                   0x0800042d   Thumb Code    72  strcpy.o(.text)
    strlen                                   0x08000475   Thumb Code    62  strlen.o(.text)
    __use_two_region_memory                  0x080004b3   Thumb Code     2  heapauxi.o(.text)
    __rt_heap_escrow$2region                 0x080004b5   Thumb Code     2  heapauxi.o(.text)
    __rt_heap_expand$2region                 0x080004b7   Thumb Code     2  heapauxi.o(.text)
    _printf_pre_padding                      0x080004b9   Thumb Code    44  _printf_pad.o(.text)
    _printf_post_padding                     0x080004e5   Thumb Code    34  _printf_pad.o(.text)
    _printf_truncate_signed                  0x08000507   Thumb Code    18  _printf_truncate.o(.text)
    _printf_truncate_unsigned                0x08000519   Thumb Code    18  _printf_truncate.o(.text)
    _printf_str                              0x0800052b   Thumb Code    82  _printf_str.o(.text)
    _printf_int_dec                          0x0800057d   Thumb Code   104  _printf_dec.o(.text)
    _printf_charcount                        0x080005f5   Thumb Code    40  _printf_charcount.o(.text)
    _printf_char_common                      0x08000627   Thumb Code    32  _printf_char_common.o(.text)
    _sputc                                   0x0800064d   Thumb Code    10  _sputc.o(.text)
    _printf_wctomb                           0x08000659   Thumb Code   182  _printf_wctomb.o(.text)
    _printf_longlong_dec                     0x08000715   Thumb Code   108  _printf_longlong_dec.o(.text)
    _printf_longlong_oct                     0x08000791   Thumb Code    68  _printf_oct_int_ll.o(.text)
    _printf_int_oct                          0x080007d5   Thumb Code    24  _printf_oct_int_ll.o(.text)
    _printf_ll_oct                           0x080007ed   Thumb Code    12  _printf_oct_int_ll.o(.text)
    _printf_longlong_hex                     0x08000801   Thumb Code    86  _printf_hex_int_ll_ptr.o(.text)
    _printf_int_hex                          0x08000857   Thumb Code    28  _printf_hex_int_ll_ptr.o(.text)
    _printf_ll_hex                           0x08000873   Thumb Code    12  _printf_hex_int_ll_ptr.o(.text)
    _printf_hex_ptr                          0x0800087f   Thumb Code    18  _printf_hex_int_ll_ptr.o(.text)
    __printf                                 0x08000895   Thumb Code   388  __printf_flags_ss_wp.o(.text)
    _scanf_longlong                          0x08000a1d   Thumb Code   342  _scanf_longlong.o(.text)
    _scanf_int                               0x08000b73   Thumb Code   332  _scanf_int.o(.text)
    _scanf_string                            0x08000cbf   Thumb Code   224  _scanf_str.o(.text)
    __vfscanf_char                           0x08000dad   Thumb Code    24  scanf_char.o(.text)
    _sgetc                                   0x08000dcd   Thumb Code    30  _sgetc.o(.text)
    _sbackspace                              0x08000deb   Thumb Code    34  _sgetc.o(.text)
    _scanf_mbtowc                            0x08000e0d   Thumb Code   276  _scanf_mbtowc.o(.text)
    _scanf_wctomb                            0x08000f21   Thumb Code   232  _scanf_wctomb.o(.text)
    _scanf_wstring                           0x08001009   Thumb Code   208  _scanf_wstr.o(.text)
    _ll_udiv10                               0x080010d9   Thumb Code   138  lludiv10.o(.text)
    isspace                                  0x08001163   Thumb Code    18  isspace.o(.text)
    _printf_int_common                       0x08001175   Thumb Code   178  _printf_intcommon.o(.text)
    _printf_fp_dec_real                      0x080013d7   Thumb Code   620  _printf_fp_dec.o(.text)
    _printf_fp_hex_real                      0x08001645   Thumb Code   756  _printf_fp_hex.o(.text)
    _printf_cs_common                        0x08001941   Thumb Code    20  _printf_char.o(.text)
    _printf_char                             0x08001955   Thumb Code    16  _printf_char.o(.text)
    _printf_string                           0x08001965   Thumb Code     8  _printf_char.o(.text)
    _printf_lcs_common                       0x0800196d   Thumb Code    20  _printf_wchar.o(.text)
    _printf_wchar                            0x08001981   Thumb Code    16  _printf_wchar.o(.text)
    _printf_wstring                          0x08001991   Thumb Code     8  _printf_wchar.o(.text)
    _chval                                   0x08001999   Thumb Code    28  _chval.o(.text)
    __vfscanf                                0x080019b5   Thumb Code   878  _scanf.o(.text)
    _scanf_really_real                       0x08001f75   Thumb Code   684  scanf_fp.o(.text)
    _scanf_wcharmap                          0x08002221   Thumb Code    30  _scanf_wcharmap.o(.text)
    _mbrtoc16                                0x0800223f   Thumb Code    64  _mbrtoc16.o(.text)
    _mbrtowc                                 0x0800223f   Thumb Code     0  _mbrtoc16.o(.text)
    _c16rtomb                                0x0800227f   Thumb Code    72  _c16rtomb.o(.text)
    _wcrtomb                                 0x0800227f   Thumb Code     0  _c16rtomb.o(.text)
    __user_setup_stackheap                   0x080022c7   Thumb Code    74  sys_stackheap_outer.o(.text)
    __rt_ctype_table                         0x08002311   Thumb Code    16  rt_ctype_table.o(.text)
    __rt_locale                              0x08002321   Thumb Code     8  rt_locale_intlibspace.o(.text)
    __aeabi_errno_addr                       0x08002329   Thumb Code     8  rt_errno_addr_intlibspace.o(.text)
    __errno$intlibspace                      0x08002329   Thumb Code     0  rt_errno_addr_intlibspace.o(.text)
    __rt_errno_addr$intlibspace              0x08002329   Thumb Code     0  rt_errno_addr_intlibspace.o(.text)
    __aeabi_llsl                             0x08002331   Thumb Code     0  llshl.o(.text)
    _ll_shift_l                              0x08002331   Thumb Code    38  llshl.o(.text)
    _printf_fp_infnan                        0x08002359   Thumb Code   112  _printf_fp_infnan.o(.text)
    _btod_etento                             0x080023d9   Thumb Code   224  bigflt0.o(.text)
    exit                                     0x080024bd   Thumb Code    18  exit.o(.text)
    __user_libspace                          0x080024d1   Thumb Code     8  libspace.o(.text)
    __user_perproc_libspace                  0x080024d1   Thumb Code     0  libspace.o(.text)
    __user_perthread_libspace                0x080024d1   Thumb Code     0  libspace.o(.text)
    __read_errno                             0x080024d9   Thumb Code    10  _rserrno.o(.text)
    __set_errno                              0x080024e3   Thumb Code    12  _rserrno.o(.text)
    _scanf_really_hex_real                   0x080024f1   Thumb Code   786  scanf_hexfp.o(.text)
    _scanf_really_infnan                     0x08002811   Thumb Code   292  scanf_infnan.o(.text)
    strcmp                                   0x08002949   Thumb Code   124  strcmpv7em.o(.text)
    __I$use$semihosting                      0x080029c5   Thumb Code     0  use_no_semi.o(.text)
    __use_no_semihosting_swi                 0x080029c5   Thumb Code     2  use_no_semi.o(.text)
    __semihosting_library_function           0x080029c7   Thumb Code     0  indicate_semi.o(.text)
    _sys_exit                                0x080029c9   Thumb Code     8  sys_exit.o(.text)
    GPIO_Init                                0x080029d5   Thumb Code   272  gpio.o(.text.GPIO_Init)
    GPIO_WritePin                            0x08002ae5   Thumb Code    80  gpio.o(.text.GPIO_WritePin)
    I2C1_Address                             0x08002b35   Thumb Code   106  i2c.o(.text.I2C1_Address)
    I2C1_Config                              0x08002ba1   Thumb Code   260  i2c.o(.text.I2C1_Config)
    I2C1_EV_IRQHandler                       0x08002ca5   Thumb Code   162  main.o(.text.I2C1_EV_IRQHandler)
    I2C1_ReceiveSlave                        0x08002d49   Thumb Code   264  i2c.o(.text.I2C1_ReceiveSlave)
    I2C1_SetAddress                          0x08002e51   Thumb Code    38  i2c.o(.text.I2C1_SetAddress)
    I2C1_Start                               0x08002e79   Thumb Code    82  i2c.o(.text.I2C1_Start)
    I2C1_Stop                                0x08002ecd   Thumb Code    18  i2c.o(.text.I2C1_Stop)
    I2C1_TransmitMaster                      0x08002ee1   Thumb Code    64  i2c.o(.text.I2C1_TransmitMaster)
    I2C1_Write                               0x08002f21   Thumb Code   128  i2c.o(.text.I2C1_Write)
    SysTick_Handler                          0x08002ff5   Thumb Code    16  sys_init.o(.text.SysTick_Handler)
    SystemInit                               0x08003005   Thumb Code    18  system_stm32f4xx.o(.text.SystemInit)
    TIM2Config                               0x08003019   Thumb Code    72  main.o(.text.TIM2Config)
    TIM3Config                               0x08003061   Thumb Code    82  main.o(.text.TIM3Config)
    TIM5Config                               0x080030b5   Thumb Code    82  main.o(.text.TIM5Config)
    UART2_Config                             0x08003109   Thumb Code   184  usart.o(.text.UART2_Config)
    UART_GetChar                             0x080031c1   Thumb Code    36  usart.o(.text.UART_GetChar)
    UART_SendChar                            0x080031e5   Thumb Code    36  usart.o(.text.UART_SendChar)
    UART_SendString                          0x08003209   Thumb Code    40  usart.o(.text.UART_SendString)
    USART2_IRQHandler                        0x08003231   Thumb Code    40  main.o(.text.USART2_IRQHandler)
    clearLEDs                                0x08003341   Thumb Code    58  main.o(.text.clearLEDs)
    getString                                0x0800337d   Thumb Code   112  main.o(.text.getString)
    init                                     0x080033ed   Thumb Code    84  main.o(.text.init)
    initClock                                0x08003441   Thumb Code   214  clock.o(.text.initClock)
    main                                     0x08003519   Thumb Code   208  main.o(.text.main)
    mainLoop                                 0x080035e9   Thumb Code   500  main.o(.text.mainLoop)
    parseCommand                             0x080037dd   Thumb Code   278  main.o(.text.parseCommand)
    sendString                               0x080038f5   Thumb Code    24  usart.o(.text.sendString)
    setDelayTraffic                          0x0800390d   Thumb Code   188  main.o(.text.setDelayTraffic)
    showReportIntervalConfig                 0x080039c9   Thumb Code    64  main.o(.text.showReportIntervalConfig)
    showTrafficConfig                        0x08003a09   Thumb Code   178  main.o(.text.showTrafficConfig)
    show_traffic_info                        0x08003abd   Thumb Code   532  main.o(.text.show_traffic_info)
    sysInit                                  0x08003cd1   Thumb Code    16  sys_init.o(.text.sysInit)
    tim5_delay                               0x08003ce1   Thumb Code   154  main.o(.text.tim5_delay)
    _btod_d2e                                0x08003d7b   Thumb Code    62  btod.o(CL$$btod_d2e)
    _d2e_denorm_low                          0x08003db9   Thumb Code    70  btod.o(CL$$btod_d2e_denorm_low)
    _d2e_norm_op1                            0x08003dff   Thumb Code    96  btod.o(CL$$btod_d2e_norm_op1)
    __btod_div_common                        0x08003e61   Thumb Code   696  btod.o(CL$$btod_div_common)
    _e2d                                     0x08004199   Thumb Code   122  btod.o(CL$$btod_e2d)
    _e2e                                     0x0800421d   Thumb Code   220  btod.o(CL$$btod_e2e)
    _btod_ediv                               0x080042f9   Thumb Code    42  btod.o(CL$$btod_ediv)
    _btod_edivd                              0x08004323   Thumb Code    42  btod.o(CL$$btod_edivd)
    _btod_emul                               0x0800434d   Thumb Code    42  btod.o(CL$$btod_emul)
    _btod_emuld                              0x08004377   Thumb Code    42  btod.o(CL$$btod_emuld)
    __btod_mult_common                       0x080043a1   Thumb Code   580  btod.o(CL$$btod_mult_common)
    __ARM_fpclassify                         0x080045e5   Thumb Code    48  fpclassify.o(i.__ARM_fpclassify)
    __hardfp___mathlib_tofloat               0x08004619   Thumb Code   232  narrow.o(i.__hardfp___mathlib_tofloat)
    __hardfp_ldexp                           0x08004711   Thumb Code   200  ldexp.o(i.__hardfp_ldexp)
    __mathlib_dbl_overflow                   0x080047e1   Thumb Code    24  dunder.o(i.__mathlib_dbl_overflow)
    __mathlib_dbl_underflow                  0x08004801   Thumb Code    24  dunder.o(i.__mathlib_dbl_underflow)
    __mathlib_narrow                         0x08004821   Thumb Code    18  narrow.o(i.__mathlib_narrow)
    __support_ldexp                          0x08004833   Thumb Code    20  ldexp.o(i.__support_ldexp)
    _is_digit                                0x08004847   Thumb Code    14  __printf_wp.o(i._is_digit)
    frexp                                    0x08004859   Thumb Code   118  frexp.o(i.frexp)
    _get_lc_numeric                          0x080048e5   Thumb Code    44  lc_numeric_c.o(locale$$code)
    _get_lc_ctype                            0x08004911   Thumb Code    44  lc_ctype_c.o(locale$$code)
    __aeabi_d2f                              0x0800493d   Thumb Code     0  d2f.o(x$fpl$d2f)
    _d2f                                     0x0800493d   Thumb Code    98  d2f.o(x$fpl$d2f)
    __fpl_dcheck_NaN1                        0x080049a1   Thumb Code    10  dcheck1.o(x$fpl$dcheck1)
    __fpl_dcmp_Inf                           0x080049b1   Thumb Code    24  dcmpi.o(x$fpl$dcmpinf)
    __aeabi_cdcmpeq                          0x080049c9   Thumb Code     0  deqf.o(x$fpl$deqf)
    _dcmpeq                                  0x080049c9   Thumb Code   120  deqf.o(x$fpl$deqf)
    __aeabi_cdcmple                          0x08004a41   Thumb Code     0  dleqf.o(x$fpl$dleqf)
    _dcmple                                  0x08004a41   Thumb Code   120  dleqf.o(x$fpl$dleqf)
    __fpl_dcmple_InfNaN                      0x08004aa3   Thumb Code     0  dleqf.o(x$fpl$dleqf)
    __aeabi_dmul                             0x08004ab9   Thumb Code     0  dmul.o(x$fpl$dmul)
    _dmul                                    0x08004ab9   Thumb Code   332  dmul.o(x$fpl$dmul)
    __fpl_dnaninf                            0x08004c0d   Thumb Code   156  dnaninf.o(x$fpl$dnaninf)
    __fpl_dretinf                            0x08004ca9   Thumb Code    12  dretinf.o(x$fpl$dretinf)
    __aeabi_cdrcmple                         0x08004cb5   Thumb Code     0  drleqf.o(x$fpl$drleqf)
    _drcmple                                 0x08004cb5   Thumb Code   108  drleqf.o(x$fpl$drleqf)
    _fp_init                                 0x08004d21   Thumb Code    26  fpinit.o(x$fpl$fpinit)
    __fplib_config_fpu_vfp                   0x08004d39   Thumb Code     0  fpinit.o(x$fpl$fpinit)
    __fplib_config_pureend_doubles           0x08004d39   Thumb Code     0  fpinit.o(x$fpl$fpinit)
    __fpl_fretinf                            0x08004d3b   Thumb Code    10  fretinf.o(x$fpl$fretinf)
    __ieee_status                            0x08004d45   Thumb Code     6  istatus.o(x$fpl$ieeestatus)
    _printf_fp_dec                           0x08004d4b   Thumb Code     4  printf1.o(x$fpl$printf1)
    _printf_fp_hex                           0x08004d4f   Thumb Code     4  printf2.o(x$fpl$printf2)
    __fpl_return_NaN                         0x08004d53   Thumb Code   100  retnan.o(x$fpl$retnan)
    __ARM_scalbn                             0x08004db7   Thumb Code    92  scalbn.o(x$fpl$scalbn)
    _scanf_real                              0x08004e13   Thumb Code     4  scanf1.o(x$fpl$scanf1)
    _scanf_hex_real                          0x08004e17   Thumb Code     4  scanf2.o(x$fpl$scanf2)
    _scanf_infnan                            0x08004e1b   Thumb Code     4  scanf2.o(x$fpl$scanf2)
    __fpl_cmpreturn                          0x08004e1f   Thumb Code    48  trapv.o(x$fpl$trapveneer)
    __I$use$fp                               0x08004e4e   Number         0  usenofp.o(x$fpl$usenofp)
    Region$$Table$$Base                      0x0800513c   Number         0  anon$$obj.o(Region$$Table)
    Region$$Table$$Limit                     0x0800515c   Number         0  anon$$obj.o(Region$$Table)
    __aeabi_HUGE_VAL                         0x0800515c   Data           0  fpconst.o(c$$dinf)
    __aeabi_HUGE_VALL                        0x0800515c   Data           0  fpconst.o(c$$dinf)
    __aeabi_INFINITY                         0x0800515c   Data           0  fpconst.o(c$$dinf)
    __dInf                                   0x0800515c   Data           0  fpconst.o(c$$dinf)
    __huge_val                               0x0800515c   Data           0  fpconst.o(c$$dinf)
    __dbl_max                                0x08005164   Data           0  fpconst.o(c$$dmax)
    __ctype                                  0x08005195   Data           0  lc_ctype_c.o(locale$$data)
    _random_number_data                      0x20000020   Data         228  rand.o(.bss)
    __libspace_start                         0x20000104   Data          96  libspace.o(.bss)
    __temporary_stack_top$libspace           0x20000164   Data           0  libspace.o(.bss)



==============================================================================

Memory Map of the image

  Image Entry point : 0x08000349

  Load Region LR_1 (Base: 0x08000000, Size: 0x000052b8, Max: 0xffffffff, ABSOLUTE)

    Execution Region ER_RO (Exec base: 0x08000000, Load base: 0x08000000, Size: 0x00005298, Max: 0xffffffff, ABSOLUTE)

    Exec Addr    Load Addr    Size         Type   Attr      Idx    E Section Name        Object

    0x08000000   0x08000000   0x000001c4   Data   RO          167    RESET               startup_stm32f446xx.o
    0x080001c4   0x080001c4   0x00000008   Code   RO          205  * !!!main             c_w.l(__main.o)
    0x080001cc   0x080001cc   0x00000034   Code   RO          672    !!!scatter          c_w.l(__scatter.o)
    0x08000200   0x08000200   0x0000001a   Code   RO          674    !!handler_copy      c_w.l(__scatter_copy.o)
    0x0800021a   0x0800021a   0x00000002   PAD
    0x0800021c   0x0800021c   0x0000001c   Code   RO          676    !!handler_zi        c_w.l(__scatter_zi.o)
    0x08000238   0x08000238   0x00000000   Code   RO          289    .ARM.Collect$$_printf_percent$$00000000  c_w.l(_printf_percent.o)
    0x08000238   0x08000238   0x00000006   Code   RO          278    .ARM.Collect$$_printf_percent$$00000001  c_w.l(_printf_n.o)
    0x0800023e   0x0800023e   0x00000006   Code   RO          280    .ARM.Collect$$_printf_percent$$00000002  c_w.l(_printf_p.o)
    0x08000244   0x08000244   0x00000006   Code   RO          285    .ARM.Collect$$_printf_percent$$00000003  c_w.l(_printf_f.o)
    0x0800024a   0x0800024a   0x00000006   Code   RO          286    .ARM.Collect$$_printf_percent$$00000004  c_w.l(_printf_e.o)
    0x08000250   0x08000250   0x00000006   Code   RO          287    .ARM.Collect$$_printf_percent$$00000005  c_w.l(_printf_g.o)
    0x08000256   0x08000256   0x00000006   Code   RO          288    .ARM.Collect$$_printf_percent$$00000006  c_w.l(_printf_a.o)
    0x0800025c   0x0800025c   0x0000000a   Code   RO          293    .ARM.Collect$$_printf_percent$$00000007  c_w.l(_printf_ll.o)
    0x08000266   0x08000266   0x00000006   Code   RO          282    .ARM.Collect$$_printf_percent$$00000008  c_w.l(_printf_i.o)
    0x0800026c   0x0800026c   0x00000006   Code   RO          283    .ARM.Collect$$_printf_percent$$00000009  c_w.l(_printf_d.o)
    0x08000272   0x08000272   0x00000006   Code   RO          284    .ARM.Collect$$_printf_percent$$0000000A  c_w.l(_printf_u.o)
    0x08000278   0x08000278   0x00000006   Code   RO          281    .ARM.Collect$$_printf_percent$$0000000B  c_w.l(_printf_o.o)
    0x0800027e   0x0800027e   0x00000006   Code   RO          279    .ARM.Collect$$_printf_percent$$0000000C  c_w.l(_printf_x.o)
    0x08000284   0x08000284   0x00000006   Code   RO          290    .ARM.Collect$$_printf_percent$$0000000D  c_w.l(_printf_lli.o)
    0x0800028a   0x0800028a   0x00000006   Code   RO          291    .ARM.Collect$$_printf_percent$$0000000E  c_w.l(_printf_lld.o)
    0x08000290   0x08000290   0x00000006   Code   RO          292    .ARM.Collect$$_printf_percent$$0000000F  c_w.l(_printf_llu.o)
    0x08000296   0x08000296   0x00000006   Code   RO          297    .ARM.Collect$$_printf_percent$$00000010  c_w.l(_printf_llo.o)
    0x0800029c   0x0800029c   0x00000006   Code   RO          298    .ARM.Collect$$_printf_percent$$00000011  c_w.l(_printf_llx.o)
    0x080002a2   0x080002a2   0x0000000a   Code   RO          294    .ARM.Collect$$_printf_percent$$00000012  c_w.l(_printf_l.o)
    0x080002ac   0x080002ac   0x00000006   Code   RO          276    .ARM.Collect$$_printf_percent$$00000013  c_w.l(_printf_c.o)
    0x080002b2   0x080002b2   0x00000006   Code   RO          277    .ARM.Collect$$_printf_percent$$00000014  c_w.l(_printf_s.o)
    0x080002b8   0x080002b8   0x00000006   Code   RO          295    .ARM.Collect$$_printf_percent$$00000015  c_w.l(_printf_lc.o)
    0x080002be   0x080002be   0x00000006   Code   RO          296    .ARM.Collect$$_printf_percent$$00000016  c_w.l(_printf_ls.o)
    0x080002c4   0x080002c4   0x00000004   Code   RO          406    .ARM.Collect$$_printf_percent$$00000017  c_w.l(_printf_percent_end.o)
    0x080002c8   0x080002c8   0x00000002   Code   RO          487    .ARM.Collect$$libinit$$00000000  c_w.l(libinit.o)
    0x080002ca   0x080002ca   0x00000004   Code   RO          315    .ARM.Collect$$libinit$$00000001  c_w.l(libinit2.o)
    0x080002ce   0x080002ce   0x00000000   Code   RO          318    .ARM.Collect$$libinit$$00000004  c_w.l(libinit2.o)
    0x080002ce   0x080002ce   0x00000000   Code   RO          320    .ARM.Collect$$libinit$$00000006  c_w.l(libinit2.o)
    0x080002ce   0x080002ce   0x00000000   Code   RO          323    .ARM.Collect$$libinit$$0000000C  c_w.l(libinit2.o)
    0x080002ce   0x080002ce   0x00000000   Code   RO          325    .ARM.Collect$$libinit$$0000000E  c_w.l(libinit2.o)
    0x080002ce   0x080002ce   0x00000004   Code   RO          326    .ARM.Collect$$libinit$$0000000F  c_w.l(libinit2.o)
    0x080002d2   0x080002d2   0x00000000   Code   RO          327    .ARM.Collect$$libinit$$00000010  c_w.l(libinit2.o)
    0x080002d2   0x080002d2   0x00000006   Code   RO          328    .ARM.Collect$$libinit$$00000011  c_w.l(libinit2.o)
    0x080002d8   0x080002d8   0x00000000   Code   RO          330    .ARM.Collect$$libinit$$00000013  c_w.l(libinit2.o)
    0x080002d8   0x080002d8   0x0000000c   Code   RO          331    .ARM.Collect$$libinit$$00000014  c_w.l(libinit2.o)
    0x080002e4   0x080002e4   0x00000000   Code   RO          332    .ARM.Collect$$libinit$$00000015  c_w.l(libinit2.o)
    0x080002e4   0x080002e4   0x00000000   Code   RO          334    .ARM.Collect$$libinit$$00000017  c_w.l(libinit2.o)
    0x080002e4   0x080002e4   0x0000000a   Code   RO          335    .ARM.Collect$$libinit$$00000018  c_w.l(libinit2.o)
    0x080002ee   0x080002ee   0x00000000   Code   RO          336    .ARM.Collect$$libinit$$00000019  c_w.l(libinit2.o)
    0x080002ee   0x080002ee   0x00000000   Code   RO          338    .ARM.Collect$$libinit$$0000001B  c_w.l(libinit2.o)
    0x080002ee   0x080002ee   0x00000000   Code   RO          340    .ARM.Collect$$libinit$$0000001D  c_w.l(libinit2.o)
    0x080002ee   0x080002ee   0x00000000   Code   RO          342    .ARM.Collect$$libinit$$0000001F  c_w.l(libinit2.o)
    0x080002ee   0x080002ee   0x00000000   Code   RO          344    .ARM.Collect$$libinit$$00000021  c_w.l(libinit2.o)
    0x080002ee   0x080002ee   0x00000000   Code   RO          346    .ARM.Collect$$libinit$$00000023  c_w.l(libinit2.o)
    0x080002ee   0x080002ee   0x00000000   Code   RO          348    .ARM.Collect$$libinit$$00000025  c_w.l(libinit2.o)
    0x080002ee   0x080002ee   0x00000000   Code   RO          350    .ARM.Collect$$libinit$$00000027  c_w.l(libinit2.o)
    0x080002ee   0x080002ee   0x00000000   Code   RO          354    .ARM.Collect$$libinit$$0000002E  c_w.l(libinit2.o)
    0x080002ee   0x080002ee   0x00000000   Code   RO          356    .ARM.Collect$$libinit$$00000030  c_w.l(libinit2.o)
    0x080002ee   0x080002ee   0x00000000   Code   RO          358    .ARM.Collect$$libinit$$00000032  c_w.l(libinit2.o)
    0x080002ee   0x080002ee   0x00000000   Code   RO          360    .ARM.Collect$$libinit$$00000034  c_w.l(libinit2.o)
    0x080002ee   0x080002ee   0x00000002   Code   RO          361    .ARM.Collect$$libinit$$00000035  c_w.l(libinit2.o)
    0x080002f0   0x080002f0   0x00000002   Code   RO          597    .ARM.Collect$$libshutdown$$00000000  c_w.l(libshutdown.o)
    0x080002f2   0x080002f2   0x00000000   Code   RO          623    .ARM.Collect$$libshutdown$$00000002  c_w.l(libshutdown2.o)
    0x080002f2   0x080002f2   0x00000000   Code   RO          625    .ARM.Collect$$libshutdown$$00000004  c_w.l(libshutdown2.o)
    0x080002f2   0x080002f2   0x00000000   Code   RO          628    .ARM.Collect$$libshutdown$$00000007  c_w.l(libshutdown2.o)
    0x080002f2   0x080002f2   0x00000000   Code   RO          631    .ARM.Collect$$libshutdown$$0000000A  c_w.l(libshutdown2.o)
    0x080002f2   0x080002f2   0x00000000   Code   RO          633    .ARM.Collect$$libshutdown$$0000000C  c_w.l(libshutdown2.o)
    0x080002f2   0x080002f2   0x00000000   Code   RO          636    .ARM.Collect$$libshutdown$$0000000F  c_w.l(libshutdown2.o)
    0x080002f2   0x080002f2   0x00000002   Code   RO          637    .ARM.Collect$$libshutdown$$00000010  c_w.l(libshutdown2.o)
    0x080002f4   0x080002f4   0x00000000   Code   RO          207    .ARM.Collect$$rtentry$$00000000  c_w.l(__rtentry.o)
    0x080002f4   0x080002f4   0x00000000   Code   RO          373    .ARM.Collect$$rtentry$$00000002  c_w.l(__rtentry2.o)
    0x080002f4   0x080002f4   0x00000006   Code   RO          385    .ARM.Collect$$rtentry$$00000004  c_w.l(__rtentry4.o)
    0x080002fa   0x080002fa   0x00000000   Code   RO          375    .ARM.Collect$$rtentry$$00000009  c_w.l(__rtentry2.o)
    0x080002fa   0x080002fa   0x00000004   Code   RO          376    .ARM.Collect$$rtentry$$0000000A  c_w.l(__rtentry2.o)
    0x080002fe   0x080002fe   0x00000000   Code   RO          378    .ARM.Collect$$rtentry$$0000000C  c_w.l(__rtentry2.o)
    0x080002fe   0x080002fe   0x00000008   Code   RO          379    .ARM.Collect$$rtentry$$0000000D  c_w.l(__rtentry2.o)
    0x08000306   0x08000306   0x00000002   Code   RO          518    .ARM.Collect$$rtexit$$00000000  c_w.l(rtexit.o)
    0x08000308   0x08000308   0x00000000   Code   RO          555    .ARM.Collect$$rtexit$$00000002  c_w.l(rtexit2.o)
    0x08000308   0x08000308   0x00000004   Code   RO          556    .ARM.Collect$$rtexit$$00000003  c_w.l(rtexit2.o)
    0x0800030c   0x0800030c   0x00000006   Code   RO          557    .ARM.Collect$$rtexit$$00000004  c_w.l(rtexit2.o)
    0x08000312   0x08000312   0x00000002   PAD
    0x08000314   0x08000314   0x00000034   Code   RO          194    .emb_text           c_w.l(rand.o)
    0x08000348   0x08000348   0x00000040   Code   RO          168  * .text               startup_stm32f446xx.o
    0x08000388   0x08000388   0x0000002c   Code   RO          190    .text               c_w.l(sprintf.o)
    0x080003b4   0x080003b4   0x0000003c   Code   RO          192    .text               c_w.l(sscanf.o)
    0x080003f0   0x080003f0   0x0000003c   Code   RO          195    .text               c_w.l(rand.o)
    0x0800042c   0x0800042c   0x00000048   Code   RO          199    .text               c_w.l(strcpy.o)
    0x08000474   0x08000474   0x0000003e   Code   RO          201    .text               c_w.l(strlen.o)
    0x080004b2   0x080004b2   0x00000006   Code   RO          203    .text               c_w.l(heapauxi.o)
    0x080004b8   0x080004b8   0x0000004e   Code   RO          210    .text               c_w.l(_printf_pad.o)
    0x08000506   0x08000506   0x00000024   Code   RO          212    .text               c_w.l(_printf_truncate.o)
    0x0800052a   0x0800052a   0x00000052   Code   RO          214    .text               c_w.l(_printf_str.o)
    0x0800057c   0x0800057c   0x00000078   Code   RO          216    .text               c_w.l(_printf_dec.o)
    0x080005f4   0x080005f4   0x00000028   Code   RO          218    .text               c_w.l(_printf_charcount.o)
    0x0800061c   0x0800061c   0x00000030   Code   RO          220    .text               c_w.l(_printf_char_common.o)
    0x0800064c   0x0800064c   0x0000000a   Code   RO          222    .text               c_w.l(_sputc.o)
    0x08000656   0x08000656   0x00000002   PAD
    0x08000658   0x08000658   0x000000bc   Code   RO          224    .text               c_w.l(_printf_wctomb.o)
    0x08000714   0x08000714   0x0000007c   Code   RO          227    .text               c_w.l(_printf_longlong_dec.o)
    0x08000790   0x08000790   0x00000070   Code   RO          233    .text               c_w.l(_printf_oct_int_ll.o)
    0x08000800   0x08000800   0x00000094   Code   RO          253    .text               c_w.l(_printf_hex_int_ll_ptr.o)
    0x08000894   0x08000894   0x00000188   Code   RO          273    .text               c_w.l(__printf_flags_ss_wp.o)
    0x08000a1c   0x08000a1c   0x00000156   Code   RO          299    .text               c_w.l(_scanf_longlong.o)
    0x08000b72   0x08000b72   0x0000014c   Code   RO          301    .text               c_w.l(_scanf_int.o)
    0x08000cbe   0x08000cbe   0x000000e0   Code   RO          303    .text               c_w.l(_scanf_str.o)
    0x08000d9e   0x08000d9e   0x00000002   PAD
    0x08000da0   0x08000da0   0x0000002c   Code   RO          305    .text               c_w.l(scanf_char.o)
    0x08000dcc   0x08000dcc   0x00000040   Code   RO          307    .text               c_w.l(_sgetc.o)
    0x08000e0c   0x08000e0c   0x00000114   Code   RO          309    .text               c_w.l(_scanf_mbtowc.o)
    0x08000f20   0x08000f20   0x000000e8   Code   RO          311    .text               c_w.l(_scanf_wctomb.o)
    0x08001008   0x08001008   0x000000d0   Code   RO          313    .text               c_w.l(_scanf_wstr.o)
    0x080010d8   0x080010d8   0x0000008a   Code   RO          387    .text               c_w.l(lludiv10.o)
    0x08001162   0x08001162   0x00000012   Code   RO          389    .text               c_w.l(isspace.o)
    0x08001174   0x08001174   0x000000b2   Code   RO          391    .text               c_w.l(_printf_intcommon.o)
    0x08001226   0x08001226   0x0000041c   Code   RO          393    .text               c_w.l(_printf_fp_dec.o)
    0x08001642   0x08001642   0x00000002   PAD
    0x08001644   0x08001644   0x000002fc   Code   RO          397    .text               c_w.l(_printf_fp_hex.o)
    0x08001940   0x08001940   0x0000002c   Code   RO          402    .text               c_w.l(_printf_char.o)
    0x0800196c   0x0800196c   0x0000002c   Code   RO          404    .text               c_w.l(_printf_wchar.o)
    0x08001998   0x08001998   0x0000001c   Code   RO          407    .text               c_w.l(_chval.o)
    0x080019b4   0x080019b4   0x00000374   Code   RO          409    .text               c_w.l(_scanf.o)
    0x08001d28   0x08001d28   0x000004f8   Code   RO          411    .text               c_w.l(scanf_fp.o)
    0x08002220   0x08002220   0x0000001e   Code   RO          415    .text               c_w.l(_scanf_wcharmap.o)
    0x0800223e   0x0800223e   0x00000040   Code   RO          417    .text               c_w.l(_mbrtoc16.o)
    0x0800227e   0x0800227e   0x00000048   Code   RO          419    .text               c_w.l(_c16rtomb.o)
    0x080022c6   0x080022c6   0x0000004a   Code   RO          425    .text               c_w.l(sys_stackheap_outer.o)
    0x08002310   0x08002310   0x00000010   Code   RO          427    .text               c_w.l(rt_ctype_table.o)
    0x08002320   0x08002320   0x00000008   Code   RO          432    .text               c_w.l(rt_locale_intlibspace.o)
    0x08002328   0x08002328   0x00000008   Code   RO          437    .text               c_w.l(rt_errno_addr_intlibspace.o)
    0x08002330   0x08002330   0x00000026   Code   RO          439    .text               c_w.l(llshl.o)
    0x08002356   0x08002356   0x00000002   PAD
    0x08002358   0x08002358   0x00000080   Code   RO          441    .text               c_w.l(_printf_fp_infnan.o)
    0x080023d8   0x080023d8   0x000000e4   Code   RO          443    .text               c_w.l(bigflt0.o)
    0x080024bc   0x080024bc   0x00000012   Code   RO          476    .text               c_w.l(exit.o)
    0x080024ce   0x080024ce   0x00000002   PAD
    0x080024d0   0x080024d0   0x00000008   Code   RO          515    .text               c_w.l(libspace.o)
    0x080024d8   0x080024d8   0x00000016   Code   RO          522    .text               c_w.l(_rserrno.o)
    0x080024ee   0x080024ee   0x00000002   PAD
    0x080024f0   0x080024f0   0x00000320   Code   RO          524    .text               c_w.l(scanf_hexfp.o)
    0x08002810   0x08002810   0x00000134   Code   RO          526    .text               c_w.l(scanf_infnan.o)
    0x08002944   0x08002944   0x00000004   PAD
    0x08002948   0x08002948   0x0000007c   Code   RO          537    .text               c_w.l(strcmpv7em.o)
    0x080029c4   0x080029c4   0x00000002   Code   RO          551    .text               c_w.l(use_no_semi.o)
    0x080029c6   0x080029c6   0x00000000   Code   RO          553    .text               c_w.l(indicate_semi.o)
    0x080029c6   0x080029c6   0x00000002   PAD
    0x080029c8   0x080029c8   0x0000000c   Code   RO          587    .text               c_w.l(sys_exit.o)
    0x080029d4   0x080029d4   0x00000110   Code   RO           77    .text.GPIO_Init     gpio.o
    0x08002ae4   0x08002ae4   0x00000050   Code   RO           75    .text.GPIO_WritePin  gpio.o
    0x08002b34   0x08002b34   0x0000006a   Code   RO          149    .text.I2C1_Address  i2c.o
    0x08002b9e   0x08002b9e   0x00000002   PAD
    0x08002ba0   0x08002ba0   0x00000104   Code   RO          139    .text.I2C1_Config   i2c.o
    0x08002ca4   0x08002ca4   0x000000a2   Code   RO           26    .text.I2C1_EV_IRQHandler  main.o
    0x08002d46   0x08002d46   0x00000002   PAD
    0x08002d48   0x08002d48   0x00000108   Code   RO          155    .text.I2C1_ReceiveSlave  i2c.o
    0x08002e50   0x08002e50   0x00000026   Code   RO          141    .text.I2C1_SetAddress  i2c.o
    0x08002e76   0x08002e76   0x00000002   PAD
    0x08002e78   0x08002e78   0x00000052   Code   RO          145    .text.I2C1_Start    i2c.o
    0x08002eca   0x08002eca   0x00000002   PAD
    0x08002ecc   0x08002ecc   0x00000012   Code   RO          147    .text.I2C1_Stop     i2c.o
    0x08002ede   0x08002ede   0x00000002   PAD
    0x08002ee0   0x08002ee0   0x00000040   Code   RO          153    .text.I2C1_TransmitMaster  i2c.o
    0x08002f20   0x08002f20   0x00000080   Code   RO          151    .text.I2C1_Write    i2c.o
    0x08002fa0   0x08002fa0   0x00000052   Code   RO           90    .text.SysTick_Config  sys_init.o
    0x08002ff2   0x08002ff2   0x00000002   PAD
    0x08002ff4   0x08002ff4   0x00000010   Code   RO           86    .text.SysTick_Handler  sys_init.o
    0x08003004   0x08003004   0x00000012   Code   RO          175    .text.SystemInit    system_stm32f4xx.o
    0x08003016   0x08003016   0x00000002   PAD
    0x08003018   0x08003018   0x00000048   Code   RO           16    .text.TIM2Config    main.o
    0x08003060   0x08003060   0x00000052   Code   RO           18    .text.TIM3Config    main.o
    0x080030b2   0x080030b2   0x00000002   PAD
    0x080030b4   0x080030b4   0x00000052   Code   RO           14    .text.TIM5Config    main.o
    0x08003106   0x08003106   0x00000002   PAD
    0x08003108   0x08003108   0x000000b8   Code   RO          122    .text.UART2_Config  usart.o
    0x080031c0   0x080031c0   0x00000024   Code   RO          112    .text.UART_GetChar  usart.o
    0x080031e4   0x080031e4   0x00000024   Code   RO          108    .text.UART_SendChar  usart.o
    0x08003208   0x08003208   0x00000028   Code   RO          116    .text.UART_SendString  usart.o
    0x08003230   0x08003230   0x00000028   Code   RO           24    .text.USART2_IRQHandler  main.o
    0x08003258   0x08003258   0x00000030   Code   RO          126    .text.__NVIC_EnableIRQ  usart.o
    0x08003288   0x08003288   0x00000030   Code   RO          143    .text.__NVIC_EnableIRQ  i2c.o
    0x080032b8   0x080032b8   0x00000042   Code   RO           96    .text.__NVIC_SetPriority  sys_init.o
    0x080032fa   0x080032fa   0x00000002   PAD
    0x080032fc   0x080032fc   0x00000042   Code   RO          124    .text.__NVIC_SetPriority  usart.o
    0x0800333e   0x0800333e   0x00000002   PAD
    0x08003340   0x08003340   0x0000003a   Code   RO           12    .text.clearLEDs     main.o
    0x0800337a   0x0800337a   0x00000002   PAD
    0x0800337c   0x0800337c   0x00000070   Code   RO           22    .text.getString     main.o
    0x080033ec   0x080033ec   0x00000054   Code   RO           28    .text.init          main.o
    0x08003440   0x08003440   0x000000d6   Code   RO           67    .text.initClock     clock.o
    0x08003516   0x08003516   0x00000002   PAD
    0x08003518   0x08003518   0x000000d0   Code   RO           32    .text.main          main.o
    0x080035e8   0x080035e8   0x000001f4   Code   RO           30    .text.mainLoop      main.o
    0x080037dc   0x080037dc   0x00000116   Code   RO           10    .text.parseCommand  main.o
    0x080038f2   0x080038f2   0x00000002   PAD
    0x080038f4   0x080038f4   0x00000018   Code   RO          120    .text.sendString    usart.o
    0x0800390c   0x0800390c   0x000000bc   Code   RO            2    .text.setDelayTraffic  main.o
    0x080039c8   0x080039c8   0x00000040   Code   RO            6    .text.showReportIntervalConfig  main.o
    0x08003a08   0x08003a08   0x000000b2   Code   RO            4    .text.showTrafficConfig  main.o
    0x08003aba   0x08003aba   0x00000002   PAD
    0x08003abc   0x08003abc   0x00000214   Code   RO            8    .text.show_traffic_info  main.o
    0x08003cd0   0x08003cd0   0x00000010   Code   RO           88    .text.sysInit       sys_init.o
    0x08003ce0   0x08003ce0   0x0000009a   Code   RO           20    .text.tim5_delay    main.o
    0x08003d7a   0x08003d7a   0x0000003e   Code   RO          446    CL$$btod_d2e        c_w.l(btod.o)
    0x08003db8   0x08003db8   0x00000046   Code   RO          448    CL$$btod_d2e_denorm_low  c_w.l(btod.o)
    0x08003dfe   0x08003dfe   0x00000060   Code   RO          447    CL$$btod_d2e_norm_op1  c_w.l(btod.o)
    0x08003e5e   0x08003e5e   0x00000002   PAD
    0x08003e60   0x08003e60   0x00000338   Code   RO          456    CL$$btod_div_common  c_w.l(btod.o)
    0x08004198   0x08004198   0x00000084   Code   RO          454    CL$$btod_e2d        c_w.l(btod.o)
    0x0800421c   0x0800421c   0x000000dc   Code   RO          453    CL$$btod_e2e        c_w.l(btod.o)
    0x080042f8   0x080042f8   0x0000002a   Code   RO          450    CL$$btod_ediv       c_w.l(btod.o)
    0x08004322   0x08004322   0x0000002a   Code   RO          452    CL$$btod_edivd      c_w.l(btod.o)
    0x0800434c   0x0800434c   0x0000002a   Code   RO          449    CL$$btod_emul       c_w.l(btod.o)
    0x08004376   0x08004376   0x0000002a   Code   RO          451    CL$$btod_emuld      c_w.l(btod.o)
    0x080043a0   0x080043a0   0x00000244   Code   RO          455    CL$$btod_mult_common  c_w.l(btod.o)
    0x080045e4   0x080045e4   0x00000030   Code   RO          501    i.__ARM_fpclassify  m_wm.l(fpclassify.o)
    0x08004614   0x08004614   0x00000004   PAD
    0x08004618   0x08004618   0x000000f8   Code   RO          503    i.__hardfp___mathlib_tofloat  m_wm.l(narrow.o)
    0x08004710   0x08004710   0x000000d0   Code   RO          579    i.__hardfp_ldexp    m_wm.l(ldexp.o)
    0x080047e0   0x080047e0   0x00000020   Code   RO          606    i.__mathlib_dbl_overflow  m_wm.l(dunder.o)
    0x08004800   0x08004800   0x00000020   Code   RO          608    i.__mathlib_dbl_underflow  m_wm.l(dunder.o)
    0x08004820   0x08004820   0x00000012   Code   RO          504    i.__mathlib_narrow  m_wm.l(narrow.o)
    0x08004832   0x08004832   0x00000014   Code   RO          581    i.__support_ldexp   m_wm.l(ldexp.o)
    0x08004846   0x08004846   0x0000000e   Code   RO          266    i._is_digit         c_w.l(__printf_wp.o)
    0x08004854   0x08004854   0x00000004   PAD
    0x08004858   0x08004858   0x0000008c   Code   RO          547    i.frexp             m_wm.l(frexp.o)
    0x080048e4   0x080048e4   0x0000002c   Code   RO          474    locale$$code        c_w.l(lc_numeric_c.o)
    0x08004910   0x08004910   0x0000002c   Code   RO          531    locale$$code        c_w.l(lc_ctype_c.o)
    0x0800493c   0x0800493c   0x00000062   Code   RO          539    x$fpl$d2f           fz_wm.l(d2f.o)
    0x0800499e   0x0800499e   0x00000002   PAD
    0x080049a0   0x080049a0   0x00000010   Code   RO          644    x$fpl$dcheck1       fz_wm.l(dcheck1.o)
    0x080049b0   0x080049b0   0x00000018   Code   RO          569    x$fpl$dcmpinf       fz_wm.l(dcmpi.o)
    0x080049c8   0x080049c8   0x00000078   Code   RO          541    x$fpl$deqf          fz_wm.l(deqf.o)
    0x08004a40   0x08004a40   0x00000078   Code   RO          571    x$fpl$dleqf         fz_wm.l(dleqf.o)
    0x08004ab8   0x08004ab8   0x00000154   Code   RO          573    x$fpl$dmul          fz_wm.l(dmul.o)
    0x08004c0c   0x08004c0c   0x0000009c   Code   RO          575    x$fpl$dnaninf       fz_wm.l(dnaninf.o)
    0x08004ca8   0x08004ca8   0x0000000c   Code   RO          598    x$fpl$dretinf       fz_wm.l(dretinf.o)
    0x08004cb4   0x08004cb4   0x0000006c   Code   RO          543    x$fpl$drleqf        fz_wm.l(drleqf.o)
    0x08004d20   0x08004d20   0x0000001a   Code   RO          423    x$fpl$fpinit        fz_wm.l(fpinit.o)
    0x08004d3a   0x08004d3a   0x0000000a   Code   RO          577    x$fpl$fretinf       fz_wm.l(fretinf.o)
    0x08004d44   0x08004d44   0x00000006   Code   RO          492    x$fpl$ieeestatus    fz_wm.l(istatus.o)
    0x08004d4a   0x08004d4a   0x00000004   Code   RO          362    x$fpl$printf1       fz_wm.l(printf1.o)
    0x08004d4e   0x08004d4e   0x00000004   Code   RO          364    x$fpl$printf2       fz_wm.l(printf2.o)
    0x08004d52   0x08004d52   0x00000064   Code   RO          666    x$fpl$retnan        fz_wm.l(retnan.o)
    0x08004db6   0x08004db6   0x0000005c   Code   RO          600    x$fpl$scalbn        fz_wm.l(scalbn.o)
    0x08004e12   0x08004e12   0x00000004   Code   RO          370    x$fpl$scanf1        fz_wm.l(scanf1.o)
    0x08004e16   0x08004e16   0x00000008   Code   RO          494    x$fpl$scanf2        fz_wm.l(scanf2.o)
    0x08004e1e   0x08004e1e   0x00000030   Code   RO          668    x$fpl$trapveneer    fz_wm.l(trapv.o)
    0x08004e4e   0x08004e4e   0x00000000   Code   RO          500    x$fpl$usenofp       fz_wm.l(usenofp.o)
    0x08004e4e   0x08004e4e   0x00000002   PAD
    0x08004e50   0x08004e50   0x00000008   Data   RO          225    .constdata          c_w.l(_printf_wctomb.o)
    0x08004e58   0x08004e58   0x00000028   Data   RO          254    .constdata          c_w.l(_printf_hex_int_ll_ptr.o)
    0x08004e80   0x08004e80   0x00000011   Data   RO          274    .constdata          c_w.l(__printf_flags_ss_wp.o)
    0x08004e91   0x08004e91   0x00000026   Data   RO          398    .constdata          c_w.l(_printf_fp_hex.o)
    0x08004eb7   0x08004eb7   0x00000001   PAD
    0x08004eb8   0x08004eb8   0x00000094   Data   RO          444    .constdata          c_w.l(bigflt0.o)
    0x08004f4c   0x08004f4c   0x000001e5   Data   RO           40    .rodata.str1.1      main.o
    0x08005131   0x08005131   0x00000009   Data   RO          157    .rodata.str1.1      i2c.o
    0x0800513a   0x0800513a   0x00000002   PAD
    0x0800513c   0x0800513c   0x00000020   Data   RO          671    Region$$Table       anon$$obj.o
    0x0800515c   0x0800515c   0x00000008   Data   RO          488    c$$dinf             fz_wm.l(fpconst.o)
    0x08005164   0x08005164   0x00000008   Data   RO          491    c$$dmax             fz_wm.l(fpconst.o)
    0x0800516c   0x0800516c   0x0000001c   Data   RO          473    locale$$data        c_w.l(lc_numeric_c.o)
    0x08005188   0x08005188   0x00000110   Data   RO          530    locale$$data        c_w.l(lc_ctype_c.o)


    Execution Region ER_RW (Exec base: 0x20000000, Load base: 0x08005298, Size: 0x00000020, Max: 0xffffffff, ABSOLUTE)

    Exec Addr    Load Addr    Size         Type   Attr      Idx    E Section Name        Object

    0x20000000   0x08005298   0x00000002   Data   RW           46    .data.GREEN_EW      main.o
    0x20000002   0x0800529a   0x00000002   Data   RW           44    .data.GREEN_NS      main.o
    0x20000004   0x0800529c   0x00000002   Data   RW           45    .data.RED_EW        main.o
    0x20000006   0x0800529e   0x00000002   Data   RW           43    .data.RED_NS        main.o
    0x20000008   0x080052a0   0x00000002   Data   RW           57    .data.TRAFFIC_EW    main.o
    0x2000000a   0x080052a2   0x00000002   Data   RW           56    .data.TRAFFIC_NS    main.o
    0x2000000c   0x080052a4   0x00000002   Data   RW           37    .data.g_delayEW     main.o
    0x2000000e   0x080052a6   0x00000002   Data   RW           34    .data.g_delayNS     main.o
    0x20000010   0x080052a8   0x00000002   Data   RW           39    .data.r_delayEW     main.o
    0x20000012   0x080052aa   0x00000002   Data   RW           36    .data.r_delayNS     main.o
    0x20000014   0x080052ac   0x00000002   Data   RW           42    .data.report_interval  main.o
    0x20000016   0x080052ae   0x00000002   Data   RW           58    .data.runningNS     main.o
    0x20000018   0x080052b0   0x00000002   Data   RW           52    .data.runningTime   main.o
    0x2000001a   0x080052b2   0x00000002   Data   RW           38    .data.y_delayEW     main.o
    0x2000001c   0x080052b4   0x00000002   Data   RW           35    .data.y_delayNS     main.o


    Execution Region ER_ZI (Exec base: 0x20000020, Load base: 0x080052b8, Size: 0x00000a18, Max: 0xffffffff, ABSOLUTE)

    Exec Addr    Load Addr    Size         Type   Attr      Idx    E Section Name        Object

    0x20000020        -       0x000000e4   Zero   RW          196    .bss                c_w.l(rand.o)
    0x20000104        -       0x00000060   Zero   RW          516    .bss                c_w.l(libspace.o)
    0x20000164        -       0x00000002   Zero   RW           55    .bss.balanced       main.o
    0x20000166        -       0x00000002   Zero   RW           41    .bss.extraTime      main.o
    0x20000168        -       0x00000004   Zero   RW           47    .bss.global_time    main.o
    0x2000016c        -       0x00000064   Zero   RW           49    .bss.input_buff     main.o
    0x200001d0        -       0x00000004   Zero   RW           98    .bss.msTicks        sys_init.o
    0x200001d4        -       0x00000001   Zero   RW           50    .bss.rcv_ptr        main.o
    0x200001d5   0x080052b8   0x00000003   PAD
    0x200001d8        -       0x00000004   Zero   RW           51    .bss.rcv_str        main.o
    0x200001dc        -       0x00000258   Zero   RW           48    .bss.status         main.o
    0x20000434        -       0x00000002   Zero   RW           54    .bss.trafficEW      main.o
    0x20000436        -       0x00000002   Zero   RW           53    .bss.trafficNS      main.o
    0x20000438        -       0x00000200   Zero   RW          166    HEAP                startup_stm32f446xx.o
    0x20000638        -       0x00000400   Zero   RW          165    STACK               startup_stm32f446xx.o


==============================================================================

Image component sizes


      Code (inc. data)   RO Data    RW Data    ZI Data      Debug   Object Name

       214          0          0          0          0       1792   clock.o
       352          0          0          0          0       2690   gpio.o
      1008          0          9          0          0       6471   i2c.o
      2794          0        485         30        717       7500   main.o
        64         26        452          0       1536        908   startup_stm32f446xx.o
       180          0          0          0          4       4673   sys_init.o
        18          0          0          0          0       2753   system_stm32f4xx.o
       434          0          0          0          0       7061   usart.o

    ----------------------------------------------------------------------
      5094         26        980         32       2260      33848   Object Totals
         0          0         32          0          0          0   (incl. Generated)
        30          0          2          2          3          0   (incl. Padding)

    ----------------------------------------------------------------------

      Code (inc. data)   RO Data    RW Data    ZI Data      Debug   Library Member Name

         8          0          0          0          0         68   __main.o
       392          4         17          0          0         92   __printf_flags_ss_wp.o
        14          0          0          0          0         68   __printf_wp.o
         0          0          0          0          0          0   __rtentry.o
        12          0          0          0          0          0   __rtentry2.o
         6          0          0          0          0          0   __rtentry4.o
        52          8          0          0          0          0   __scatter.o
        26          0          0          0          0          0   __scatter_copy.o
        28          0          0          0          0          0   __scatter_zi.o
        72          0          0          0          0         96   _c16rtomb.o
        28          0          0          0          0         68   _chval.o
        64          0          0          0          0         84   _mbrtoc16.o
         6          0          0          0          0          0   _printf_a.o
         6          0          0          0          0          0   _printf_c.o
        44          0          0          0          0        108   _printf_char.o
        48          6          0          0          0         96   _printf_char_common.o
        40          0          0          0          0         68   _printf_charcount.o
         6          0          0          0          0          0   _printf_d.o
       120         16          0          0          0         92   _printf_dec.o
         6          0          0          0          0          0   _printf_e.o
         6          0          0          0          0          0   _printf_f.o
      1052          0          0          0          0        148   _printf_fp_dec.o
       764          8         38          0          0        100   _printf_fp_hex.o
       128         16          0          0          0         84   _printf_fp_infnan.o
         6          0          0          0          0          0   _printf_g.o
       148          4         40          0          0        160   _printf_hex_int_ll_ptr.o
         6          0          0          0          0          0   _printf_i.o
       178          0          0          0          0         88   _printf_intcommon.o
        10          0          0          0          0          0   _printf_l.o
         6          0          0          0          0          0   _printf_lc.o
        10          0          0          0          0          0   _printf_ll.o
         6          0          0          0          0          0   _printf_lld.o
         6          0          0          0          0          0   _printf_lli.o
         6          0          0          0          0          0   _printf_llo.o
         6          0          0          0          0          0   _printf_llu.o
         6          0          0          0          0          0   _printf_llx.o
       124         16          0          0          0         92   _printf_longlong_dec.o
         6          0          0          0          0          0   _printf_ls.o
         6          0          0          0          0          0   _printf_n.o
         6          0          0          0          0          0   _printf_o.o
       112          8          0          0          0        124   _printf_oct_int_ll.o
         6          0          0          0          0          0   _printf_p.o
        78          0          0          0          0        108   _printf_pad.o
         0          0          0          0          0          0   _printf_percent.o
         4          0          0          0          0          0   _printf_percent_end.o
         6          0          0          0          0          0   _printf_s.o
        82          0          0          0          0         80   _printf_str.o
        36          0          0          0          0         84   _printf_truncate.o
         6          0          0          0          0          0   _printf_u.o
        44          0          0          0          0        108   _printf_wchar.o
       188          6          8          0          0         92   _printf_wctomb.o
         6          0          0          0          0          0   _printf_x.o
        22          0          0          0          0        100   _rserrno.o
       884          6          0          0          0        100   _scanf.o
       332          0          0          0          0         96   _scanf_int.o
       342          0          0          0          0        100   _scanf_longlong.o
       276          0          0          0          0        100   _scanf_mbtowc.o
       224          0          0          0          0         96   _scanf_str.o
        30          0          0          0          0         76   _scanf_wcharmap.o
       232          0          0          0          0        100   _scanf_wctomb.o
       208          0          0          0          0         96   _scanf_wstr.o
        64          0          0          0          0         84   _sgetc.o
        10          0          0          0          0         68   _sputc.o
       228          4        148          0          0         96   bigflt0.o
      2152        136          0          0          0        956   btod.o
        18          0          0          0          0         80   exit.o
         6          0          0          0          0        152   heapauxi.o
         0          0          0          0          0          0   indicate_semi.o
        18          0          0          0          0         76   isspace.o
        44         10        272          0          0         76   lc_ctype_c.o
        44         10         28          0          0         76   lc_numeric_c.o
         2          0          0          0          0          0   libinit.o
        38          0          0          0          0          0   libinit2.o
         2          0          0          0          0          0   libshutdown.o
         2          0          0          0          0          0   libshutdown2.o
         8          4          0          0         96         68   libspace.o
        38          0          0          0          0         68   llshl.o
       138          0          0          0          0         80   lludiv10.o
       112         18          0          0        228        160   rand.o
        16          4          0          0          0         76   rt_ctype_table.o
         8          4          0          0          0         68   rt_errno_addr_intlibspace.o
         8          4          0          0          0         68   rt_locale_intlibspace.o
         2          0          0          0          0          0   rtexit.o
        10          0          0          0          0          0   rtexit2.o
        44          8          0          0          0         84   scanf_char.o
      1272         16          0          0          0        168   scanf_fp.o
       800         14          0          0          0        100   scanf_hexfp.o
       308         16          0          0          0        100   scanf_infnan.o
        44          6          0          0          0         84   sprintf.o
        60          8          0          0          0         84   sscanf.o
       124          0          0          0          0         88   strcmpv7em.o
        72          0          0          0          0         80   strcpy.o
        62          0          0          0          0         76   strlen.o
        12          4          0          0          0         68   sys_exit.o
        74          0          0          0          0         80   sys_stackheap_outer.o
         2          0          0          0          0         68   use_no_semi.o
        98          4          0          0          0        140   d2f.o
        16          4          0          0          0        116   dcheck1.o
        24          0          0          0          0        116   dcmpi.o
       120          4          0          0          0        140   deqf.o
       120          4          0          0          0        140   dleqf.o
       340         12          0          0          0        152   dmul.o
       156          4          0          0          0        140   dnaninf.o
        12          0          0          0          0        116   dretinf.o
       108          0          0          0          0        128   drleqf.o
         0          0         16          0          0          0   fpconst.o
        26          0          0          0          0        116   fpinit.o
        10          0          0          0          0        116   fretinf.o
         6          0          0          0          0        116   istatus.o
         4          0          0          0          0        116   printf1.o
         4          0          0          0          0        116   printf2.o
       100          0          0          0          0        116   retnan.o
        92          0          0          0          0        116   scalbn.o
         4          0          0          0          0        116   scanf1.o
         8          0          0          0          0        132   scanf2.o
        48          0          0          0          0        116   trapv.o
         0          0          0          0          0          0   usenofp.o
        64         16          0          0          0        248   dunder.o
        48          0          0          0          0        124   fpclassify.o
       140         22          0          0          0        132   frexp.o
       228          8          0          0          0        308   ldexp.o
       266         16          0          0          0        308   narrow.o

    ----------------------------------------------------------------------
     14502        462        568          0        324       9788   Library Totals
        36          4          1          0          0          0   (incl. Padding)

    ----------------------------------------------------------------------

      Code (inc. data)   RO Data    RW Data    ZI Data      Debug   Library Name

     12424        364        551          0        324       6304   c_w.l
      1296         32         16          0          0       2364   fz_wm.l
       746         62          0          0          0       1120   m_wm.l

    ----------------------------------------------------------------------
     14502        462        568          0        324       9788   Library Totals

    ----------------------------------------------------------------------

==============================================================================


      Code (inc. data)   RO Data    RW Data    ZI Data      Debug   

     19596        488       1548         32       2584      37584   Grand Totals
     19596        488       1548         32       2584      37584   ELF Image Totals
     19596        488       1548         32          0          0   ROM Totals

==============================================================================

    Total RO  Size (Code + RO Data)                21144 (  20.65kB)
    Total RW  Size (RW Data + ZI Data)              2616 (   2.55kB)
    Total ROM Size (Code + RO Data + RW Data)      21176 (  20.68kB)

==============================================================================

